<html>
<body>
<pre>
<h1>µVision Build Log</h1>
<h2>Tool Versions:</h2>
IDE-Version: µVision V5.38.0.0
Copyright (C) 2022 ARM Ltd and ARM Germany GmbH. All rights reserved.
License Information: Alperen K, Personal, LIC=X96CK-ZMGV8-IIJ5V-P3Q2F-CILFC-865JR
 
Tool Versions:
Toolchain:       MDK-ARM Plus  Version: 5.38.0.0
Toolchain Path:  C:\Keil_v5\ARM\ARMCC\Bin
C Compiler:      Armcc.exe V5.06 update 7 (build 960)
Assembler:       Armasm.exe V5.06 update 7 (build 960)
Linker/Locator:  ArmLink.exe V5.06 update 7 (build 960)
Library Manager: ArmAr.exe V5.06 update 7 (build 960)
Hex Converter:   FromElf.exe V5.06 update 7 (build 960)
CPU DLL:         SARMCM3.DLL V5.38.0.0
Dialog DLL:      DCM.DLL V1.17.5.0
Target DLL:      NULink\Nu_Link.dll V3.09
Dialog DLL:      TCM.DLL V1.56.4.0
 
<h2>Project:</h2>
C:\Users\user\Documents\Github\RadiolinkAT9C\Software\AT9C-FreeRTOS\AT9C-FreeRTOS.uvprojx
Project File Date:  04/10/2024

<h2>Output:</h2>
*** Using Compiler 'V5.06 update 7 (build 960)', folder: 'C:\Keil_v5\ARM\ARMCC\Bin'
Build target 'M483KIDAE'
compiling main.c...
linking...
Program Size: Code=36052 RO-data=55292 RW-data=688 ZI-data=85592  
".\Objects\AT9C-FreeRTOS.axf" - 0 Error(s), 0 Warning(s).

<h2>Software Packages used:</h2>

Package Vendor: ARM
                http://www.keil.com/pack/ARM.CMSIS.5.9.0.pack
                ARM.CMSIS.5.9.0
                CMSIS (Common Microcontroller Software Interface Standard)
   * Component: CORE Version: 5.6.0

Package Vendor: Nuvoton
                https://github.com/OpenNuvoton/cmsis-packs/raw/master/Nuvoton_DFP/Nuvoton.NuMicro_DFP.1.3.22.pack
                Nuvoton.NuMicro_DFP.1.3.22
                Nuvoton ARM Cortex-M NuMicro Family Device Support
   * Component: Startup Version: 0.00.001

<h2>Collection of Component include folders:</h2>
  ./RTE/_M483KIDAE
  C:/Users/user/AppData/Local/Arm/Packs/ARM/CMSIS/5.9.0/CMSIS/Core/Include
  C:/Users/user/AppData/Local/Arm/Packs/Nuvoton/NuMicro_DFP/1.3.22/Device/M480/Include
  C:/Users/user/AppData/Local/Arm/Packs/Nuvoton/NuMicro_DFP/1.3.22/Device/M480/StdDriver/inc

<h2>Collection of Component Files used:</h2>

   * Component: ARM::CMSIS:CORE:5.6.0

   * Component: Nuvoton::Device:Startup:0.00.001
      Source file:   Device/M480/Source/ARM/startup_M480.s
      Source file:   Device/M480/Source/system_M480.c
      Source file:   Device/M480/StdDriver/src/retarget.c
      Include file:  Device/M480/Include/M480.h
Build Time Elapsed:  00:00:02
</pre>
</body>
</html>
