Component: ARM Compiler 5.06 update 7 (build 960) Tool: armlink [4d3601]

==============================================================================

Section Cross References

    main.o(i.EPWM0_Init) refers to epwm.o(i.EPWM_EnableADCTrigger) for EPWM_EnableADCTrigger
    main.o(i.EPWM0_Init) refers to epwm.o(i.EPWM_EnableOutput) for EPWM_EnableOutput
    main.o(i.GPIO_Init) refers to gpio.o(i.GPIO_SetMode) for GPIO_SetMode
    main.o(i.QEI0_Init) refers to qei.o(i.QEI_Open) for QEI_Open
    main.o(i.QEI0_Init) refers to qei.o(i.QEI_Start) for QEI_Start
    main.o(i.QEI0_Init_Index) refers to qei.o(i.QEI_Open) for QEI_Open
    main.o(i.QEI0_Init_Index) refers to qei.o(i.QEI_Start) for QEI_Start
    main.o(i.SPI_Init) refers to spi.o(i.SPI_Open) for SPI_Open
    main.o(i.SPI_Init) refers to spi.o(i.SPI_DisableAutoSS) for SPI_DisableAutoSS
    main.o(i.SYS_Init) refers to clk.o(i.CLK_EnableXtalRC) for CLK_EnableXtalRC
    main.o(i.SYS_Init) refers to clk.o(i.CLK_WaitClockReady) for CLK_WaitClockReady
    main.o(i.SYS_Init) refers to clk.o(i.CLK_SetHCLK) for CLK_SetHCLK
    main.o(i.SYS_Init) refers to clk.o(i.CLK_SetCoreClock) for CLK_SetCoreClock
    main.o(i.SYS_Init) refers to clk.o(i.CLK_EnableModuleClock) for CLK_EnableModuleClock
    main.o(i.SYS_Init) refers to sys.o(i.SYS_ResetModule) for SYS_ResetModule
    main.o(i.SYS_Init) refers to clk.o(i.CLK_SetModuleClock) for CLK_SetModuleClock
    main.o(i.SYS_Init) refers to system_m480.o(i.SystemCoreClockUpdate) for SystemCoreClockUpdate
    main.o(i.SYS_Init) refers to gpio.o(i.GPIO_SetSlewCtl) for GPIO_SetSlewCtl
    main.o(i.TIMER1_Init) refers to timer.o(i.TIMER_Open) for TIMER_Open
    main.o(i.TMR1_IRQHandler) refers to memory_lcd.o(i.extcom_toggle) for extcom_toggle
    main.o(i.TMR1_IRQHandler) refers to delay.o(.data) for usec
    main.o(i.TMR1_IRQHandler) refers to main.o(.data) for .data
    main.o(i.UART0_Init) refers to sys.o(i.SYS_ResetModule) for SYS_ResetModule
    main.o(i.UART0_Init) refers to uart.o(i.UART_Open) for UART_Open
    main.o(i.main) refers to main.o(i.SYS_Init) for SYS_Init
    main.o(i.main) refers to main.o(i.UART0_Init) for UART0_Init
    main.o(i.main) refers to main.o(i.TIMER0_Init) for TIMER0_Init
    main.o(i.main) refers to main.o(i.TIMER1_Init) for TIMER1_Init
    main.o(i.main) refers to main.o(i.SPI_Init) for SPI_Init
    main.o(i.main) refers to main.o(i.QEI0_Init_Index) for QEI0_Init_Index
    main.o(i.main) refers to main.o(i.GPIO_Init) for GPIO_Init
    main.o(i.main) refers to crsf.o(i.CRSF_Begin) for CRSF_Begin
    main.o(i.main) refers to printfa.o(i.__0printf) for __2printf
    main.o(i.main) refers to eeprom.o(i.setDataFlashBase) for setDataFlashBase
    main.o(i.main) refers to eeprom.o(i.TableReadToFlash) for TableReadToFlash
    main.o(i.main) refers to tasks.o(i.xTaskCreate) for xTaskCreate
    main.o(i.main) refers to tasks.o(i.vTaskStartScheduler) for vTaskStartScheduler
    main.o(i.main) refers to main.o(.constdata) for .constdata
    main.o(i.main) refers to system_m480.o(.data) for SystemCoreClock
    main.o(i.main) refers to eeprom.o(.bss) for myTableParams
    main.o(i.main) refers to main.o(i.vCheckTask) for vCheckTask
    main.o(i.main) refers to main.o(i.vLcdTask) for vLcdTask
    main.o(i.vCheckTask) refers to inputs.o(i.Get_ADC) for Get_ADC
    main.o(i.vCheckTask) refers to inputs.o(i.gpioMixer) for gpioMixer
    main.o(i.vCheckTask) refers to crsf.o(i.CRSF_Update) for CRSF_Update
    main.o(i.vCheckTask) refers to crsf.o(i.serialEvent) for serialEvent
    main.o(i.vLcdTask) refers to gui.o(i.GUI_Init) for GUI_Init
    main.o(i.vLcdTask) refers to gui.o(i.GUI_Update) for GUI_Update
    queue.o(i.pcQueueGetName) refers to queue.o(.bss) for .bss
    queue.o(i.prvCopyDataFromQueue) refers to memcpya.o(.text) for __aeabi_memcpy
    queue.o(i.prvCopyDataToQueue) refers to memcpya.o(.text) for __aeabi_memcpy
    queue.o(i.prvCopyDataToQueue) refers to tasks.o(i.xTaskPriorityDisinherit) for xTaskPriorityDisinherit
    queue.o(i.prvIsQueueEmpty) refers to port.o(i.vPortEnterCritical) for vPortEnterCritical
    queue.o(i.prvIsQueueEmpty) refers to port.o(i.vPortExitCritical) for vPortExitCritical
    queue.o(i.prvNotifyQueueSetContainer) refers to queue.o(i.prvCopyDataToQueue) for prvCopyDataToQueue
    queue.o(i.prvNotifyQueueSetContainer) refers to tasks.o(i.xTaskRemoveFromEventList) for xTaskRemoveFromEventList
    queue.o(i.prvUnlockQueue) refers to port.o(i.vPortEnterCritical) for vPortEnterCritical
    queue.o(i.prvUnlockQueue) refers to queue.o(i.prvNotifyQueueSetContainer) for prvNotifyQueueSetContainer
    queue.o(i.prvUnlockQueue) refers to tasks.o(i.xTaskRemoveFromEventList) for xTaskRemoveFromEventList
    queue.o(i.prvUnlockQueue) refers to tasks.o(i.vTaskMissedYield) for vTaskMissedYield
    queue.o(i.prvUnlockQueue) refers to port.o(i.vPortExitCritical) for vPortExitCritical
    queue.o(i.uxQueueMessagesWaiting) refers to port.o(i.vPortEnterCritical) for vPortEnterCritical
[...]
    0x000034c4   0x000034c4   0x00000010   Code   RO         4425    i.GFXDisplayUpdate  memory_lcd.o
    0x000034d4   0x000034d4   0x000000ac   Code   RO         4426    i.GFXDisplayUpdateBlock  memory_lcd.o
    0x00003580   0x00003580   0x0000016c   Code   RO            5    i.GPIO_Init         main.o
    0x000036ec   0x000036ec   0x0000002c   Code   RO         2773    i.GPIO_SetMode      gpio.o
    0x00003718   0x00003718   0x0000002c   Code   RO         2775    i.GPIO_SetSlewCtl   gpio.o
    0x00003744   0x00003744   0x00000074   Code   RO         5478    i.GUI_Init          gui.o
    0x000037b8   0x000037b8   0x0000015c   Code   RO         5479    i.GUI_Update        gui.o
    0x00003914   0x00003914   0x00000038   Code   RO         4796    i.GetCharInfo       bfcfontmgr.o
    0x0000394c   0x0000394c   0x0000003c   Code   RO         4797    i.GetFontBpp        bfcfontmgr.o
    0x00003988   0x00003988   0x00000006   Code   RO         4799    i.GetFontEndian     bfcfontmgr.o
    0x0000398e   0x0000398e   0x00000002   PAD
    0x00003990   0x00003990   0x000000bc   Code   RO         4618    i.GetSW             inputs.o
    0x00003a4c   0x00003a4c   0x00000178   Code   RO         4619    i.Get_ADC           inputs.o
    0x00003bc4   0x00003bc4   0x00000028   Code   RO         6285    i.Hard_Fault_Handler  retarget.o
    0x00003bec   0x00003bec   0x00000016   Code   RO         4621    i.NVIC_EnableIRQ    inputs.o
    0x00003c02   0x00003c02   0x00000002   PAD
    0x00003c04   0x00003c04   0x00000044   Code   RO         5404    i.PDMA_IRQHandler   sound.o
    0x00003c48   0x00003c48   0x00000016   Code   RO         3097    i.PDMA_SetBurstType  pdma.o
    0x00003c5e   0x00003c5e   0x00000020   Code   RO         3101    i.PDMA_SetTransferAddr  pdma.o
    0x00003c7e   0x00003c7e   0x00000002   PAD
    0x00003c80   0x00003c80   0x00000024   Code   RO         3102    i.PDMA_SetTransferCnt  pdma.o
    0x00003ca4   0x00003ca4   0x00000140   Code   RO         3103    i.PDMA_SetTransferMode  pdma.o
    0x00003de4   0x00003de4   0x00000040   Code   RO         4082    i.ParamsLoaded      crsf.o
    0x00003e24   0x00003e24   0x00000030   Code   RO            7    i.QEI0_Init_Index   main.o
    0x00003e54   0x00003e54   0x00000016   Code   RO         3957    i.QEI_Open          qei.o
    0x00003e6a   0x00003e6a   0x0000000a   Code   RO         3958    i.QEI_Start         qei.o
    0x00003e74   0x00003e74   0x0000000a   Code   RO         3959    i.QEI_Stop          qei.o
    0x00003e7e   0x00003e7e   0x00000002   PAD
    0x00003e80   0x00003e80   0x0000005c   Code   RO         5406    i.RetriggerPDMA     sound.o
    0x00003edc   0x00003edc   0x00000004   Code   RO         4714    i.RingBuffer_Begin  ring_buffer.o
    0x00003ee0   0x00003ee0   0x00000014   Code   RO         4715    i.RingBuffer_available  ring_buffer.o
    0x00003ef4   0x00003ef4   0x00000020   Code   RO         4717    i.RingBuffer_flush  ring_buffer.o
    0x00003f14   0x00003f14   0x0000000c   Code   RO         4719    i.RingBuffer_read   ring_buffer.o
    0x00003f20   0x00003f20   0x00000150   Code   RO         5277    i.SDH0_IRQHandler   sdcard.o
    0x00004070   0x00004070   0x00000048   Code   RO         3377    i.SDH_CheckRB       sdh.o
    0x000040b8   0x000040b8   0x000001c0   Code   RO         3382    i.SDH_Read          sdh.o
    0x00004278   0x00004278   0x000000c4   Code   RO         3383    i.SDH_SDCmdAndRsp   sdh.o
    0x0000433c   0x0000433c   0x00000050   Code   RO         3386    i.SDH_SDCommand     sdh.o
    0x0000438c   0x0000438c   0x000001bc   Code   RO         3391    i.SDH_Write         sdh.o
    0x00004548   0x00004548   0x0000000a   Code   RO         3520    i.SPI_DisableAutoSS  spi.o
    0x00004552   0x00004552   0x00000002   PAD
    0x00004554   0x00004554   0x00000034   Code   RO            8    i.SPI_Init          main.o
    0x00004588   0x00004588   0x00000214   Code   RO         3527    i.SPI_Open          spi.o
    0x0000479c   0x0000479c   0x00000244   Code   RO            9    i.SYS_Init          main.o
    0x000049e0   0x000049e0   0x0000001c   Code   RO         1717    i.SYS_ResetModule   sys.o
    0x000049fc   0x000049fc   0x00000022   Code   RO         4354    i.SYS_UnlockReg     eeprom.o
    0x00004a1e   0x00004a1e   0x00000002   PAD
    0x00004a20   0x00004a20   0x00000020   Code   RO         6287    i.SendChar          retarget.o
    0x00004a40   0x00004a40   0x0000002c   Code   RO         1396    i.SysTick_Handler   port.o
    0x00004a6c   0x00004a6c   0x00000048   Code   RO         6373    i.SystemCoreClockUpdate  system_m480.o
    0x00004ab4   0x00004ab4   0x00000078   Code   RO         6374    i.SystemInit        system_m480.o
    0x00004b2c   0x00004b2c   0x0000001c   Code   RO           10    i.TIMER0_Init       main.o
    0x00004b48   0x00004b48   0x00000038   Code   RO           11    i.TIMER1_Init       main.o
    0x00004b80   0x00004b80   0x00000078   Code   RO         3669    i.TIMER_GetModuleClock  timer.o
    0x00004bf8   0x00004bf8   0x00000036   Code   RO         3670    i.TIMER_Open        timer.o
    0x00004c2e   0x00004c2e   0x00000002   PAD
    0x00004c30   0x00004c30   0x00000044   Code   RO           12    i.TMR1_IRQHandler   main.o
    0x00004c74   0x00004c74   0x00000048   Code   RO         4355    i.TableReadToFlash  eeprom.o
    0x00004cbc   0x00004cbc   0x00000020   Code   RO           13    i.UART0_Init        main.o
    0x00004cdc   0x00004cdc   0x00000034   Code   RO         4083    i.UART1_IRQHandler  crsf.o
    0x00004d10   0x00004d10   0x00000008   Code   RO         1807    i.UART_EnableInt    uart.o
    0x00004d18   0x00004d18   0x00000164   Code   RO         1808    i.UART_Open         uart.o
    0x00004e7c   0x00004e7c   0x0000002e   Code   RO         1815    i.UART_Write        uart.o
    0x00004eaa   0x00004eaa   0x00000002   PAD
    0x00004eac   0x00004eac   0x00000020   Code   RO         6666    i.__0printf         mc_w.l(printfa.o)
    0x00004ecc   0x00004ecc   0x00000028   Code   RO         6668    i.__0sprintf        mc_w.l(printfa.o)
    0x00004ef4   0x00004ef4   0x00000026   Code   RO         4721    i.__pop             ring_buffer.o
    0x00004f1a   0x00004f1a   0x0000001c   Code   RO         4722    i.__push            ring_buffer.o
    0x00004f36   0x00004f36   0x0000000e   Code   RO         6771    i.__scatterload_copy  mc_w.l(handlers.o)
    0x00004f44   0x00004f44   0x00000002   Code   RO         6772    i.__scatterload_null  mc_w.l(handlers.o)
    0x00004f46   0x00004f46   0x0000000e   Code   RO         6773    i.__scatterload_zeroinit  mc_w.l(handlers.o)
    0x00004f54   0x00004f54   0x00000184   Code   RO         6673    i._fp_digits        mc_w.l(printfa.o)
    0x000050d8   0x000050d8   0x000006b4   Code   RO         6674    i._printf_core      mc_w.l(printfa.o)
    0x0000578c   0x0000578c   0x00000024   Code   RO         6675    i._printf_post_padding  mc_w.l(printfa.o)
    0x000057b0   0x000057b0   0x0000002e   Code   RO         6676    i._printf_pre_padding  mc_w.l(printfa.o)
    0x000057de   0x000057de   0x0000000a   Code   RO         6678    i._sputc            mc_w.l(printfa.o)
    0x000057e8   0x000057e8   0x00000038   Code   RO         4084    i.add_device        crsf.o
    0x00005820   0x00005820   0x000000c8   Code   RO         4427    i.bfc_DrawChar_RowRowUnpacked  memory_lcd.o
    0x000058e8   0x000058e8   0x0000006c   Code   RO         4899    i.check_fs          ff.o
    0x00005954   0x00005954   0x000000a0   Code   RO         4085    i.check_link_state  crsf.o
    0x000059f4   0x000059f4   0x00000010   Code   RO         4900    i.chk_chr           ff.o
    0x00005a04   0x00005a04   0x00000018   Code   RO         4901    i.clst2sect         ff.o
    0x00005a1c   0x00005a1c   0x00000080   Code   RO         4902    i.cmp_lfn           ff.o
    0x00005a9c   0x00005a9c   0x00000010   Code   RO         4024    i.constrain         common.o
    0x00005aac   0x00005aac   0x000000da   Code   RO         4903    i.create_chain      ff.o
    0x00005b86   0x00005b86   0x00000002   PAD
    0x00005b88   0x00005b88   0x00000288   Code   RO         4904    i.create_name       ff.o
    0x00005e10   0x00005e10   0x0000001e   Code   RO         4086    i.crsf_crc          crsf.o
    0x00005e2e   0x00005e2e   0x00000002   PAD
    0x00005e30   0x00005e30   0x00000010   Code   RO         4087    i.crsf_crc8         crsf.o
    0x00005e40   0x00005e40   0x00000008   Code   RO         4905    i.dbc_1st           ff.o
    0x00005e48   0x00005e48   0x0000005a   Code   RO         4906    i.dir_clear         ff.o
    0x00005ea2   0x00005ea2   0x000000be   Code   RO         4907    i.dir_find          ff.o
    0x00005f60   0x00005f60   0x000000ac   Code   RO         4908    i.dir_next          ff.o
    0x0000600c   0x0000600c   0x000000b6   Code   RO         4909    i.dir_read          ff.o
    0x000060c2   0x000060c2   0x00000082   Code   RO         4912    i.dir_sdi           ff.o
    0x00006144   0x00006144   0x00000024   Code   RO         4847    i.disk_initialize   diskio.o
    0x00006168   0x00006168   0x000000ac   Code   RO         4849    i.disk_read         diskio.o
    0x00006214   0x00006214   0x00000024   Code   RO         4850    i.disk_status       diskio.o
    0x00006238   0x00006238   0x000000f4   Code   RO         4851    i.disk_write        diskio.o
    0x0000632c   0x0000632c   0x00000018   Code   RO         4090    i.duplex_set_TX     crsf.o
    0x00006344   0x00006344   0x00000024   Code   RO         4430    i.extcom_toggle     memory_lcd.o
    0x00006368   0x00006368   0x00000014   Code   RO         4917    i.f_closedir        ff.o
    0x0000637c   0x0000637c   0x00000048   Code   RO         4923    i.f_mount           ff.o
    0x000063c4   0x000063c4   0x00000062   Code   RO         4925    i.f_opendir         ff.o
    0x00006426   0x00006426   0x00000040   Code   RO         4927    i.f_readdir         ff.o
    0x00006466   0x00006466   0x00000002   PAD
    0x00006468   0x00006468   0x00000030   Code   RO         5245    i.ff_oem2uni        ffunicode.o
    0x00006498   0x00006498   0x0000003c   Code   RO         5246    i.ff_uni2oem        ffunicode.o
    0x000064d4   0x000064d4   0x00000088   Code   RO         5247    i.ff_wtoupper       ffunicode.o
    0x0000655c   0x0000655c   0x0000005a   Code   RO         4431    i.find_char_by_code  memory_lcd.o
    0x000065b6   0x000065b6   0x00000002   PAD
    0x000065b8   0x000065b8   0x00000268   Code   RO         4935    i.find_volume       ff.o
    0x00006820   0x00006820   0x00000094   Code   RO         4936    i.follow_path       ff.o
    0x000068b4   0x000068b4   0x0000000c   Code   RO         6291    i.fputc             retarget.o
    0x000068c0   0x000068c0   0x00000050   Code   RO         6694    i.free              mc_w.l(malloc.o)
    0x00006910   0x00006910   0x00000038   Code   RO         4091    i.getCrossfireTelemetryValue  crsf.o
    0x00006948   0x00006948   0x000000be   Code   RO         4939    i.get_fat           ff.o
    0x00006a06   0x00006a06   0x00000154   Code   RO         4940    i.get_fileinfo      ff.o
    0x00006b5a   0x00006b5a   0x00000002   PAD
    0x00006b5c   0x00006b5c   0x00000044   Code   RO         4941    i.get_ldnumber      ff.o
    0x00006ba0   0x00006ba0   0x00000030   Code   RO         4092    i.get_update_interval  crsf.o
    0x00006bd0   0x00006bd0   0x00000050   Code   RO         4624    i.gpioMixer         inputs.o
    0x00006c20   0x00006c20   0x00000026   Code   RO         4942    i.ld_clust          ff.o
    0x00006c46   0x00006c46   0x00000016   Code   RO         4943    i.ld_dword          ff.o
    0x00006c5c   0x00006c5c   0x0000000a   Code   RO         4944    i.ld_word           ff.o
    0x00006c66   0x00006c66   0x00000002   PAD
    0x00006c68   0x00006c68   0x00000188   Code   RO           14    i.main              main.o
    0x00006df0   0x00006df0   0x0000006c   Code   RO         6695    i.malloc            mc_w.l(malloc.o)
    0x00006e5c   0x00006e5c   0x00000014   Code   RO         4025    i.map               common.o
    0x00006e70   0x00006e70   0x00000042   Code   RO         4026    i.mapJoystickCRSFValues  common.o
    0x00006eb2   0x00006eb2   0x00000044   Code   RO         4027    i.mapJoystickValues  common.o
    0x00006ef6   0x00006ef6   0x00000002   PAD
    0x00006ef8   0x00006ef8   0x0000001a   Code   RO         4945    i.mem_cmp           ff.o
    0x00006f12   0x00006f12   0x00000002   PAD
    0x00006f14   0x00006f14   0x0000000e   Code   RO         4947    i.mem_set           ff.o
    0x00006f22   0x00006f22   0x00000002   PAD
    0x00006f24   0x00006f24   0x0000000c   Code   RO         4304    i.micros            delay.o
    0x00006f30   0x00006f30   0x00000014   Code   RO         4305    i.millis            delay.o
    0x00006f44   0x00006f44   0x00000032   Code   RO         4948    i.move_window       ff.o
    0x00006f76   0x00006f76   0x0000004a   Code   RO         4093    i.parse_bytes       crsf.o
    0x00006fc0   0x00006fc0   0x000000c0   Code   RO         4094    i.parse_device      crsf.o
    0x00007080   0x00007080   0x00000078   Code   RO         4095    i.parse_elrs_info   crsf.o
    0x000070f8   0x000070f8   0x0000028c   Code   RO         4096    i.parse_param       crsf.o
    0x00007384   0x00007384   0x00000012   Code   RO         4097    i.parse_u32         crsf.o
    0x00007396   0x00007396   0x00000002   PAD
    0x00007398   0x00007398   0x00000074   Code   RO         4950    i.pick_lfn          ff.o
    0x0000740c   0x0000740c   0x00000070   Code   RO          854    i.prvAddCurrentTaskToDelayedList  tasks.o
    0x0000747c   0x0000747c   0x000000d0   Code   RO          855    i.prvAddNewTaskToReadyList  tasks.o
    0x0000754c   0x0000754c   0x00000050   Code   RO         1203    i.prvCheckForValidListAndQueue  timers.o
    0x0000759c   0x0000759c   0x00000026   Code   RO          596    i.prvCopyDataFromQueue  queue.o
    0x000075c2   0x000075c2   0x0000006c   Code   RO          597    i.prvCopyDataToQueue  queue.o
    0x0000762e   0x0000762e   0x00000014   Code   RO          856    i.prvDeleteTCB      tasks.o
    0x00007642   0x00007642   0x00000002   PAD
    0x00007644   0x00007644   0x00000060   Code   RO          857    i.prvIdleTask       tasks.o
    0x000076a4   0x000076a4   0x0000009c   Code   RO          858    i.prvInitialiseNewTask  tasks.o
    0x00007740   0x00007740   0x00000038   Code   RO         1204    i.prvInsertTimerInActiveList  timers.o
    0x00007778   0x00007778   0x0000001c   Code   RO          598    i.prvIsQueueEmpty   queue.o
    0x00007794   0x00007794   0x0000006c   Code   RO          599    i.prvNotifyQueueSetContainer  queue.o
    0x00007800   0x00007800   0x000000b8   Code   RO         1205    i.prvProcessReceivedCommands  timers.o
    0x000078b8   0x000078b8   0x000000b4   Code   RO         1206    i.prvProcessTimerOrBlockTask  timers.o
    0x0000796c   0x0000796c   0x00000020   Code   RO          860    i.prvResetNextTaskUnblockTime  tasks.o
    0x0000798c   0x0000798c   0x00000028   Code   RO         1207    i.prvSampleTimeNow  timers.o
    0x000079b4   0x000079b4   0x0000006c   Code   RO         1208    i.prvSwitchTimerLists  timers.o
    0x00007a20   0x00007a20   0x00000028   Code   RO         1397    i.prvTaskExitError  port.o
    0x00007a48   0x00007a48   0x00000024   Code   RO         1209    i.prvTimerTask      timers.o
    0x00007a6c   0x00007a6c   0x00000078   Code   RO          600    i.prvUnlockQueue    queue.o
    0x00007ae4   0x00007ae4   0x000000ea   Code   RO         4951    i.put_fat           ff.o
    0x00007bce   0x00007bce   0x00000002   PAD
    0x00007bd0   0x00007bd0   0x000000b4   Code   RO         1346    i.pvPortMalloc      heap_2.o
    0x00007c84   0x00007c84   0x0000002c   Code   RO         1398    i.pxPortInitialiseStack  port.o
    0x00007cb0   0x00007cb0   0x00000264   Code   RO         4099    i.serialEvent       crsf.o
    0x00007f14   0x00007f14   0x000000a0   Code   RO         4357    i.setDataFlashBase  eeprom.o
    0x00007fb4   0x00007fb4   0x00000014   Code   RO         4433    i.spi_write_byte    memory_lcd.o
    0x00007fc8   0x00007fc8   0x00000010   Code   RO         4954    i.st_dword          ff.o
    0x00007fd8   0x00007fd8   0x00000008   Code   RO         4955    i.st_word           ff.o
    0x00007fe0   0x00007fe0   0x000000a8   Code   RO         6293    i.stackDump         retarget.o
    0x00008088   0x00008088   0x0000001a   Code   RO         4956    i.sum_sfn           ff.o
    0x000080a2   0x000080a2   0x00000002   PAD
    0x000080a4   0x000080a4   0x00000028   Code   RO         4100    i.sync_crsf         crsf.o
    0x000080cc   0x000080cc   0x00000046   Code   RO         4958    i.sync_window       ff.o
    0x00008112   0x00008112   0x0000007c   Code   RO         4434    i.utf8_next_char    memory_lcd.o
    0x0000818e   0x0000818e   0x00000026   Code   RO          513    i.uxListRemove      list.o
    0x000081b4   0x000081b4   0x00000012   Code   RO           15    i.vCheckTask        main.o
    0x000081c6   0x000081c6   0x0000000a   Code   RO           16    i.vLcdTask          main.o
    0x000081d0   0x000081d0   0x00000016   Code   RO          514    i.vListInitialise   list.o
    0x000081e6   0x000081e6   0x00000006   Code   RO          515    i.vListInitialiseItem  list.o
    0x000081ec   0x000081ec   0x00000030   Code   RO          516    i.vListInsert       list.o
    0x0000821c   0x0000821c   0x00000018   Code   RO          517    i.vListInsertEnd    list.o
    0x00008234   0x00008234   0x00000040   Code   RO         1400    i.vPortEnterCritical  port.o
    0x00008274   0x00008274   0x00000028   Code   RO         1401    i.vPortExitCritical  port.o
    0x0000829c   0x0000829c   0x0000003c   Code   RO         1347    i.vPortFree         heap_2.o
    0x000082d8   0x000082d8   0x00000024   Code   RO         1402    i.vPortSetupTimerInterrupt  port.o
    0x000082fc   0x000082fc   0x00000054   Code   RO         1403    i.vPortValidateInterruptPriority  port.o
    0x00008350   0x00008350   0x00000028   Code   RO          606    i.vQueueAddToRegistry  queue.o
    0x00008378   0x00008378   0x00000044   Code   RO          610    i.vQueueWaitForMessageRestricted  queue.o
    0x000083bc   0x000083bc   0x00000010   Code   RO          875    i.vTaskInternalSetTimeOutState  tasks.o
    0x000083cc   0x000083cc   0x0000000c   Code   RO          876    i.vTaskMissedYield  tasks.o
    0x000083d8   0x000083d8   0x00000030   Code   RO          878    i.vTaskPlaceOnEventList  tasks.o
    0x00008408   0x00008408   0x00000038   Code   RO          879    i.vTaskPlaceOnEventListRestricted  tasks.o
    0x00008440   0x00008440   0x00000070   Code   RO          887    i.vTaskStartScheduler  tasks.o
    0x000084b0   0x000084b0   0x00000010   Code   RO          889    i.vTaskSuspendAll   tasks.o
    0x000084c0   0x000084c0   0x0000005c   Code   RO          890    i.vTaskSwitchContext  tasks.o
    0x0000851c   0x0000851c   0x00000034   Code   RO         4959    i.validate          ff.o
    0x00008550   0x00008550   0x000000f4   Code   RO         1404    i.xPortStartScheduler  port.o
    0x00008644   0x00008644   0x00000056   Code   RO          615    i.xQueueGenericCreate  queue.o
    0x0000869a   0x0000869a   0x00000002   PAD
    0x0000869c   0x0000869c   0x00000088   Code   RO          616    i.xQueueGenericReset  queue.o
    0x00008724   0x00008724   0x0000016c   Code   RO          617    i.xQueueGenericSend  queue.o
    0x00008890   0x00008890   0x000000ca   Code   RO          618    i.xQueueGenericSendFromISR  queue.o
    0x0000895a   0x0000895a   0x00000002   PAD
    0x0000895c   0x0000895c   0x00000138   Code   RO          625    i.xQueueReceive     queue.o
    0x00008a94   0x00008a94   0x00000074   Code   RO          891    i.xTaskCheckForTimeOut  tasks.o
    0x00008b08   0x00008b08   0x00000056   Code   RO          892    i.xTaskCreate       tasks.o
    0x00008b5e   0x00008b5e   0x00000002   PAD
    0x00008b60   0x00008b60   0x0000001c   Code   RO          896    i.xTaskGetSchedulerState  tasks.o
    0x00008b7c   0x00008b7c   0x0000000c   Code   RO          897    i.xTaskGetTickCount  tasks.o
    0x00008b88   0x00008b88   0x000000c8   Code   RO          899    i.xTaskIncrementTick  tasks.o
    0x00008c50   0x00008c50   0x00000098   Code   RO          902    i.xTaskPriorityDisinherit  tasks.o
    0x00008ce8   0x00008ce8   0x00000074   Code   RO          904    i.xTaskRemoveFromEventList  tasks.o
    0x00008d5c   0x00008d5c   0x000000c4   Code   RO          905    i.xTaskResumeAll    tasks.o
    0x00008e20   0x00008e20   0x00000048   Code   RO         1215    i.xTimerCreateTimerTask  timers.o
    0x00008e68   0x00008e68   0x00000060   Code   RO         1216    i.xTimerGenericCommand  timers.o
    0x00008ec8   0x00008ec8   0x00000006   Data   RO           17    .constdata          main.o
    0x00008ece   0x00008ece   0x00000002   PAD
    0x00008ed0   0x00008ed0   0x00000030   Data   RO         1816    .constdata          uart.o
    0x00008f00   0x00008f00   0x00000020   Data   RO         3674    .constdata          timer.o
    0x00008f20   0x00008f20   0x00000124   Data   RO         4103    .constdata          crsf.o
    0x00009044   0x00009044   0x0000008d   Data   RO         4961    .constdata          ff.o
    0x000090d1   0x000090d1   0x00000001   PAD
    0x000090d2   0x000090d2   0x000003ae   Data   RO         5248    .constdata          ffunicode.o
    0x00009480   0x00009480   0x00000006   Data   RO         5480    .constdata          gui.o
    0x00009486   0x00009486   0x00000036   Data   RO         5603    .constdata          antenna.o
    0x000094bc   0x000094bc   0x0000000c   Data   RO         5604    .constdata          antenna.o
    0x000094c8   0x000094c8   0x0000000c   Data   RO         5613    .constdata          arrow_d.o
    0x000094d4   0x000094d4   0x0000000c   Data   RO         5614    .constdata          arrow_d.o
    0x000094e0   0x000094e0   0x0000000b   Data   RO         5623    .constdata          arrow_l.o
    0x000094eb   0x000094eb   0x00000001   PAD
    0x000094ec   0x000094ec   0x0000000c   Data   RO         5624    .constdata          arrow_l.o
    0x000094f8   0x000094f8   0x0000000b   Data   RO         5633    .constdata          arrow_r.o
    0x00009503   0x00009503   0x00000001   PAD
    0x00009504   0x00009504   0x0000000c   Data   RO         5634    .constdata          arrow_r.o
    0x00009510   0x00009510   0x0000005a   Data   RO         5653    .constdata          battery_chrg.o
    0x0000956a   0x0000956a   0x00000002   PAD
    0x0000956c   0x0000956c   0x0000000c   Data   RO         5654    .constdata          battery_chrg.o
    0x00009578   0x00009578   0x000019fa   Data   RO         5663    .constdata          kolamuclogo.o
    0x0000af72   0x0000af72   0x00000002   PAD
    0x0000af74   0x0000af74   0x0000000c   Data   RO         5664    .constdata          kolamuclogo.o
    0x0000af80   0x0000af80   0x00002ee0   Data   RO         5673    .constdata          main_screen.o
    0x0000de60   0x0000de60   0x0000000c   Data   RO         5674    .constdata          main_screen.o
    0x0000de6c   0x0000de6c   0x000005c0   Data   RO         5683    .constdata          multirotor.o
    0x0000e42c   0x0000e42c   0x0000000c   Data   RO         5684    .constdata          multirotor.o
    0x0000e438   0x0000e438   0x00001388   Data   RO         5693    .constdata          qr-code.o
    0x0000f7c0   0x0000f7c0   0x0000000c   Data   RO         5694    .constdata          qr-code.o
    0x0000f7cc   0x0000f7cc   0x0000004c   Data   RO         5703    .constdata          usb_logo.o
    0x0000f818   0x0000f818   0x0000000c   Data   RO         5704    .constdata          usb_logo.o
    0x0000f824   0x0000f824   0x00000039   Data   RO         5713    .constdata          user_logo.o
    0x0000f85d   0x0000f85d   0x00000003   PAD
    0x0000f860   0x0000f860   0x0000000c   Data   RO         5714    .constdata          user_logo.o
    0x0000f86c   0x0000f86c   0x000007e0   Data   RO         5723    .constdata          value_box.o
    0x0001004c   0x0001004c   0x0000000c   Data   RO         5724    .constdata          value_box.o
    0x00010058   0x00010058   0x000015ae   Data   RO         5733    .constdata          warning_screen.o
    0x00011606   0x00011606   0x00000002   PAD
    0x00011608   0x00011608   0x0000000c   Data   RO         5734    .constdata          warning_screen.o
    0x00011614   0x00011614   0x00000030   Data   RO         5743    .constdata          abeatbykai24.o
    0x00011644   0x00011644   0x0000000c   Data   RO         5744    .constdata          abeatbykai24.o
    0x00011650   0x00011650   0x00000018   Data   RO         5745    .constdata          abeatbykai24.o
    0x00011668   0x00011668   0x0000000c   Data   RO         5746    .constdata          abeatbykai24.o
    0x00011674   0x00011674   0x00000018   Data   RO         5747    .constdata          abeatbykai24.o
    0x0001168c   0x0001168c   0x0000000c   Data   RO         5748    .constdata          abeatbykai24.o
    0x00011698   0x00011698   0x00000030   Data   RO         5749    .constdata          abeatbykai24.o
    0x000116c8   0x000116c8   0x0000000c   Data   RO         5750    .constdata          abeatbykai24.o
    0x000116d4   0x000116d4   0x00000030   Data   RO         5751    .constdata          abeatbykai24.o
    0x00011704   0x00011704   0x0000000c   Data   RO         5752    .constdata          abeatbykai24.o
    0x00011710   0x00011710   0x00000048   Data   RO         5753    .constdata          abeatbykai24.o
    0x00011758   0x00011758   0x0000000c   Data   RO         5754    .constdata          abeatbykai24.o
    0x00011764   0x00011764   0x00000048   Data   RO         5755    .constdata          abeatbykai24.o
    0x000117ac   0x000117ac   0x0000000c   Data   RO         5756    .constdata          abeatbykai24.o
    0x000117b8   0x000117b8   0x00000018   Data   RO         5757    .constdata          abeatbykai24.o
    0x000117d0   0x000117d0   0x0000000c   Data   RO         5758    .constdata          abeatbykai24.o
    0x000117dc   0x000117dc   0x00000018   Data   RO         5759    .constdata          abeatbykai24.o
    0x000117f4   0x000117f4   0x0000000c   Data   RO         5760    .constdata          abeatbykai24.o
    0x00011800   0x00011800   0x00000018   Data   RO         5761    .constdata          abeatbykai24.o
    0x00011818   0x00011818   0x0000000c   Data   RO         5762    .constdata          abeatbykai24.o
    0x00011824   0x00011824   0x00000030   Data   RO         5763    .constdata          abeatbykai24.o
    0x00011854   0x00011854   0x0000000c   Data   RO         5764    .constdata          abeatbykai24.o
    0x00011860   0x00011860   0x00000030   Data   RO         5765    .constdata          abeatbykai24.o
    0x00011890   0x00011890   0x0000000c   Data   RO         5766    .constdata          abeatbykai24.o
    0x0001189c   0x0001189c   0x00000018   Data   RO         5767    .constdata          abeatbykai24.o
    0x000118b4   0x000118b4   0x0000000c   Data   RO         5768    .constdata          abeatbykai24.o
    0x000118c0   0x000118c0   0x00000030   Data   RO         5769    .constdata          abeatbykai24.o
    0x000118f0   0x000118f0   0x0000000c   Data   RO         5770    .constdata          abeatbykai24.o
    0x000118fc   0x000118fc   0x00000018   Data   RO         5771    .constdata          abeatbykai24.o
    0x00011914   0x00011914   0x0000000c   Data   RO         5772    .constdata          abeatbykai24.o
    0x00011920   0x00011920   0x00000030   Data   RO         5773    .constdata          abeatbykai24.o
    0x00011950   0x00011950   0x0000000c   Data   RO         5774    .constdata          abeatbykai24.o
    0x0001195c   0x0001195c   0x00000048   Data   RO         5775    .constdata          abeatbykai24.o
    0x000119a4   0x000119a4   0x0000000c   Data   RO         5776    .constdata          abeatbykai24.o
    0x000119b0   0x000119b0   0x00000018   Data   RO         5777    .constdata          abeatbykai24.o
    0x000119c8   0x000119c8   0x0000000c   Data   RO         5778    .constdata          abeatbykai24.o
    0x000119d4   0x000119d4   0x00000030   Data   RO         5779    .constdata          abeatbykai24.o
    0x00011a04   0x00011a04   0x0000000c   Data   RO         5780    .constdata          abeatbykai24.o
    0x00011a10   0x00011a10   0x00000030   Data   RO         5781    .constdata          abeatbykai24.o
    0x00011a40   0x00011a40   0x0000000c   Data   RO         5782    .constdata          abeatbykai24.o
    0x00011a4c   0x00011a4c   0x00000030   Data   RO         5783    .constdata          abeatbykai24.o
    0x00011a7c   0x00011a7c   0x0000000c   Data   RO         5784    .constdata          abeatbykai24.o
    0x00011a88   0x00011a88   0x00000030   Data   RO         5785    .constdata          abeatbykai24.o
    0x00011ab8   0x00011ab8   0x0000000c   Data   RO         5786    .constdata          abeatbykai24.o
    0x00011ac4   0x00011ac4   0x00000030   Data   RO         5787    .constdata          abeatbykai24.o
    0x00011af4   0x00011af4   0x0000000c   Data   RO         5788    .constdata          abeatbykai24.o
    0x00011b00   0x00011b00   0x00000030   Data   RO         5789    .constdata          abeatbykai24.o
    0x00011b30   0x00011b30   0x0000000c   Data   RO         5790    .constdata          abeatbykai24.o
    0x00011b3c   0x00011b3c   0x00000030   Data   RO         5791    .constdata          abeatbykai24.o
    0x00011b6c   0x00011b6c   0x0000000c   Data   RO         5792    .constdata          abeatbykai24.o
    0x00011b78   0x00011b78   0x00000030   Data   RO         5793    .constdata          abeatbykai24.o
    0x00011ba8   0x00011ba8   0x0000000c   Data   RO         5794    .constdata          abeatbykai24.o
    0x00011bb4   0x00011bb4   0x00000018   Data   RO         5795    .constdata          abeatbykai24.o
    0x00011bcc   0x00011bcc   0x0000000c   Data   RO         5796    .constdata          abeatbykai24.o
    0x00011bd8   0x00011bd8   0x00000018   Data   RO         5797    .constdata          abeatbykai24.o
    0x00011bf0   0x00011bf0   0x0000000c   Data   RO         5798    .constdata          abeatbykai24.o
    0x00011bfc   0x00011bfc   0x00000048   Data   RO         5799    .constdata          abeatbykai24.o
    0x00011c44   0x00011c44   0x0000000c   Data   RO         5800    .constdata          abeatbykai24.o
    0x00011c50   0x00011c50   0x00000030   Data   RO         5801    .constdata          abeatbykai24.o
    0x00011c80   0x00011c80   0x0000000c   Data   RO         5802    .constdata          abeatbykai24.o
    0x00011c8c   0x00011c8c   0x00000048   Data   RO         5803    .constdata          abeatbykai24.o
    0x00011cd4   0x00011cd4   0x0000000c   Data   RO         5804    .constdata          abeatbykai24.o
    0x00011ce0   0x00011ce0   0x00000030   Data   RO         5805    .constdata          abeatbykai24.o
    0x00011d10   0x00011d10   0x0000000c   Data   RO         5806    .constdata          abeatbykai24.o
    0x00011d1c   0x00011d1c   0x00000030   Data   RO         5807    .constdata          abeatbykai24.o
    0x00011d4c   0x00011d4c   0x0000000c   Data   RO         5808    .constdata          abeatbykai24.o
    0x00011d58   0x00011d58   0x00000048   Data   RO         5809    .constdata          abeatbykai24.o
    0x00011da0   0x00011da0   0x0000000c   Data   RO         5810    .constdata          abeatbykai24.o
    0x00011dac   0x00011dac   0x00000030   Data   RO         5811    .constdata          abeatbykai24.o
    0x00011ddc   0x00011ddc   0x0000000c   Data   RO         5812    .constdata          abeatbykai24.o
    0x00011de8   0x00011de8   0x00000048   Data   RO         5813    .constdata          abeatbykai24.o
    0x00011e30   0x00011e30   0x0000000c   Data   RO         5814    .constdata          abeatbykai24.o
    0x00011e3c   0x00011e3c   0x00000048   Data   RO         5815    .constdata          abeatbykai24.o
    0x00011e84   0x00011e84   0x0000000c   Data   RO         5816    .constdata          abeatbykai24.o
    0x00011e90   0x00011e90   0x00000030   Data   RO         5817    .constdata          abeatbykai24.o
    0x00011ec0   0x00011ec0   0x0000000c   Data   RO         5818    .constdata          abeatbykai24.o
    0x00011ecc   0x00011ecc   0x00000030   Data   RO         5819    .constdata          abeatbykai24.o
    0x00011efc   0x00011efc   0x0000000c   Data   RO         5820    .constdata          abeatbykai24.o
    0x00011f08   0x00011f08   0x00000048   Data   RO         5821    .constdata          abeatbykai24.o
    0x00011f50   0x00011f50   0x0000000c   Data   RO         5822    .constdata          abeatbykai24.o
    0x00011f5c   0x00011f5c   0x00000030   Data   RO         5823    .constdata          abeatbykai24.o
    0x00011f8c   0x00011f8c   0x0000000c   Data   RO         5824    .constdata          abeatbykai24.o
    0x00011f98   0x00011f98   0x00000018   Data   RO         5825    .constdata          abeatbykai24.o
    0x00011fb0   0x00011fb0   0x0000000c   Data   RO         5826    .constdata          abeatbykai24.o
    0x00011fbc   0x00011fbc   0x00000030   Data   RO         5827    .constdata          abeatbykai24.o
    0x00011fec   0x00011fec   0x0000000c   Data   RO         5828    .constdata          abeatbykai24.o
    0x00011ff8   0x00011ff8   0x00000030   Data   RO         5829    .constdata          abeatbykai24.o
    0x00012028   0x00012028   0x0000000c   Data   RO         5830    .constdata          abeatbykai24.o
    0x00012034   0x00012034   0x00000030   Data   RO         5831    .constdata          abeatbykai24.o
    0x00012064   0x00012064   0x0000000c   Data   RO         5832    .constdata          abeatbykai24.o
    0x00012070   0x00012070   0x00000048   Data   RO         5833    .constdata          abeatbykai24.o
    0x000120b8   0x000120b8   0x0000000c   Data   RO         5834    .constdata          abeatbykai24.o
    0x000120c4   0x000120c4   0x00000048   Data   RO         5835    .constdata          abeatbykai24.o
    0x0001210c   0x0001210c   0x0000000c   Data   RO         5836    .constdata          abeatbykai24.o
    0x00012118   0x00012118   0x00000048   Data   RO         5837    .constdata          abeatbykai24.o
    0x00012160   0x00012160   0x0000000c   Data   RO         5838    .constdata          abeatbykai24.o
    0x0001216c   0x0001216c   0x00000030   Data   RO         5839    .constdata          abeatbykai24.o
    0x0001219c   0x0001219c   0x0000000c   Data   RO         5840    .constdata          abeatbykai24.o
    0x000121a8   0x000121a8   0x00000048   Data   RO         5841    .constdata          abeatbykai24.o
    0x000121f0   0x000121f0   0x0000000c   Data   RO         5842    .constdata          abeatbykai24.o
    0x000121fc   0x000121fc   0x00000030   Data   RO         5843    .constdata          abeatbykai24.o
    0x0001222c   0x0001222c   0x0000000c   Data   RO         5844    .constdata          abeatbykai24.o
    0x00012238   0x00012238   0x00000030   Data   RO         5845    .constdata          abeatbykai24.o
    0x00012268   0x00012268   0x0000000c   Data   RO         5846    .constdata          abeatbykai24.o
    0x00012274   0x00012274   0x00000030   Data   RO         5847    .constdata          abeatbykai24.o
    0x000122a4   0x000122a4   0x0000000c   Data   RO         5848    .constdata          abeatbykai24.o
    0x000122b0   0x000122b0   0x00000030   Data   RO         5849    .constdata          abeatbykai24.o
    0x000122e0   0x000122e0   0x0000000c   Data   RO         5850    .constdata          abeatbykai24.o
    0x000122ec   0x000122ec   0x00000048   Data   RO         5851    .constdata          abeatbykai24.o
    0x00012334   0x00012334   0x0000000c   Data   RO         5852    .constdata          abeatbykai24.o
    0x00012340   0x00012340   0x00000060   Data   RO         5853    .constdata          abeatbykai24.o
    0x000123a0   0x000123a0   0x0000000c   Data   RO         5854    .constdata          abeatbykai24.o
    0x000123ac   0x000123ac   0x00000030   Data   RO         5855    .constdata          abeatbykai24.o
    0x000123dc   0x000123dc   0x0000000c   Data   RO         5856    .constdata          abeatbykai24.o
    0x000123e8   0x000123e8   0x00000030   Data   RO         5857    .constdata          abeatbykai24.o
    0x00012418   0x00012418   0x0000000c   Data   RO         5858    .constdata          abeatbykai24.o
    0x00012424   0x00012424   0x00000030   Data   RO         5859    .constdata          abeatbykai24.o
    0x00012454   0x00012454   0x0000000c   Data   RO         5860    .constdata          abeatbykai24.o
    0x00012460   0x00012460   0x00000030   Data   RO         5861    .constdata          abeatbykai24.o
    0x00012490   0x00012490   0x0000000c   Data   RO         5862    .constdata          abeatbykai24.o
    0x0001249c   0x0001249c   0x00000030   Data   RO         5863    .constdata          abeatbykai24.o
    0x000124cc   0x000124cc   0x0000000c   Data   RO         5864    .constdata          abeatbykai24.o
    0x000124d8   0x000124d8   0x00000030   Data   RO         5865    .constdata          abeatbykai24.o
    0x00012508   0x00012508   0x0000000c   Data   RO         5866    .constdata          abeatbykai24.o
    0x00012514   0x00012514   0x00000048   Data   RO         5867    .constdata          abeatbykai24.o
    0x0001255c   0x0001255c   0x0000000c   Data   RO         5868    .constdata          abeatbykai24.o
    0x00012568   0x00012568   0x00000030   Data   RO         5869    .constdata          abeatbykai24.o
    0x00012598   0x00012598   0x0000000c   Data   RO         5870    .constdata          abeatbykai24.o
    0x000125a4   0x000125a4   0x00000018   Data   RO         5871    .constdata          abeatbykai24.o
    0x000125bc   0x000125bc   0x0000000c   Data   RO         5872    .constdata          abeatbykai24.o
    0x000125c8   0x000125c8   0x00000030   Data   RO         5873    .constdata          abeatbykai24.o
    0x000125f8   0x000125f8   0x0000000c   Data   RO         5874    .constdata          abeatbykai24.o
    0x00012604   0x00012604   0x00000030   Data   RO         5875    .constdata          abeatbykai24.o
    0x00012634   0x00012634   0x0000000c   Data   RO         5876    .constdata          abeatbykai24.o
    0x00012640   0x00012640   0x00000030   Data   RO         5877    .constdata          abeatbykai24.o
    0x00012670   0x00012670   0x0000000c   Data   RO         5878    .constdata          abeatbykai24.o
    0x0001267c   0x0001267c   0x00000030   Data   RO         5879    .constdata          abeatbykai24.o
    0x000126ac   0x000126ac   0x0000000c   Data   RO         5880    .constdata          abeatbykai24.o
    0x000126b8   0x000126b8   0x00000030   Data   RO         5881    .constdata          abeatbykai24.o
    0x000126e8   0x000126e8   0x0000000c   Data   RO         5882    .constdata          abeatbykai24.o
    0x000126f4   0x000126f4   0x00000018   Data   RO         5883    .constdata          abeatbykai24.o
    0x0001270c   0x0001270c   0x0000000c   Data   RO         5884    .constdata          abeatbykai24.o
    0x00012718   0x00012718   0x00000030   Data   RO         5885    .constdata          abeatbykai24.o
    0x00012748   0x00012748   0x0000000c   Data   RO         5886    .constdata          abeatbykai24.o
    0x00012754   0x00012754   0x00000030   Data   RO         5887    .constdata          abeatbykai24.o
    0x00012784   0x00012784   0x0000000c   Data   RO         5888    .constdata          abeatbykai24.o
    0x00012790   0x00012790   0x00000018   Data   RO         5889    .constdata          abeatbykai24.o
    0x000127a8   0x000127a8   0x0000000c   Data   RO         5890    .constdata          abeatbykai24.o
    0x000127b4   0x000127b4   0x00000018   Data   RO         5891    .constdata          abeatbykai24.o
    0x000127cc   0x000127cc   0x0000000c   Data   RO         5892    .constdata          abeatbykai24.o
    0x000127d8   0x000127d8   0x00000030   Data   RO         5893    .constdata          abeatbykai24.o
    0x00012808   0x00012808   0x0000000c   Data   RO         5894    .constdata          abeatbykai24.o
    0x00012814   0x00012814   0x00000048   Data   RO         5895    .constdata          abeatbykai24.o
    0x0001285c   0x0001285c   0x0000000c   Data   RO         5896    .constdata          abeatbykai24.o
    0x00012868   0x00012868   0x00000030   Data   RO         5897    .constdata          abeatbykai24.o
    0x00012898   0x00012898   0x0000000c   Data   RO         5898    .constdata          abeatbykai24.o
    0x000128a4   0x000128a4   0x00000030   Data   RO         5899    .constdata          abeatbykai24.o
    0x000128d4   0x000128d4   0x0000000c   Data   RO         5900    .constdata          abeatbykai24.o
    0x000128e0   0x000128e0   0x00000030   Data   RO         5901    .constdata          abeatbykai24.o
    0x00012910   0x00012910   0x0000000c   Data   RO         5902    .constdata          abeatbykai24.o
    0x0001291c   0x0001291c   0x00000030   Data   RO         5903    .constdata          abeatbykai24.o
    0x0001294c   0x0001294c   0x0000000c   Data   RO         5904    .constdata          abeatbykai24.o
    0x00012958   0x00012958   0x00000018   Data   RO         5905    .constdata          abeatbykai24.o
    0x00012970   0x00012970   0x0000000c   Data   RO         5906    .constdata          abeatbykai24.o
    0x0001297c   0x0001297c   0x00000030   Data   RO         5907    .constdata          abeatbykai24.o
    0x000129ac   0x000129ac   0x0000000c   Data   RO         5908    .constdata          abeatbykai24.o
    0x000129b8   0x000129b8   0x00000018   Data   RO         5909    .constdata          abeatbykai24.o
    0x000129d0   0x000129d0   0x0000000c   Data   RO         5910    .constdata          abeatbykai24.o
    0x000129dc   0x000129dc   0x00000030   Data   RO         5911    .constdata          abeatbykai24.o
    0x00012a0c   0x00012a0c   0x0000000c   Data   RO         5912    .constdata          abeatbykai24.o
    0x00012a18   0x00012a18   0x00000030   Data   RO         5913    .constdata          abeatbykai24.o
    0x00012a48   0x00012a48   0x0000000c   Data   RO         5914    .constdata          abeatbykai24.o
    0x00012a54   0x00012a54   0x00000048   Data   RO         5915    .constdata          abeatbykai24.o
    0x00012a9c   0x00012a9c   0x0000000c   Data   RO         5916    .constdata          abeatbykai24.o
    0x00012aa8   0x00012aa8   0x00000030   Data   RO         5917    .constdata          abeatbykai24.o
    0x00012ad8   0x00012ad8   0x0000000c   Data   RO         5918    .constdata          abeatbykai24.o
    0x00012ae4   0x00012ae4   0x00000030   Data   RO         5919    .constdata          abeatbykai24.o
    0x00012b14   0x00012b14   0x0000000c   Data   RO         5920    .constdata          abeatbykai24.o
    0x00012b20   0x00012b20   0x00000030   Data   RO         5921    .constdata          abeatbykai24.o
    0x00012b50   0x00012b50   0x0000000c   Data   RO         5922    .constdata          abeatbykai24.o
    0x00012b5c   0x00012b5c   0x00000030   Data   RO         5923    .constdata          abeatbykai24.o
    0x00012b8c   0x00012b8c   0x0000000c   Data   RO         5924    .constdata          abeatbykai24.o
    0x00012b98   0x00012b98   0x00000018   Data   RO         5925    .constdata          abeatbykai24.o
    0x00012bb0   0x00012bb0   0x0000000c   Data   RO         5926    .constdata          abeatbykai24.o
    0x00012bbc   0x00012bbc   0x00000030   Data   RO         5927    .constdata          abeatbykai24.o
    0x00012bec   0x00012bec   0x0000000c   Data   RO         5928    .constdata          abeatbykai24.o
    0x00012bf8   0x00012bf8   0x00000030   Data   RO         5929    .constdata          abeatbykai24.o
    0x00012c28   0x00012c28   0x0000000c   Data   RO         5930    .constdata          abeatbykai24.o
    0x00012c34   0x00012c34   0x000002f8   Data   RO         5931    .constdata          abeatbykai24.o
    0x00012f2c   0x00012f2c   0x00000008   Data   RO         5932    .constdata          abeatbykai24.o
    0x00012f34   0x00012f34   0x000000a0   Data   RO         5941    .constdata          arcade36.o
    0x00012fd4   0x00012fd4   0x0000000c   Data   RO         5942    .constdata          arcade36.o
    0x00012fe0   0x00012fe0   0x000000a0   Data   RO         5943    .constdata          arcade36.o
    0x00013080   0x00013080   0x0000000c   Data   RO         5944    .constdata          arcade36.o
    0x0001308c   0x0001308c   0x000000a0   Data   RO         5945    .constdata          arcade36.o
    0x0001312c   0x0001312c   0x0000000c   Data   RO         5946    .constdata          arcade36.o
    0x00013138   0x00013138   0x000000a0   Data   RO         5947    .constdata          arcade36.o
    0x000131d8   0x000131d8   0x0000000c   Data   RO         5948    .constdata          arcade36.o
    0x000131e4   0x000131e4   0x000000a0   Data   RO         5949    .constdata          arcade36.o
    0x00013284   0x00013284   0x0000000c   Data   RO         5950    .constdata          arcade36.o
    0x00013290   0x00013290   0x000000a0   Data   RO         5951    .constdata          arcade36.o
    0x00013330   0x00013330   0x0000000c   Data   RO         5952    .constdata          arcade36.o
    0x0001333c   0x0001333c   0x000000a0   Data   RO         5953    .constdata          arcade36.o
    0x000133dc   0x000133dc   0x0000000c   Data   RO         5954    .constdata          arcade36.o
    0x000133e8   0x000133e8   0x000000a0   Data   RO         5955    .constdata          arcade36.o
    0x00013488   0x00013488   0x0000000c   Data   RO         5956    .constdata          arcade36.o
    0x00013494   0x00013494   0x000000a0   Data   RO         5957    .constdata          arcade36.o
    0x00013534   0x00013534   0x0000000c   Data   RO         5958    .constdata          arcade36.o
    0x00013540   0x00013540   0x000000a0   Data   RO         5959    .constdata          arcade36.o
    0x000135e0   0x000135e0   0x0000000c   Data   RO         5960    .constdata          arcade36.o
    0x000135ec   0x000135ec   0x000000a0   Data   RO         5961    .constdata          arcade36.o
    0x0001368c   0x0001368c   0x0000000c   Data   RO         5962    .constdata          arcade36.o
    0x00013698   0x00013698   0x000000a0   Data   RO         5963    .constdata          arcade36.o
    0x00013738   0x00013738   0x0000000c   Data   RO         5964    .constdata          arcade36.o
    0x00013744   0x00013744   0x00000060   Data   RO         5965    .constdata          arcade36.o
    0x000137a4   0x000137a4   0x00000008   Data   RO         5966    .constdata          arcade36.o
    0x000137ac   0x000137ac   0x0000002e   Data   RO         5975    .constdata          consolas24b.o
    0x000137da   0x000137da   0x00000002   PAD
    0x000137dc   0x000137dc   0x0000000c   Data   RO         5976    .constdata          consolas24b.o
    0x000137e8   0x000137e8   0x0000002e   Data   RO         5977    .constdata          consolas24b.o
    0x00013816   0x00013816   0x00000002   PAD
    0x00013818   0x00013818   0x0000000c   Data   RO         5978    .constdata          consolas24b.o
    0x00013824   0x00013824   0x0000002e   Data   RO         5979    .constdata          consolas24b.o
    0x00013852   0x00013852   0x00000002   PAD
    0x00013854   0x00013854   0x0000000c   Data   RO         5980    .constdata          consolas24b.o
    0x00013860   0x00013860   0x0000002e   Data   RO         5981    .constdata          consolas24b.o
    0x0001388e   0x0001388e   0x00000002   PAD
    0x00013890   0x00013890   0x0000000c   Data   RO         5982    .constdata          consolas24b.o
    0x0001389c   0x0001389c   0x0000002e   Data   RO         5983    .constdata          consolas24b.o
    0x000138ca   0x000138ca   0x00000002   PAD
    0x000138cc   0x000138cc   0x0000000c   Data   RO         5984    .constdata          consolas24b.o
    0x000138d8   0x000138d8   0x0000002e   Data   RO         5985    .constdata          consolas24b.o
    0x00013906   0x00013906   0x00000002   PAD
    0x00013908   0x00013908   0x0000000c   Data   RO         5986    .constdata          consolas24b.o
    0x00013914   0x00013914   0x0000002e   Data   RO         5987    .constdata          consolas24b.o
    0x00013942   0x00013942   0x00000002   PAD
    0x00013944   0x00013944   0x0000000c   Data   RO         5988    .constdata          consolas24b.o
    0x00013950   0x00013950   0x0000002e   Data   RO         5989    .constdata          consolas24b.o
    0x0001397e   0x0001397e   0x00000002   PAD
    0x00013980   0x00013980   0x0000000c   Data   RO         5990    .constdata          consolas24b.o
    0x0001398c   0x0001398c   0x0000002e   Data   RO         5991    .constdata          consolas24b.o
    0x000139ba   0x000139ba   0x00000002   PAD
    0x000139bc   0x000139bc   0x0000000c   Data   RO         5992    .constdata          consolas24b.o
    0x000139c8   0x000139c8   0x0000002e   Data   RO         5993    .constdata          consolas24b.o
    0x000139f6   0x000139f6   0x00000002   PAD
    0x000139f8   0x000139f8   0x0000000c   Data   RO         5994    .constdata          consolas24b.o
    0x00013a04   0x00013a04   0x0000002e   Data   RO         5995    .constdata          consolas24b.o
    0x00013a32   0x00013a32   0x00000002   PAD
    0x00013a34   0x00013a34   0x0000000c   Data   RO         5996    .constdata          consolas24b.o
    0x00013a40   0x00013a40   0x0000002e   Data   RO         5997    .constdata          consolas24b.o
    0x00013a6e   0x00013a6e   0x00000002   PAD
    0x00013a70   0x00013a70   0x0000000c   Data   RO         5998    .constdata          consolas24b.o
    0x00013a7c   0x00013a7c   0x0000002e   Data   RO         5999    .constdata          consolas24b.o
    0x00013aaa   0x00013aaa   0x00000002   PAD
    0x00013aac   0x00013aac   0x0000000c   Data   RO         6000    .constdata          consolas24b.o
    0x00013ab8   0x00013ab8   0x0000002e   Data   RO         6001    .constdata          consolas24b.o
    0x00013ae6   0x00013ae6   0x00000002   PAD
    0x00013ae8   0x00013ae8   0x0000000c   Data   RO         6002    .constdata          consolas24b.o
    0x00013af4   0x00013af4   0x0000002e   Data   RO         6003    .constdata          consolas24b.o
    0x00013b22   0x00013b22   0x00000002   PAD
    0x00013b24   0x00013b24   0x0000000c   Data   RO         6004    .constdata          consolas24b.o
    0x00013b30   0x00013b30   0x0000002e   Data   RO         6005    .constdata          consolas24b.o
    0x00013b5e   0x00013b5e   0x00000002   PAD
    0x00013b60   0x00013b60   0x0000000c   Data   RO         6006    .constdata          consolas24b.o
    0x00013b6c   0x00013b6c   0x0000002e   Data   RO         6007    .constdata          consolas24b.o
    0x00013b9a   0x00013b9a   0x00000002   PAD
    0x00013b9c   0x00013b9c   0x0000000c   Data   RO         6008    .constdata          consolas24b.o
    0x00013ba8   0x00013ba8   0x0000002e   Data   RO         6009    .constdata          consolas24b.o
    0x00013bd6   0x00013bd6   0x00000002   PAD
    0x00013bd8   0x00013bd8   0x0000000c   Data   RO         6010    .constdata          consolas24b.o
    0x00013be4   0x00013be4   0x0000002e   Data   RO         6011    .constdata          consolas24b.o
    0x00013c12   0x00013c12   0x00000002   PAD
    0x00013c14   0x00013c14   0x0000000c   Data   RO         6012    .constdata          consolas24b.o
    0x00013c20   0x00013c20   0x0000002e   Data   RO         6013    .constdata          consolas24b.o
    0x00013c4e   0x00013c4e   0x00000002   PAD
    0x00013c50   0x00013c50   0x0000000c   Data   RO         6014    .constdata          consolas24b.o
    0x00013c5c   0x00013c5c   0x0000002e   Data   RO         6015    .constdata          consolas24b.o
    0x00013c8a   0x00013c8a   0x00000002   PAD
    0x00013c8c   0x00013c8c   0x0000000c   Data   RO         6016    .constdata          consolas24b.o
    0x00013c98   0x00013c98   0x0000002e   Data   RO         6017    .constdata          consolas24b.o
    0x00013cc6   0x00013cc6   0x00000002   PAD
    0x00013cc8   0x00013cc8   0x0000000c   Data   RO         6018    .constdata          consolas24b.o
    0x00013cd4   0x00013cd4   0x0000002e   Data   RO         6019    .constdata          consolas24b.o
    0x00013d02   0x00013d02   0x00000002   PAD
    0x00013d04   0x00013d04   0x0000000c   Data   RO         6020    .constdata          consolas24b.o
    0x00013d10   0x00013d10   0x0000002e   Data   RO         6021    .constdata          consolas24b.o
    0x00013d3e   0x00013d3e   0x00000002   PAD
    0x00013d40   0x00013d40   0x0000000c   Data   RO         6022    .constdata          consolas24b.o
    0x00013d4c   0x00013d4c   0x0000002e   Data   RO         6023    .constdata          consolas24b.o
    0x00013d7a   0x00013d7a   0x00000002   PAD
    0x00013d7c   0x00013d7c   0x0000000c   Data   RO         6024    .constdata          consolas24b.o
    0x00013d88   0x00013d88   0x0000002e   Data   RO         6025    .constdata          consolas24b.o
    0x00013db6   0x00013db6   0x00000002   PAD
    0x00013db8   0x00013db8   0x0000000c   Data   RO         6026    .constdata          consolas24b.o
    0x00013dc4   0x00013dc4   0x0000002e   Data   RO         6027    .constdata          consolas24b.o
    0x00013df2   0x00013df2   0x00000002   PAD
    0x00013df4   0x00013df4   0x0000000c   Data   RO         6028    .constdata          consolas24b.o
    0x00013e00   0x00013e00   0x0000002e   Data   RO         6029    .constdata          consolas24b.o
    0x00013e2e   0x00013e2e   0x00000002   PAD
    0x00013e30   0x00013e30   0x0000000c   Data   RO         6030    .constdata          consolas24b.o
    0x00013e3c   0x00013e3c   0x0000002e   Data   RO         6031    .constdata          consolas24b.o
    0x00013e6a   0x00013e6a   0x00000002   PAD
    0x00013e6c   0x00013e6c   0x0000000c   Data   RO         6032    .constdata          consolas24b.o
    0x00013e78   0x00013e78   0x0000002e   Data   RO         6033    .constdata          consolas24b.o
    0x00013ea6   0x00013ea6   0x00000002   PAD
    0x00013ea8   0x00013ea8   0x0000000c   Data   RO         6034    .constdata          consolas24b.o
    0x00013eb4   0x00013eb4   0x0000002e   Data   RO         6035    .constdata          consolas24b.o
    0x00013ee2   0x00013ee2   0x00000002   PAD
    0x00013ee4   0x00013ee4   0x0000000c   Data   RO         6036    .constdata          consolas24b.o
    0x00013ef0   0x00013ef0   0x0000002e   Data   RO         6037    .constdata          consolas24b.o
    0x00013f1e   0x00013f1e   0x00000002   PAD
    0x00013f20   0x00013f20   0x0000000c   Data   RO         6038    .constdata          consolas24b.o
    0x00013f2c   0x00013f2c   0x0000002e   Data   RO         6039    .constdata          consolas24b.o
    0x00013f5a   0x00013f5a   0x00000002   PAD
    0x00013f5c   0x00013f5c   0x0000000c   Data   RO         6040    .constdata          consolas24b.o
    0x00013f68   0x00013f68   0x0000002e   Data   RO         6041    .constdata          consolas24b.o
    0x00013f96   0x00013f96   0x00000002   PAD
    0x00013f98   0x00013f98   0x0000000c   Data   RO         6042    .constdata          consolas24b.o
    0x00013fa4   0x00013fa4   0x0000002e   Data   RO         6043    .constdata          consolas24b.o
    0x00013fd2   0x00013fd2   0x00000002   PAD
    0x00013fd4   0x00013fd4   0x0000000c   Data   RO         6044    .constdata          consolas24b.o
    0x00013fe0   0x00013fe0   0x0000002e   Data   RO         6045    .constdata          consolas24b.o
    0x0001400e   0x0001400e   0x00000002   PAD
    0x00014010   0x00014010   0x0000000c   Data   RO         6046    .constdata          consolas24b.o
    0x0001401c   0x0001401c   0x0000002e   Data   RO         6047    .constdata          consolas24b.o
    0x0001404a   0x0001404a   0x00000002   PAD
    0x0001404c   0x0001404c   0x0000000c   Data   RO         6048    .constdata          consolas24b.o
    0x00014058   0x00014058   0x0000002e   Data   RO         6049    .constdata          consolas24b.o
    0x00014086   0x00014086   0x00000002   PAD
    0x00014088   0x00014088   0x0000000c   Data   RO         6050    .constdata          consolas24b.o
    0x00014094   0x00014094   0x0000002e   Data   RO         6051    .constdata          consolas24b.o
    0x000140c2   0x000140c2   0x00000002   PAD
    0x000140c4   0x000140c4   0x0000000c   Data   RO         6052    .constdata          consolas24b.o
    0x000140d0   0x000140d0   0x0000002e   Data   RO         6053    .constdata          consolas24b.o
    0x000140fe   0x000140fe   0x00000002   PAD
    0x00014100   0x00014100   0x0000000c   Data   RO         6054    .constdata          consolas24b.o
    0x0001410c   0x0001410c   0x0000002e   Data   RO         6055    .constdata          consolas24b.o
    0x0001413a   0x0001413a   0x00000002   PAD
    0x0001413c   0x0001413c   0x0000000c   Data   RO         6056    .constdata          consolas24b.o
    0x00014148   0x00014148   0x0000002e   Data   RO         6057    .constdata          consolas24b.o
    0x00014176   0x00014176   0x00000002   PAD
    0x00014178   0x00014178   0x0000000c   Data   RO         6058    .constdata          consolas24b.o
    0x00014184   0x00014184   0x0000002e   Data   RO         6059    .constdata          consolas24b.o
    0x000141b2   0x000141b2   0x00000002   PAD
    0x000141b4   0x000141b4   0x0000000c   Data   RO         6060    .constdata          consolas24b.o
    0x000141c0   0x000141c0   0x0000002e   Data   RO         6061    .constdata          consolas24b.o
    0x000141ee   0x000141ee   0x00000002   PAD
    0x000141f0   0x000141f0   0x0000000c   Data   RO         6062    .constdata          consolas24b.o
    0x000141fc   0x000141fc   0x0000002e   Data   RO         6063    .constdata          consolas24b.o
    0x0001422a   0x0001422a   0x00000002   PAD
    0x0001422c   0x0001422c   0x0000000c   Data   RO         6064    .constdata          consolas24b.o
    0x00014238   0x00014238   0x0000002e   Data   RO         6065    .constdata          consolas24b.o
    0x00014266   0x00014266   0x00000002   PAD
    0x00014268   0x00014268   0x0000000c   Data   RO         6066    .constdata          consolas24b.o
    0x00014274   0x00014274   0x0000002e   Data   RO         6067    .constdata          consolas24b.o
    0x000142a2   0x000142a2   0x00000002   PAD
    0x000142a4   0x000142a4   0x0000000c   Data   RO         6068    .constdata          consolas24b.o
    0x000142b0   0x000142b0   0x0000002e   Data   RO         6069    .constdata          consolas24b.o
    0x000142de   0x000142de   0x00000002   PAD
    0x000142e0   0x000142e0   0x0000000c   Data   RO         6070    .constdata          consolas24b.o
    0x000142ec   0x000142ec   0x0000002e   Data   RO         6071    .constdata          consolas24b.o
    0x0001431a   0x0001431a   0x00000002   PAD
    0x0001431c   0x0001431c   0x0000000c   Data   RO         6072    .constdata          consolas24b.o
    0x00014328   0x00014328   0x0000002e   Data   RO         6073    .constdata          consolas24b.o
    0x00014356   0x00014356   0x00000002   PAD
    0x00014358   0x00014358   0x0000000c   Data   RO         6074    .constdata          consolas24b.o
    0x00014364   0x00014364   0x0000002e   Data   RO         6075    .constdata          consolas24b.o
    0x00014392   0x00014392   0x00000002   PAD
    0x00014394   0x00014394   0x0000000c   Data   RO         6076    .constdata          consolas24b.o
    0x000143a0   0x000143a0   0x0000002e   Data   RO         6077    .constdata          consolas24b.o
    0x000143ce   0x000143ce   0x00000002   PAD
    0x000143d0   0x000143d0   0x0000000c   Data   RO         6078    .constdata          consolas24b.o
    0x000143dc   0x000143dc   0x0000002e   Data   RO         6079    .constdata          consolas24b.o
    0x0001440a   0x0001440a   0x00000002   PAD
    0x0001440c   0x0001440c   0x0000000c   Data   RO         6080    .constdata          consolas24b.o
    0x00014418   0x00014418   0x0000002e   Data   RO         6081    .constdata          consolas24b.o
    0x00014446   0x00014446   0x00000002   PAD
    0x00014448   0x00014448   0x0000000c   Data   RO         6082    .constdata          consolas24b.o
    0x00014454   0x00014454   0x0000002e   Data   RO         6083    .constdata          consolas24b.o
    0x00014482   0x00014482   0x00000002   PAD
    0x00014484   0x00014484   0x0000000c   Data   RO         6084    .constdata          consolas24b.o
    0x00014490   0x00014490   0x0000002e   Data   RO         6085    .constdata          consolas24b.o
    0x000144be   0x000144be   0x00000002   PAD
    0x000144c0   0x000144c0   0x0000000c   Data   RO         6086    .constdata          consolas24b.o
    0x000144cc   0x000144cc   0x0000002e   Data   RO         6087    .constdata          consolas24b.o
    0x000144fa   0x000144fa   0x00000002   PAD
    0x000144fc   0x000144fc   0x0000000c   Data   RO         6088    .constdata          consolas24b.o
    0x00014508   0x00014508   0x0000002e   Data   RO         6089    .constdata          consolas24b.o
    0x00014536   0x00014536   0x00000002   PAD
    0x00014538   0x00014538   0x0000000c   Data   RO         6090    .constdata          consolas24b.o
    0x00014544   0x00014544   0x0000002e   Data   RO         6091    .constdata          consolas24b.o
    0x00014572   0x00014572   0x00000002   PAD
    0x00014574   0x00014574   0x0000000c   Data   RO         6092    .constdata          consolas24b.o
    0x00014580   0x00014580   0x0000002e   Data   RO         6093    .constdata          consolas24b.o
    0x000145ae   0x000145ae   0x00000002   PAD
    0x000145b0   0x000145b0   0x0000000c   Data   RO         6094    .constdata          consolas24b.o
    0x000145bc   0x000145bc   0x0000002e   Data   RO         6095    .constdata          consolas24b.o
    0x000145ea   0x000145ea   0x00000002   PAD
    0x000145ec   0x000145ec   0x0000000c   Data   RO         6096    .constdata          consolas24b.o
    0x000145f8   0x000145f8   0x0000002e   Data   RO         6097    .constdata          consolas24b.o
    0x00014626   0x00014626   0x00000002   PAD
    0x00014628   0x00014628   0x0000000c   Data   RO         6098    .constdata          consolas24b.o
    0x00014634   0x00014634   0x0000002e   Data   RO         6099    .constdata          consolas24b.o
    0x00014662   0x00014662   0x00000002   PAD
    0x00014664   0x00014664   0x0000000c   Data   RO         6100    .constdata          consolas24b.o
    0x00014670   0x00014670   0x0000002e   Data   RO         6101    .constdata          consolas24b.o
    0x0001469e   0x0001469e   0x00000002   PAD
    0x000146a0   0x000146a0   0x0000000c   Data   RO         6102    .constdata          consolas24b.o
    0x000146ac   0x000146ac   0x0000002e   Data   RO         6103    .constdata          consolas24b.o
    0x000146da   0x000146da   0x00000002   PAD
    0x000146dc   0x000146dc   0x0000000c   Data   RO         6104    .constdata          consolas24b.o
    0x000146e8   0x000146e8   0x0000002e   Data   RO         6105    .constdata          consolas24b.o
    0x00014716   0x00014716   0x00000002   PAD
    0x00014718   0x00014718   0x0000000c   Data   RO         6106    .constdata          consolas24b.o
    0x00014724   0x00014724   0x0000002e   Data   RO         6107    .constdata          consolas24b.o
    0x00014752   0x00014752   0x00000002   PAD
    0x00014754   0x00014754   0x0000000c   Data   RO         6108    .constdata          consolas24b.o
    0x00014760   0x00014760   0x0000002e   Data   RO         6109    .constdata          consolas24b.o
    0x0001478e   0x0001478e   0x00000002   PAD
    0x00014790   0x00014790   0x0000000c   Data   RO         6110    .constdata          consolas24b.o
    0x0001479c   0x0001479c   0x0000002e   Data   RO         6111    .constdata          consolas24b.o
    0x000147ca   0x000147ca   0x00000002   PAD
    0x000147cc   0x000147cc   0x0000000c   Data   RO         6112    .constdata          consolas24b.o
    0x000147d8   0x000147d8   0x0000002e   Data   RO         6113    .constdata          consolas24b.o
    0x00014806   0x00014806   0x00000002   PAD
    0x00014808   0x00014808   0x0000000c   Data   RO         6114    .constdata          consolas24b.o
    0x00014814   0x00014814   0x0000002e   Data   RO         6115    .constdata          consolas24b.o
    0x00014842   0x00014842   0x00000002   PAD
    0x00014844   0x00014844   0x0000000c   Data   RO         6116    .constdata          consolas24b.o
    0x00014850   0x00014850   0x0000002e   Data   RO         6117    .constdata          consolas24b.o
    0x0001487e   0x0001487e   0x00000002   PAD
    0x00014880   0x00014880   0x0000000c   Data   RO         6118    .constdata          consolas24b.o
    0x0001488c   0x0001488c   0x0000002e   Data   RO         6119    .constdata          consolas24b.o
    0x000148ba   0x000148ba   0x00000002   PAD
    0x000148bc   0x000148bc   0x0000000c   Data   RO         6120    .constdata          consolas24b.o
    0x000148c8   0x000148c8   0x0000002e   Data   RO         6121    .constdata          consolas24b.o
    0x000148f6   0x000148f6   0x00000002   PAD
    0x000148f8   0x000148f8   0x0000000c   Data   RO         6122    .constdata          consolas24b.o
    0x00014904   0x00014904   0x0000002e   Data   RO         6123    .constdata          consolas24b.o
    0x00014932   0x00014932   0x00000002   PAD
    0x00014934   0x00014934   0x0000000c   Data   RO         6124    .constdata          consolas24b.o
    0x00014940   0x00014940   0x0000002e   Data   RO         6125    .constdata          consolas24b.o
    0x0001496e   0x0001496e   0x00000002   PAD
    0x00014970   0x00014970   0x0000000c   Data   RO         6126    .constdata          consolas24b.o
    0x0001497c   0x0001497c   0x0000002e   Data   RO         6127    .constdata          consolas24b.o
    0x000149aa   0x000149aa   0x00000002   PAD
    0x000149ac   0x000149ac   0x0000000c   Data   RO         6128    .constdata          consolas24b.o
    0x000149b8   0x000149b8   0x0000002e   Data   RO         6129    .constdata          consolas24b.o
    0x000149e6   0x000149e6   0x00000002   PAD
    0x000149e8   0x000149e8   0x0000000c   Data   RO         6130    .constdata          consolas24b.o
    0x000149f4   0x000149f4   0x0000002e   Data   RO         6131    .constdata          consolas24b.o
    0x00014a22   0x00014a22   0x00000002   PAD
    0x00014a24   0x00014a24   0x0000000c   Data   RO         6132    .constdata          consolas24b.o
    0x00014a30   0x00014a30   0x0000002e   Data   RO         6133    .constdata          consolas24b.o
    0x00014a5e   0x00014a5e   0x00000002   PAD
    0x00014a60   0x00014a60   0x0000000c   Data   RO         6134    .constdata          consolas24b.o
    0x00014a6c   0x00014a6c   0x0000002e   Data   RO         6135    .constdata          consolas24b.o
    0x00014a9a   0x00014a9a   0x00000002   PAD
    0x00014a9c   0x00014a9c   0x0000000c   Data   RO         6136    .constdata          consolas24b.o
    0x00014aa8   0x00014aa8   0x0000002e   Data   RO         6137    .constdata          consolas24b.o
    0x00014ad6   0x00014ad6   0x00000002   PAD
    0x00014ad8   0x00014ad8   0x0000000c   Data   RO         6138    .constdata          consolas24b.o
    0x00014ae4   0x00014ae4   0x0000002e   Data   RO         6139    .constdata          consolas24b.o
    0x00014b12   0x00014b12   0x00000002   PAD
    0x00014b14   0x00014b14   0x0000000c   Data   RO         6140    .constdata          consolas24b.o
    0x00014b20   0x00014b20   0x0000002e   Data   RO         6141    .constdata          consolas24b.o
    0x00014b4e   0x00014b4e   0x00000002   PAD
    0x00014b50   0x00014b50   0x0000000c   Data   RO         6142    .constdata          consolas24b.o
    0x00014b5c   0x00014b5c   0x0000002e   Data   RO         6143    .constdata          consolas24b.o
    0x00014b8a   0x00014b8a   0x00000002   PAD
    0x00014b8c   0x00014b8c   0x0000000c   Data   RO         6144    .constdata          consolas24b.o
    0x00014b98   0x00014b98   0x0000002e   Data   RO         6145    .constdata          consolas24b.o
    0x00014bc6   0x00014bc6   0x00000002   PAD
    0x00014bc8   0x00014bc8   0x0000000c   Data   RO         6146    .constdata          consolas24b.o
    0x00014bd4   0x00014bd4   0x0000002e   Data   RO         6147    .constdata          consolas24b.o
    0x00014c02   0x00014c02   0x00000002   PAD
    0x00014c04   0x00014c04   0x0000000c   Data   RO         6148    .constdata          consolas24b.o
    0x00014c10   0x00014c10   0x0000002e   Data   RO         6149    .constdata          consolas24b.o
    0x00014c3e   0x00014c3e   0x00000002   PAD
    0x00014c40   0x00014c40   0x0000000c   Data   RO         6150    .constdata          consolas24b.o
    0x00014c4c   0x00014c4c   0x0000002e   Data   RO         6151    .constdata          consolas24b.o
    0x00014c7a   0x00014c7a   0x00000002   PAD
    0x00014c7c   0x00014c7c   0x0000000c   Data   RO         6152    .constdata          consolas24b.o
    0x00014c88   0x00014c88   0x0000002e   Data   RO         6153    .constdata          consolas24b.o
    0x00014cb6   0x00014cb6   0x00000002   PAD
    0x00014cb8   0x00014cb8   0x0000000c   Data   RO         6154    .constdata          consolas24b.o
    0x00014cc4   0x00014cc4   0x0000002e   Data   RO         6155    .constdata          consolas24b.o
    0x00014cf2   0x00014cf2   0x00000002   PAD
    0x00014cf4   0x00014cf4   0x0000000c   Data   RO         6156    .constdata          consolas24b.o
    0x00014d00   0x00014d00   0x0000002e   Data   RO         6157    .constdata          consolas24b.o
    0x00014d2e   0x00014d2e   0x00000002   PAD
    0x00014d30   0x00014d30   0x0000000c   Data   RO         6158    .constdata          consolas24b.o
    0x00014d3c   0x00014d3c   0x0000002e   Data   RO         6159    .constdata          consolas24b.o
    0x00014d6a   0x00014d6a   0x00000002   PAD
    0x00014d6c   0x00014d6c   0x0000000c   Data   RO         6160    .constdata          consolas24b.o
    0x00014d78   0x00014d78   0x0000002e   Data   RO         6161    .constdata          consolas24b.o
    0x00014da6   0x00014da6   0x00000002   PAD
    0x00014da8   0x00014da8   0x0000000c   Data   RO         6162    .constdata          consolas24b.o
    0x00014db4   0x00014db4   0x0000002e   Data   RO         6163    .constdata          consolas24b.o
    0x00014de2   0x00014de2   0x00000002   PAD
    0x00014de4   0x00014de4   0x0000000c   Data   RO         6164    .constdata          consolas24b.o
    0x00014df0   0x00014df0   0x000002f8   Data   RO         6165    .constdata          consolas24b.o
    0x000150e8   0x000150e8   0x00000008   Data   RO         6166    .constdata          consolas24b.o
    0x000150f0   0x000150f0   0x0000002a   Data   RO         6175    .constdata          consolas24h.o
    0x0001511a   0x0001511a   0x0000002a   Data   RO         6176    .constdata          consolas24h.o
    0x00015144   0x00015144   0x0000002a   Data   RO         6177    .constdata          consolas24h.o
    0x0001516e   0x0001516e   0x0000002a   Data   RO         6178    .constdata          consolas24h.o
    0x00015198   0x00015198   0x0000002a   Data   RO         6179    .constdata          consolas24h.o
    0x000151c2   0x000151c2   0x0000002a   Data   RO         6180    .constdata          consolas24h.o
    0x000151ec   0x000151ec   0x0000002a   Data   RO         6181    .constdata          consolas24h.o
    0x00015216   0x00015216   0x0000002a   Data   RO         6182    .constdata          consolas24h.o
    0x00015240   0x00015240   0x0000002a   Data   RO         6183    .constdata          consolas24h.o
    0x0001526a   0x0001526a   0x0000002a   Data   RO         6184    .constdata          consolas24h.o
    0x00015294   0x00015294   0x0000002a   Data   RO         6185    .constdata          consolas24h.o
    0x000152be   0x000152be   0x0000002a   Data   RO         6186    .constdata          consolas24h.o
    0x000152e8   0x000152e8   0x0000002a   Data   RO         6187    .constdata          consolas24h.o
    0x00015312   0x00015312   0x0000002a   Data   RO         6188    .constdata          consolas24h.o
    0x0001533c   0x0001533c   0x0000002a   Data   RO         6189    .constdata          consolas24h.o
    0x00015366   0x00015366   0x0000002a   Data   RO         6190    .constdata          consolas24h.o
    0x00015390   0x00015390   0x0000002a   Data   RO         6191    .constdata          consolas24h.o
    0x000153ba   0x000153ba   0x0000002a   Data   RO         6192    .constdata          consolas24h.o
    0x000153e4   0x000153e4   0x0000002a   Data   RO         6193    .constdata          consolas24h.o
    0x0001540e   0x0001540e   0x0000002a   Data   RO         6194    .constdata          consolas24h.o
    0x00015438   0x00015438   0x0000002a   Data   RO         6195    .constdata          consolas24h.o
    0x00015462   0x00015462   0x0000002a   Data   RO         6196    .constdata          consolas24h.o
    0x0001548c   0x0001548c   0x0000002a   Data   RO         6197    .constdata          consolas24h.o
    0x000154b6   0x000154b6   0x0000002a   Data   RO         6198    .constdata          consolas24h.o
    0x000154e0   0x000154e0   0x0000002a   Data   RO         6199    .constdata          consolas24h.o
    0x0001550a   0x0001550a   0x0000002a   Data   RO         6200    .constdata          consolas24h.o
    0x00015534   0x00015534   0x0000002a   Data   RO         6201    .constdata          consolas24h.o
    0x0001555e   0x0001555e   0x0000002a   Data   RO         6202    .constdata          consolas24h.o
    0x00015588   0x00015588   0x0000002a   Data   RO         6203    .constdata          consolas24h.o
    0x000155b2   0x000155b2   0x0000002a   Data   RO         6204    .constdata          consolas24h.o
    0x000155dc   0x000155dc   0x0000002a   Data   RO         6205    .constdata          consolas24h.o
    0x00015606   0x00015606   0x0000002a   Data   RO         6206    .constdata          consolas24h.o
    0x00015630   0x00015630   0x0000002a   Data   RO         6207    .constdata          consolas24h.o
    0x0001565a   0x0001565a   0x0000002a   Data   RO         6208    .constdata          consolas24h.o
    0x00015684   0x00015684   0x0000002a   Data   RO         6209    .constdata          consolas24h.o
    0x000156ae   0x000156ae   0x0000002a   Data   RO         6210    .constdata          consolas24h.o
    0x000156d8   0x000156d8   0x0000002a   Data   RO         6211    .constdata          consolas24h.o
    0x00015702   0x00015702   0x0000002a   Data   RO         6212    .constdata          consolas24h.o
    0x0001572c   0x0001572c   0x0000002a   Data   RO         6213    .constdata          consolas24h.o
    0x00015756   0x00015756   0x0000002a   Data   RO         6214    .constdata          consolas24h.o
    0x00015780   0x00015780   0x0000002a   Data   RO         6215    .constdata          consolas24h.o
    0x000157aa   0x000157aa   0x0000002a   Data   RO         6216    .constdata          consolas24h.o
    0x000157d4   0x000157d4   0x0000002a   Data   RO         6217    .constdata          consolas24h.o
    0x000157fe   0x000157fe   0x0000002a   Data   RO         6218    .constdata          consolas24h.o
    0x00015828   0x00015828   0x0000002a   Data   RO         6219    .constdata          consolas24h.o
    0x00015852   0x00015852   0x0000002a   Data   RO         6220    .constdata          consolas24h.o
    0x0001587c   0x0001587c   0x0000002a   Data   RO         6221    .constdata          consolas24h.o
    0x000158a6   0x000158a6   0x0000002a   Data   RO         6222    .constdata          consolas24h.o
    0x000158d0   0x000158d0   0x0000002a   Data   RO         6223    .constdata          consolas24h.o
    0x000158fa   0x000158fa   0x0000002a   Data   RO         6224    .constdata          consolas24h.o
    0x00015924   0x00015924   0x0000002a   Data   RO         6225    .constdata          consolas24h.o
    0x0001594e   0x0001594e   0x0000002a   Data   RO         6226    .constdata          consolas24h.o
    0x00015978   0x00015978   0x0000002a   Data   RO         6227    .constdata          consolas24h.o
    0x000159a2   0x000159a2   0x0000002a   Data   RO         6228    .constdata          consolas24h.o
    0x000159cc   0x000159cc   0x0000002a   Data   RO         6229    .constdata          consolas24h.o
    0x000159f6   0x000159f6   0x0000002a   Data   RO         6230    .constdata          consolas24h.o
    0x00015a20   0x00015a20   0x0000002a   Data   RO         6231    .constdata          consolas24h.o
    0x00015a4a   0x00015a4a   0x0000002a   Data   RO         6232    .constdata          consolas24h.o
    0x00015a74   0x00015a74   0x0000002a   Data   RO         6233    .constdata          consolas24h.o
    0x00015a9e   0x00015a9e   0x0000002a   Data   RO         6234    .constdata          consolas24h.o
    0x00015ac8   0x00015ac8   0x0000002a   Data   RO         6235    .constdata          consolas24h.o
    0x00015af2   0x00015af2   0x0000002a   Data   RO         6236    .constdata          consolas24h.o
    0x00015b1c   0x00015b1c   0x0000002a   Data   RO         6237    .constdata          consolas24h.o
    0x00015b46   0x00015b46   0x0000002a   Data   RO         6238    .constdata          consolas24h.o
    0x00015b70   0x00015b70   0x0000002a   Data   RO         6239    .constdata          consolas24h.o
    0x00015b9a   0x00015b9a   0x0000002a   Data   RO         6240    .constdata          consolas24h.o
    0x00015bc4   0x00015bc4   0x0000002a   Data   RO         6241    .constdata          consolas24h.o
    0x00015bee   0x00015bee   0x0000002a   Data   RO         6242    .constdata          consolas24h.o
    0x00015c18   0x00015c18   0x0000002a   Data   RO         6243    .constdata          consolas24h.o
    0x00015c42   0x00015c42   0x0000002a   Data   RO         6244    .constdata          consolas24h.o
    0x00015c6c   0x00015c6c   0x0000002a   Data   RO         6245    .constdata          consolas24h.o
    0x00015c96   0x00015c96   0x0000002a   Data   RO         6246    .constdata          consolas24h.o
    0x00015cc0   0x00015cc0   0x0000002a   Data   RO         6247    .constdata          consolas24h.o
    0x00015cea   0x00015cea   0x0000002a   Data   RO         6248    .constdata          consolas24h.o
    0x00015d14   0x00015d14   0x0000002a   Data   RO         6249    .constdata          consolas24h.o
    0x00015d3e   0x00015d3e   0x0000002a   Data   RO         6250    .constdata          consolas24h.o
    0x00015d68   0x00015d68   0x0000002a   Data   RO         6251    .constdata          consolas24h.o
    0x00015d92   0x00015d92   0x0000002a   Data   RO         6252    .constdata          consolas24h.o
    0x00015dbc   0x00015dbc   0x0000002a   Data   RO         6253    .constdata          consolas24h.o
    0x00015de6   0x00015de6   0x0000002a   Data   RO         6254    .constdata          consolas24h.o
    0x00015e10   0x00015e10   0x0000002a   Data   RO         6255    .constdata          consolas24h.o
    0x00015e3a   0x00015e3a   0x0000002a   Data   RO         6256    .constdata          consolas24h.o
    0x00015e64   0x00015e64   0x0000002a   Data   RO         6257    .constdata          consolas24h.o
    0x00015e8e   0x00015e8e   0x0000002a   Data   RO         6258    .constdata          consolas24h.o
    0x00015eb8   0x00015eb8   0x0000002a   Data   RO         6259    .constdata          consolas24h.o
    0x00015ee2   0x00015ee2   0x0000002a   Data   RO         6260    .constdata          consolas24h.o
    0x00015f0c   0x00015f0c   0x0000002a   Data   RO         6261    .constdata          consolas24h.o
    0x00015f36   0x00015f36   0x0000002a   Data   RO         6262    .constdata          consolas24h.o
    0x00015f60   0x00015f60   0x0000002a   Data   RO         6263    .constdata          consolas24h.o
    0x00015f8a   0x00015f8a   0x0000002a   Data   RO         6264    .constdata          consolas24h.o
    0x00015fb4   0x00015fb4   0x0000002a   Data   RO         6265    .constdata          consolas24h.o
    0x00015fde   0x00015fde   0x0000002a   Data   RO         6266    .constdata          consolas24h.o
    0x00016008   0x00016008   0x0000002a   Data   RO         6267    .constdata          consolas24h.o
    0x00016032   0x00016032   0x0000002a   Data   RO         6268    .constdata          consolas24h.o
    0x0001605c   0x0001605c   0x0000002a   Data   RO         6269    .constdata          consolas24h.o
    0x00016086   0x00016086   0x00000002   PAD
    0x00016088   0x00016088   0x000002f8   Data   RO         6270    .constdata          consolas24h.o
    0x00016380   0x00016380   0x0000000c   Data   RO         6271    .constdata          consolas24h.o
    0x0001638c   0x0001638c   0x00000010   Data   RO         6272    .constdata          consolas24h.o
    0x0001639c   0x0001639c   0x00000076   Data   RO         4104    .conststring        crsf.o
    0x00016412   0x00016412   0x00000002   PAD
    0x00016414   0x00016414   0x0000009c   Data   RO         5481    .conststring        gui.o
    0x000164b0   0x000164b0   0x00000020   Data   RO         6769    Region$$Table       anon$$obj.o


    Execution Region RW_IRAM1 (Exec base: 0x20000000, Load base: 0x000164d0, Size: 0x00015108, Max: 0x00028000, ABSOLUTE, COMPRESSED[0x00000174])

    Exec Addr    Load Addr    Size         Type   Attr      Idx    E Section Name        Object

    0x20000000   COMPRESSED   0x00000004   Data   RW           18    .data               main.o
    0x20000004   COMPRESSED   0x0000003c   Data   RW          908    .data               tasks.o
    0x20000040   COMPRESSED   0x00000014   Data   RW         1222    .data               timers.o
    0x20000054   COMPRESSED   0x00000018   Data   RW         1351    .data               heap_2.o
    0x2000006c   COMPRESSED   0x0000000c   Data   RW         1405    .data               port.o
    0x20000078   COMPRESSED   0x00000004   Data   RW         1525    .data               clk.o
    0x2000007c   COMPRESSED   0x00000004   Data   RW         2180    .data               eadc.o
    0x20000080   COMPRESSED   0x00000004   Data   RW         3789    .data               fmc.o
    0x20000084   COMPRESSED   0x0000014c   Data   RW         4107    .data               crsf.o
    0x200001d0   COMPRESSED   0x00000004   Data   RW         4306    .data               delay.o
    0x200001d4   COMPRESSED   0x00000018   Data   RW         4436    .data               memory_lcd.o
    0x200001ec   COMPRESSED   0x0000000c   Data   RW         4628    .data               inputs.o
    0x200001f8   COMPRESSED   0x00000028   Data   RW         4629    .data               inputs.o
    0x20000220   COMPRESSED   0x00000004   Data   RW         4962    .data               ff.o
    0x20000224   COMPRESSED   0x00000008   Data   RW         5334    .data               sdh_control.o
    0x2000022c   COMPRESSED   0x00000010   Data   RW         5410    .data               sound.o
    0x2000023c   COMPRESSED   0x0000003c   Data   RW         5482    .data               gui.o
    0x20000278   COMPRESSED   0x00000004   Data   RW         6294    .data               retarget.o
    0x2000027c   COMPRESSED   0x0000002c   Data   RW         6375    .data               system_m480.o
    0x200002a8   COMPRESSED   0x00000004   Data   RW         6754    .data               mc_w.l(mvars.o)
    0x200002ac   COMPRESSED   0x00000004   Data   RW         6755    .data               mc_w.l(mvars.o)
    0x200002b0        -       0x00000040   Zero   RW          632    .bss                queue.o
    0x200002f0        -       0x000000c8   Zero   RW          907    .bss                tasks.o
    0x200003b8        -       0x00000028   Zero   RW         1221    .bss                timers.o
    0x200003e0        -       0x00006000   Zero   RW         1350    .bss                heap_2.o
    0x200063e0        -       0x00000010   Zero   RW         3105    .bss                pdma.o
    0x200063f0        -       0x00000438   Zero   RW         3392    .bss                sdh.o
    0x20006828        -       0x00003d97   Zero   RW         4101    .bss                crsf.o
    0x2000a5bf   COMPRESSED   0x00000001   PAD
    0x2000a5c0        -       0x0000004e   Zero   RW         4358    .bss                eeprom.o
    0x2000a60e        -       0x00000020   Zero   RW         4359    .bss                eeprom.o
    0x2000a62e        -       0x00005dc0   Zero   RW         4435    .bss                memory_lcd.o
    0x200103ee   COMPRESSED   0x00000002   PAD
    0x200103f0        -       0x00000370   Zero   RW         4627    .bss                inputs.o
    0x20010760        -       0x00000108   Zero   RW         4723    .bss                ring_buffer.o
    0x20010868        -       0x00000200   Zero   RW         4852    .bss                diskio.o
    0x20010a68        -       0x00000056   Zero   RW         4960    .bss                ff.o
    0x20010abe   COMPRESSED   0x00000002   PAD
    0x20010ac0        -       0x00000390   Zero   RW         5278    .bss                sdcard.o
    0x20010e50        -       0x00000764   Zero   RW         5333    .bss                sdh_control.o
    0x200115b4        -       0x00003254   Zero   RW         5409    .bss                sound.o
    0x20014808        -       0x00000100   Zero   RW         6364    HEAP                startup_m480.o
    0x20014908        -       0x00000800   Zero   RW         6363    STACK               startup_m480.o


==============================================================================

Image component sizes


      Code (inc. data)   RO Data    RW Data    ZI Data      Debug   Object Name

         0          0       6432          0          0       8267   abeatbykai24.o
         0          0         66          0          0        726   antenna.o
         0          0       2168          0          0       1603   arcade36.o
         0          0         24          0          0        726   arrow_d.o
         0          0         23          0          0        726   arrow_l.o
         0          0         23          0          0        726   arrow_r.o
         0          0        102          0          0        751   battery_chrg.o
       122          0          0          0          0       2603   bfcfontmgr.o
      1144         80          0          4          0      22025   clk.o
       170          0          0          0          0       3404   common.o
         0          0       6278          0          0       8154   consolas24b.o
         0          0       4778          0          0       8032   consolas24h.o
      3662        354        410        332      15767      24540   crsf.o
        88         22          0          4          0       2771   delay.o
       488         64          0          0        512       4218   diskio.o
        96         16          0          4          0       2110   eadc.o
       266         70          0          0        110       2745   eeprom.o
      4212         78        141          4         86      45372   ff.o
       244         30        942          0          0       3080   ffunicode.o
       624         86          0          4          0       6244   fmc.o
        88          0          0          0          0       1861   gpio.o
      7210        896        162         60          0      17056   gui.o
       240         12          0         24      24576       3583   heap_2.o
       694         52          0         52        880      35105   inputs.o
         0          0       6662          0          0        751   kolamuclogo.o
       138          0          0          0          0       5178   list.o
      1648        352          6          4          0     273505   main.o
         0          0      12012          0          0        750   main_screen.o
      1332         56          0         24      24000      18218   memory_lcd.o
         0          0       1484          0          0        741   multirotor.o
       410         30          0          0         16       3744   pdma.o
       786         82          0         12          0      12281   port.o
        42          0          0          0          0       2110   qei.o
         0          0       5012          0          0        721   qr-code.o
      1610         18          0          0         64      23690   queue.o
       280        130          0          4          0       4867   retarget.o
       134         16          0          0        264       3939   ring_buffer.o
       376        170          0          0        912       2130   sdcard.o
      1240         72          0          0       1080       8318   sdh.o
       156         48          0          8       1892       2417   sdh_control.o
       160         22          0         16      12884       3490   sound.o
       542         18          0          0          0       2597   spi.o
       104         20        500          0       2304        880   startup_m480.o
        28          4          0          0          0        598   sys.o
       192         20          0         44          0       2075   system_m480.o
      1882        146          0         60        200      21831   tasks.o
       174         18         32          0          0       2212   timer.o
       852         80          0         20         40      18067   timers.o
       410         42         48          0          0       3074   uart.o
         0          0         88          0          0        727   usb_logo.o
         0          0         69          0          0        736   user_logo.o
         0          0       2028          0          0        736   value_box.o
         0          0       5562          0          0        765   warning_screen.o

    ----------------------------------------------------------------------
     31900       3104      55292        680      85592     627576   Object Totals
         0          0         32          0          0          0   (incl. Generated)
        56          0        208          0          5          0   (incl. Padding)

    ----------------------------------------------------------------------

      Code (inc. data)   RO Data    RW Data    ZI Data      Debug   Library Member Name

        86          0          0          0          0          0   __dczerorl2.o
         0          0          0          0          0          0   entry.o
         0          0          0          0          0          0   entry10a.o
         0          0          0          0          0          0   entry11a.o
         4          0          0          0          0          0   entry12b.o
         8          4          0          0          0          0   entry2.o
         4          0          0          0          0          0   entry5.o
         0          0          0          0          0          0   entry7b.o
         0          0          0          0          0          0   entry8b.o
         8          4          0          0          0          0   entry9a.o
        30          0          0          0          0          0   handlers.o
        36          8          0          0          0         68   init.o
         0          0          0          0          0          0   iusefp.o
        30          0          0          0          0         68   llshl.o
        36          0          0          0          0         68   llsshr.o
        32          0          0          0          0         68   llushr.o
       188         20          0          0          0        160   malloc.o
        26          0          0          0          0         80   memcmp.o
        36          0          0          0          0         68   memcpya.o
        36          0          0          0          0        108   memseta.o
         0          0          0          8          0          0   mvars.o
      2268         96          0          0          0        616   printfa.o
        48          0          0          0          0         76   strlcpy.o
        14          0          0          0          0         68   strlen.o
        30          0          0          0          0         80   strncmp.o
        24          0          0          0          0         76   strncpy.o
        44          0          0          0          0         80   uidiv.o
        98          0          0          0          0         92   uldiv.o
        48          0          0          0          0         68   cdrcmple.o
       334          0          0          0          0        148   dadd.o
       222          0          0          0          0        100   ddiv.o
       186          0          0          0          0        176   depilogue.o
        48          0          0          0          0         68   dfixul.o
       228          0          0          0          0         96   dmul.o

    ----------------------------------------------------------------------
      4152        132          0          8          0       2432   Library Totals
         0          0          0          0          0          0   (incl. Padding)

    ----------------------------------------------------------------------

      Code (inc. data)   RO Data    RW Data    ZI Data      Debug   Library Name

      3086        132          0          8          0       1776   mc_w.l
      1066          0          0          0          0        656   mf_w.l

    ----------------------------------------------------------------------
      4152        132          0          8          0       2432   Library Totals

    ----------------------------------------------------------------------

==============================================================================


      Code (inc. data)   RO Data    RW Data    ZI Data      Debug   

     36052       3236      55292        688      85592     604292   Grand Totals
     36052       3236      55292        372      85592     604292   ELF Image Totals (compressed)
     36052       3236      55292        372          0          0   ROM Totals

==============================================================================

    Total RO  Size (Code + RO Data)                91344 (  89.20kB)
    Total RW  Size (RW Data + ZI Data)             86280 (  84.26kB)
    Total ROM Size (Code + RO Data + RW Data)      91716 (  89.57kB)

==============================================================================

