Component: ARM Compiler 5.06 update 6 (build 750) Tool: armlink [4d35ed]

==============================================================================

Section Cross References

    main.o(i.EADC_Init) refers to eadc.o(i.EADC_Open) for EADC_Open
    main.o(i.EADC_Init) refers to eadc.o(i.EADC_ConfigSampleModule) for EADC_ConfigSampleModule
    main.o(i.EADC_Init) refers to main.o(i.NVIC_EnableIRQ) for NVIC_EnableIRQ
    main.o(i.GPIO_Init) refers to gpio.o(i.GPIO_SetMode) for GPIO_SetMode
    main.o(i.QEI0_Init) refers to qei.o(i.QEI_Open) for QEI_Open
    main.o(i.QEI0_Init) refers to qei.o(i.QEI_Start) for QEI_Start
    main.o(i.QEI0_Init_Index) refers to qei.o(i.QEI_Open) for QEI_Open
    main.o(i.QEI0_Init_Index) refers to qei.o(i.QEI_Start) for QEI_Start
    main.o(i.SPI_Init) refers to spi.o(i.SPI_Open) for SPI_Open
    main.o(i.SPI_Init) refers to spi.o(i.SPI_DisableAutoSS) for SPI_DisableAutoSS
    main.o(i.SYS_Init) refers to clk.o(i.CLK_EnableXtalRC) for CLK_EnableXtalRC
    main.o(i.SYS_Init) refers to clk.o(i.CLK_WaitClockReady) for CLK_WaitClockReady
    main.o(i.SYS_Init) refers to clk.o(i.CLK_SetHCLK) for CLK_SetHCLK
    main.o(i.SYS_Init) refers to clk.o(i.CLK_SetCoreClock) for CLK_SetCoreClock
    main.o(i.SYS_Init) refers to clk.o(i.CLK_EnableModuleClock) for CLK_EnableModuleClock
    main.o(i.SYS_Init) refers to sys.o(i.SYS_ResetModule) for SYS_ResetModule
    main.o(i.SYS_Init) refers to clk.o(i.CLK_SetModuleClock) for CLK_SetModuleClock
    main.o(i.SYS_Init) refers to system_m480.o(i.SystemCoreClockUpdate) for SystemCoreClockUpdate
    main.o(i.SYS_Init) refers to gpio.o(i.GPIO_SetSlewCtl) for GPIO_SetSlewCtl
    main.o(i.TIMER0_Init) refers to timer.o(i.TIMER_Open) for TIMER_Open
    main.o(i.TIMER0_Init) refers to timer.o(i.TIMER_SetTriggerTarget) for TIMER_SetTriggerTarget
    main.o(i.TIMER1_Init) refers to timer.o(i.TIMER_Open) for TIMER_Open
    main.o(i.TIMER1_Init) refers to main.o(i.NVIC_EnableIRQ) for NVIC_EnableIRQ
    main.o(i.TMR1_IRQHandler) refers to memory_lcd.o(i.extcom_toggle) for extcom_toggle
    main.o(i.TMR1_IRQHandler) refers to delay.o(.data) for usec
    main.o(i.TMR1_IRQHandler) refers to main.o(.data) for .data
    main.o(i.UART0_Init) refers to sys.o(i.SYS_ResetModule) for SYS_ResetModule
    main.o(i.UART0_Init) refers to uart.o(i.UART_Open) for UART_Open
    main.o(i.main) refers to _printf_percent.o(.ARM.Collect$$_printf_percent$$00000000) for _printf_percent
    main.o(i.main) refers to _printf_s.o(.ARM.Collect$$_printf_percent$$00000014) for _printf_s
    main.o(i.main) refers to _printf_str.o(.text) for _printf_str
    main.o(i.main) refers to _printf_d.o(.ARM.Collect$$_printf_percent$$00000009) for _printf_d
    main.o(i.main) refers to _printf_dec.o(.text) for _printf_int_dec
    main.o(i.main) refers to main.o(i.SYS_Init) for SYS_Init
    main.o(i.main) refers to main.o(i.UART0_Init) for UART0_Init
    main.o(i.main) refers to main.o(i.TIMER0_Init) for TIMER0_Init
    main.o(i.main) refers to main.o(i.TIMER1_Init) for TIMER1_Init
    main.o(i.main) refers to main.o(i.SPI_Init) for SPI_Init
    main.o(i.main) refers to main.o(i.QEI0_Init_Index) for QEI0_Init_Index
    main.o(i.main) refers to main.o(i.GPIO_Init) for GPIO_Init
    main.o(i.main) refers to main.o(i.EADC_Init) for EADC_Init
    main.o(i.main) refers to gui.o(i.GUI_Init) for GUI_Init
    main.o(i.main) refers to crsf.o(i.CRSF_begin) for CRSF_begin
    main.o(i.main) refers to noretval__2printf.o(.text) for __2printf
    main.o(i.main) refers to eeprom.o(i.setDataFlashBase) for setDataFlashBase
    main.o(i.main) refers to eeprom.o(i.TableReadToFlash) for TableReadToFlash
    main.o(i.main) refers to inputs.o(i.calibrationAnalogJoysticks) for calibrationAnalogJoysticks
    main.o(i.main) refers to sdcard.o(i.PrintSDCard) for PrintSDCard
    main.o(i.main) refers to sdh_control.o(i.list_dir) for list_dir
    main.o(i.main) refers to gui.o(i.GUI_Update) for GUI_Update
    main.o(i.main) refers to inputs.o(i.updateBattery) for updateBattery
    main.o(i.main) refers to inputs.o(i.updateButtons) for updateButtons
    main.o(i.main) refers to inputs.o(i.gpioMixer) for gpioMixer
    main.o(i.main) refers to crsf.o(i.CRSF_Update) for CRSF_Update
    main.o(i.main) refers to main.o(.constdata) for .constdata
    main.o(i.main) refers to system_m480.o(.data) for SystemCoreClock
    main.o(i.main) refers to eeprom.o(.bss) for myTableParams
    main.o(i.main) refers to delay.o(.data) for usec
    common.o(i.mapJoystickCRSFValues) refers to common.o(i.constrain) for constrain
    common.o(i.mapJoystickCRSFValues) refers to common.o(i.map) for map
    common.o(i.mapJoystickValues) refers to common.o(i.constrain) for constrain
    common.o(i.mapJoystickValues) refers to common.o(i.map) for map
    crsf.o(i.CRSF_GetDeviceStat) refers to crsf.o(.bss) for .bss
    crsf.o(i.CRSF_PrepareRCPacket) refers to common.o(i.mapJoystickCRSFValues) for mapJoystickCRSFValues
[...]
    0x000081c0   0x000081c0   0x00000268   Code   RO          993    i.find_volume       ff.o
    0x00008428   0x00008428   0x00000094   Code   RO          994    i.follow_path       ff.o
    0x000084bc   0x000084bc   0x0000000c   Code   RO         5702    i.fputc             retarget.o
    0x000084c8   0x000084c8   0x00000038   Code   RO          585    i.getCrossfireTelemetryValue  crsf.o
    0x00008500   0x00008500   0x000000be   Code   RO          997    i.get_fat           ff.o
    0x000085be   0x000085be   0x00000154   Code   RO          998    i.get_fileinfo      ff.o
    0x00008712   0x00008712   0x00000002   PAD
    0x00008714   0x00008714   0x00000044   Code   RO          999    i.get_ldnumber      ff.o
    0x00008758   0x00008758   0x00000030   Code   RO          586    i.get_update_interval  crsf.o
    0x00008788   0x00008788   0x00000054   Code   RO         1496    i.gpioMixer         inputs.o
    0x000087dc   0x000087dc   0x00000026   Code   RO         1000    i.ld_clust          ff.o
    0x00008802   0x00008802   0x00000016   Code   RO         1001    i.ld_dword          ff.o
    0x00008818   0x00008818   0x0000000a   Code   RO         1002    i.ld_word           ff.o
    0x00008822   0x00008822   0x00000002   PAD
    0x00008824   0x00008824   0x000000b8   Code   RO         1925    i.list_dir          sdh_control.o
    0x000088dc   0x000088dc   0x000000f4   Code   RO           15    i.main              main.o
    0x000089d0   0x000089d0   0x00000014   Code   RO          513    i.map               common.o
    0x000089e4   0x000089e4   0x00000042   Code   RO          514    i.mapJoystickCRSFValues  common.o
    0x00008a26   0x00008a26   0x00000044   Code   RO          515    i.mapJoystickValues  common.o
    0x00008a6a   0x00008a6a   0x00000002   PAD
    0x00008a6c   0x00008a6c   0x0000001a   Code   RO         1003    i.mem_cmp           ff.o
    0x00008a86   0x00008a86   0x00000002   PAD
    0x00008a88   0x00008a88   0x0000000e   Code   RO         1005    i.mem_set           ff.o
    0x00008a96   0x00008a96   0x00000002   PAD
    0x00008a98   0x00008a98   0x0000000c   Code   RO          808    i.micros            delay.o
    0x00008aa4   0x00008aa4   0x00000014   Code   RO          809    i.millis            delay.o
    0x00008ab8   0x00008ab8   0x00000032   Code   RO         1006    i.move_window       ff.o
    0x00008aea   0x00008aea   0x00000044   Code   RO          587    i.parse_bytes       crsf.o
    0x00008b2e   0x00008b2e   0x00000002   PAD
    0x00008b30   0x00008b30   0x000000c0   Code   RO          588    i.parse_device      crsf.o
    0x00008bf0   0x00008bf0   0x00000078   Code   RO          589    i.parse_elrs_info   crsf.o
    0x00008c68   0x00008c68   0x0000028c   Code   RO          590    i.parse_param       crsf.o
    0x00008ef4   0x00008ef4   0x0000000e   Code   RO          591    i.parse_u32         crsf.o
    0x00008f02   0x00008f02   0x00000002   PAD
    0x00008f04   0x00008f04   0x00000074   Code   RO         1008    i.pick_lfn          ff.o
    0x00008f78   0x00008f78   0x000000ea   Code   RO         1009    i.put_fat           ff.o
    0x00009062   0x00009062   0x00000002   PAD
    0x00009064   0x00009064   0x0000002c   Code   RO         1497    i.resetCalibrationValues  inputs.o
    0x00009090   0x00009090   0x00000014   Code   RO         1498    i.resetTrimValues   inputs.o
    0x000090a4   0x000090a4   0x00000258   Code   RO          593    i.serialEvent       crsf.o
    0x000092fc   0x000092fc   0x000000a4   Code   RO          915    i.setDataFlashBase  eeprom.o
    0x000093a0   0x000093a0   0x00000014   Code   RO         1617    i.spi_write_byte    memory_lcd.o
    0x000093b4   0x000093b4   0x00000010   Code   RO         1012    i.st_dword          ff.o
    0x000093c4   0x000093c4   0x00000008   Code   RO         1013    i.st_word           ff.o
    0x000093cc   0x000093cc   0x000000a8   Code   RO         5704    i.stackDump         retarget.o
    0x00009474   0x00009474   0x0000001a   Code   RO         1014    i.sum_sfn           ff.o
    0x0000948e   0x0000948e   0x00000002   PAD
    0x00009490   0x00009490   0x00000028   Code   RO          594    i.sync_crsf         crsf.o
    0x000094b8   0x000094b8   0x00000046   Code   RO         1016    i.sync_window       ff.o
    0x000094fe   0x000094fe   0x00000002   PAD
    0x00009500   0x00009500   0x00000048   Code   RO         1499    i.updateBattery     inputs.o
    0x00009548   0x00009548   0x00000118   Code   RO         1500    i.updateButtons     inputs.o
    0x00009660   0x00009660   0x0000007c   Code   RO         1618    i.utf8_next_char    memory_lcd.o
    0x000096dc   0x000096dc   0x00000034   Code   RO         1017    i.validate          ff.o
    0x00009710   0x00009710   0x0000002c   Code   RO         6159    locale$$code        c_w.l(lc_numeric_c.o)
    0x0000973c   0x0000973c   0x00000150   Code   RO         5973    x$fpl$dadd          fz_wm.l(daddsub_clz.o)
    0x0000988c   0x0000988c   0x000002b0   Code   RO         5980    x$fpl$ddiv          fz_wm.l(ddiv.o)
    0x00009b3c   0x00009b3c   0x0000005e   Code   RO         5983    x$fpl$dfix          fz_wm.l(dfix.o)
    0x00009b9a   0x00009b9a   0x00000002   PAD
    0x00009b9c   0x00009b9c   0x00000154   Code   RO         5987    x$fpl$dmul          fz_wm.l(dmul.o)
    0x00009cf0   0x00009cf0   0x0000009c   Code   RO         6085    x$fpl$dnaninf       fz_wm.l(dnaninf.o)
    0x00009d8c   0x00009d8c   0x0000000c   Code   RO         6087    x$fpl$dretinf       fz_wm.l(dretinf.o)
    0x00009d98   0x00009d98   0x000001d4   Code   RO         5975    x$fpl$dsub          fz_wm.l(daddsub_clz.o)
    0x00009f6c   0x00009f6c   0x00000056   Code   RO         5989    x$fpl$f2d           fz_wm.l(f2d.o)
    0x00009fc2   0x00009fc2   0x0000008c   Code   RO         6089    x$fpl$fnaninf       fz_wm.l(fnaninf.o)
    0x0000a04e   0x0000a04e   0x0000000a   Code   RO         6170    x$fpl$fpinit        fz_wm.l(fpinit.o)
    0x0000a058   0x0000a058   0x00000004   Code   RO         5991    x$fpl$printf1       fz_wm.l(printf1.o)
    0x0000a05c   0x0000a05c   0x00000000   Code   RO         6091    x$fpl$usenofp       fz_wm.l(usenofp.o)
    0x0000a05c   0x0000a05c   0x00000006   Data   RO           16    .constdata          main.o
    0x0000a062   0x0000a062   0x00000002   PAD
    0x0000a064   0x0000a064   0x00000124   Data   RO          597    .constdata          crsf.o
    0x0000a188   0x0000a188   0x0000008d   Data   RO         1019    .constdata          ff.o
    0x0000a215   0x0000a215   0x00000001   PAD
    0x0000a216   0x0000a216   0x000003ae   Data   RO         1309    .constdata          ffunicode.o
    0x0000a5c4   0x0000a5c4   0x00000006   Data   RO         1355    .constdata          gui.o
    0x0000a5ca   0x0000a5ca   0x0000004c   Data   RO         2041    .constdata          usb_logo.o
    0x0000a616   0x0000a616   0x00000002   PAD
    0x0000a618   0x0000a618   0x0000000c   Data   RO         2042    .constdata          usb_logo.o
    0x0000a624   0x0000a624   0x00000039   Data   RO         2051    .constdata          user_logo.o
    0x0000a65d   0x0000a65d   0x00000003   PAD
    0x0000a660   0x0000a660   0x0000000c   Data   RO         2052    .constdata          user_logo.o
    0x0000a66c   0x0000a66c   0x00000036   Data   RO         2061    .constdata          antenna.o
    0x0000a6a2   0x0000a6a2   0x00000002   PAD
    0x0000a6a4   0x0000a6a4   0x0000000c   Data   RO         2062    .constdata          antenna.o
    0x0000a6b0   0x0000a6b0   0x0000005a   Data   RO         2081    .constdata          battery_chrg.o
    0x0000a70a   0x0000a70a   0x00000002   PAD
    0x0000a70c   0x0000a70c   0x0000000c   Data   RO         2082    .constdata          battery_chrg.o
    0x0000a718   0x0000a718   0x00002ee0   Data   RO         2091    .constdata          main_screen.o
    0x0000d5f8   0x0000d5f8   0x0000000c   Data   RO         2092    .constdata          main_screen.o
    0x0000d604   0x0000d604   0x000005c0   Data   RO         2101    .constdata          multirotor.o
    0x0000dbc4   0x0000dbc4   0x0000000c   Data   RO         2102    .constdata          multirotor.o
    0x0000dbd0   0x0000dbd0   0x000015ae   Data   RO         2111    .constdata          warning_screen.o
    0x0000f17e   0x0000f17e   0x00000002   PAD
    0x0000f180   0x0000f180   0x0000000c   Data   RO         2112    .constdata          warning_screen.o
    0x0000f18c   0x0000f18c   0x0000000c   Data   RO         2121    .constdata          arrow_d.o
    0x0000f198   0x0000f198   0x0000000c   Data   RO         2122    .constdata          arrow_d.o
    0x0000f1a4   0x0000f1a4   0x0000000b   Data   RO         2131    .constdata          arrow_l.o
    0x0000f1af   0x0000f1af   0x00000001   PAD
    0x0000f1b0   0x0000f1b0   0x0000000c   Data   RO         2132    .constdata          arrow_l.o
    0x0000f1bc   0x0000f1bc   0x0000000b   Data   RO         2141    .constdata          arrow_r.o
    0x0000f1c7   0x0000f1c7   0x00000001   PAD
    0x0000f1c8   0x0000f1c8   0x0000000c   Data   RO         2142    .constdata          arrow_r.o
    0x0000f1d4   0x0000f1d4   0x000007e0   Data   RO         2151    .constdata          value_box.o
    0x0000f9b4   0x0000f9b4   0x0000000c   Data   RO         2152    .constdata          value_box.o
    0x0000f9c0   0x0000f9c0   0x00001388   Data   RO         2161    .constdata          qr-code.o
    0x00010d48   0x00010d48   0x0000000c   Data   RO         2162    .constdata          qr-code.o
    0x00010d54   0x00010d54   0x00002ee0   Data   RO         2171    .constdata          splash_screen.o
    0x00013c34   0x00013c34   0x0000000c   Data   RO         2172    .constdata          splash_screen.o
    0x00013c40   0x00013c40   0x0000002a   Data   RO         2181    .constdata          consolas24h.o
    0x00013c6a   0x00013c6a   0x0000002a   Data   RO         2182    .constdata          consolas24h.o
    0x00013c94   0x00013c94   0x0000002a   Data   RO         2183    .constdata          consolas24h.o
    0x00013cbe   0x00013cbe   0x0000002a   Data   RO         2184    .constdata          consolas24h.o
    0x00013ce8   0x00013ce8   0x0000002a   Data   RO         2185    .constdata          consolas24h.o
    0x00013d12   0x00013d12   0x0000002a   Data   RO         2186    .constdata          consolas24h.o
    0x00013d3c   0x00013d3c   0x0000002a   Data   RO         2187    .constdata          consolas24h.o
    0x00013d66   0x00013d66   0x0000002a   Data   RO         2188    .constdata          consolas24h.o
    0x00013d90   0x00013d90   0x0000002a   Data   RO         2189    .constdata          consolas24h.o
    0x00013dba   0x00013dba   0x0000002a   Data   RO         2190    .constdata          consolas24h.o
    0x00013de4   0x00013de4   0x0000002a   Data   RO         2191    .constdata          consolas24h.o
    0x00013e0e   0x00013e0e   0x0000002a   Data   RO         2192    .constdata          consolas24h.o
    0x00013e38   0x00013e38   0x0000002a   Data   RO         2193    .constdata          consolas24h.o
    0x00013e62   0x00013e62   0x0000002a   Data   RO         2194    .constdata          consolas24h.o
    0x00013e8c   0x00013e8c   0x0000002a   Data   RO         2195    .constdata          consolas24h.o
    0x00013eb6   0x00013eb6   0x0000002a   Data   RO         2196    .constdata          consolas24h.o
    0x00013ee0   0x00013ee0   0x0000002a   Data   RO         2197    .constdata          consolas24h.o
    0x00013f0a   0x00013f0a   0x0000002a   Data   RO         2198    .constdata          consolas24h.o
    0x00013f34   0x00013f34   0x0000002a   Data   RO         2199    .constdata          consolas24h.o
    0x00013f5e   0x00013f5e   0x0000002a   Data   RO         2200    .constdata          consolas24h.o
    0x00013f88   0x00013f88   0x0000002a   Data   RO         2201    .constdata          consolas24h.o
    0x00013fb2   0x00013fb2   0x0000002a   Data   RO         2202    .constdata          consolas24h.o
    0x00013fdc   0x00013fdc   0x0000002a   Data   RO         2203    .constdata          consolas24h.o
    0x00014006   0x00014006   0x0000002a   Data   RO         2204    .constdata          consolas24h.o
    0x00014030   0x00014030   0x0000002a   Data   RO         2205    .constdata          consolas24h.o
    0x0001405a   0x0001405a   0x0000002a   Data   RO         2206    .constdata          consolas24h.o
    0x00014084   0x00014084   0x0000002a   Data   RO         2207    .constdata          consolas24h.o
    0x000140ae   0x000140ae   0x0000002a   Data   RO         2208    .constdata          consolas24h.o
    0x000140d8   0x000140d8   0x0000002a   Data   RO         2209    .constdata          consolas24h.o
    0x00014102   0x00014102   0x0000002a   Data   RO         2210    .constdata          consolas24h.o
    0x0001412c   0x0001412c   0x0000002a   Data   RO         2211    .constdata          consolas24h.o
    0x00014156   0x00014156   0x0000002a   Data   RO         2212    .constdata          consolas24h.o
    0x00014180   0x00014180   0x0000002a   Data   RO         2213    .constdata          consolas24h.o
    0x000141aa   0x000141aa   0x0000002a   Data   RO         2214    .constdata          consolas24h.o
    0x000141d4   0x000141d4   0x0000002a   Data   RO         2215    .constdata          consolas24h.o
    0x000141fe   0x000141fe   0x0000002a   Data   RO         2216    .constdata          consolas24h.o
    0x00014228   0x00014228   0x0000002a   Data   RO         2217    .constdata          consolas24h.o
    0x00014252   0x00014252   0x0000002a   Data   RO         2218    .constdata          consolas24h.o
    0x0001427c   0x0001427c   0x0000002a   Data   RO         2219    .constdata          consolas24h.o
    0x000142a6   0x000142a6   0x0000002a   Data   RO         2220    .constdata          consolas24h.o
    0x000142d0   0x000142d0   0x0000002a   Data   RO         2221    .constdata          consolas24h.o
    0x000142fa   0x000142fa   0x0000002a   Data   RO         2222    .constdata          consolas24h.o
    0x00014324   0x00014324   0x0000002a   Data   RO         2223    .constdata          consolas24h.o
    0x0001434e   0x0001434e   0x0000002a   Data   RO         2224    .constdata          consolas24h.o
    0x00014378   0x00014378   0x0000002a   Data   RO         2225    .constdata          consolas24h.o
    0x000143a2   0x000143a2   0x0000002a   Data   RO         2226    .constdata          consolas24h.o
    0x000143cc   0x000143cc   0x0000002a   Data   RO         2227    .constdata          consolas24h.o
    0x000143f6   0x000143f6   0x0000002a   Data   RO         2228    .constdata          consolas24h.o
    0x00014420   0x00014420   0x0000002a   Data   RO         2229    .constdata          consolas24h.o
    0x0001444a   0x0001444a   0x0000002a   Data   RO         2230    .constdata          consolas24h.o
    0x00014474   0x00014474   0x0000002a   Data   RO         2231    .constdata          consolas24h.o
    0x0001449e   0x0001449e   0x0000002a   Data   RO         2232    .constdata          consolas24h.o
    0x000144c8   0x000144c8   0x0000002a   Data   RO         2233    .constdata          consolas24h.o
    0x000144f2   0x000144f2   0x0000002a   Data   RO         2234    .constdata          consolas24h.o
    0x0001451c   0x0001451c   0x0000002a   Data   RO         2235    .constdata          consolas24h.o
    0x00014546   0x00014546   0x0000002a   Data   RO         2236    .constdata          consolas24h.o
    0x00014570   0x00014570   0x0000002a   Data   RO         2237    .constdata          consolas24h.o
    0x0001459a   0x0001459a   0x0000002a   Data   RO         2238    .constdata          consolas24h.o
    0x000145c4   0x000145c4   0x0000002a   Data   RO         2239    .constdata          consolas24h.o
    0x000145ee   0x000145ee   0x0000002a   Data   RO         2240    .constdata          consolas24h.o
    0x00014618   0x00014618   0x0000002a   Data   RO         2241    .constdata          consolas24h.o
    0x00014642   0x00014642   0x0000002a   Data   RO         2242    .constdata          consolas24h.o
    0x0001466c   0x0001466c   0x0000002a   Data   RO         2243    .constdata          consolas24h.o
    0x00014696   0x00014696   0x0000002a   Data   RO         2244    .constdata          consolas24h.o
    0x000146c0   0x000146c0   0x0000002a   Data   RO         2245    .constdata          consolas24h.o
    0x000146ea   0x000146ea   0x0000002a   Data   RO         2246    .constdata          consolas24h.o
    0x00014714   0x00014714   0x0000002a   Data   RO         2247    .constdata          consolas24h.o
    0x0001473e   0x0001473e   0x0000002a   Data   RO         2248    .constdata          consolas24h.o
    0x00014768   0x00014768   0x0000002a   Data   RO         2249    .constdata          consolas24h.o
    0x00014792   0x00014792   0x0000002a   Data   RO         2250    .constdata          consolas24h.o
    0x000147bc   0x000147bc   0x0000002a   Data   RO         2251    .constdata          consolas24h.o
    0x000147e6   0x000147e6   0x0000002a   Data   RO         2252    .constdata          consolas24h.o
    0x00014810   0x00014810   0x0000002a   Data   RO         2253    .constdata          consolas24h.o
    0x0001483a   0x0001483a   0x0000002a   Data   RO         2254    .constdata          consolas24h.o
    0x00014864   0x00014864   0x0000002a   Data   RO         2255    .constdata          consolas24h.o
    0x0001488e   0x0001488e   0x0000002a   Data   RO         2256    .constdata          consolas24h.o
    0x000148b8   0x000148b8   0x0000002a   Data   RO         2257    .constdata          consolas24h.o
    0x000148e2   0x000148e2   0x0000002a   Data   RO         2258    .constdata          consolas24h.o
    0x0001490c   0x0001490c   0x0000002a   Data   RO         2259    .constdata          consolas24h.o
    0x00014936   0x00014936   0x0000002a   Data   RO         2260    .constdata          consolas24h.o
    0x00014960   0x00014960   0x0000002a   Data   RO         2261    .constdata          consolas24h.o
    0x0001498a   0x0001498a   0x0000002a   Data   RO         2262    .constdata          consolas24h.o
    0x000149b4   0x000149b4   0x0000002a   Data   RO         2263    .constdata          consolas24h.o
    0x000149de   0x000149de   0x0000002a   Data   RO         2264    .constdata          consolas24h.o
    0x00014a08   0x00014a08   0x0000002a   Data   RO         2265    .constdata          consolas24h.o
    0x00014a32   0x00014a32   0x0000002a   Data   RO         2266    .constdata          consolas24h.o
    0x00014a5c   0x00014a5c   0x0000002a   Data   RO         2267    .constdata          consolas24h.o
    0x00014a86   0x00014a86   0x0000002a   Data   RO         2268    .constdata          consolas24h.o
    0x00014ab0   0x00014ab0   0x0000002a   Data   RO         2269    .constdata          consolas24h.o
    0x00014ada   0x00014ada   0x0000002a   Data   RO         2270    .constdata          consolas24h.o
    0x00014b04   0x00014b04   0x0000002a   Data   RO         2271    .constdata          consolas24h.o
    0x00014b2e   0x00014b2e   0x0000002a   Data   RO         2272    .constdata          consolas24h.o
    0x00014b58   0x00014b58   0x0000002a   Data   RO         2273    .constdata          consolas24h.o
    0x00014b82   0x00014b82   0x0000002a   Data   RO         2274    .constdata          consolas24h.o
    0x00014bac   0x00014bac   0x0000002a   Data   RO         2275    .constdata          consolas24h.o
    0x00014bd6   0x00014bd6   0x00000002   PAD
    0x00014bd8   0x00014bd8   0x000002f8   Data   RO         2276    .constdata          consolas24h.o
    0x00014ed0   0x00014ed0   0x0000000c   Data   RO         2277    .constdata          consolas24h.o
    0x00014edc   0x00014edc   0x00000010   Data   RO         2278    .constdata          consolas24h.o
    0x00014eec   0x00014eec   0x00000030   Data   RO         2321    .constdata          abeatbykai24.o
    0x00014f1c   0x00014f1c   0x0000000c   Data   RO         2322    .constdata          abeatbykai24.o
    0x00014f28   0x00014f28   0x00000018   Data   RO         2323    .constdata          abeatbykai24.o
    0x00014f40   0x00014f40   0x0000000c   Data   RO         2324    .constdata          abeatbykai24.o
    0x00014f4c   0x00014f4c   0x00000018   Data   RO         2325    .constdata          abeatbykai24.o
    0x00014f64   0x00014f64   0x0000000c   Data   RO         2326    .constdata          abeatbykai24.o
    0x00014f70   0x00014f70   0x00000030   Data   RO         2327    .constdata          abeatbykai24.o
    0x00014fa0   0x00014fa0   0x0000000c   Data   RO         2328    .constdata          abeatbykai24.o
    0x00014fac   0x00014fac   0x00000030   Data   RO         2329    .constdata          abeatbykai24.o
    0x00014fdc   0x00014fdc   0x0000000c   Data   RO         2330    .constdata          abeatbykai24.o
    0x00014fe8   0x00014fe8   0x00000048   Data   RO         2331    .constdata          abeatbykai24.o
    0x00015030   0x00015030   0x0000000c   Data   RO         2332    .constdata          abeatbykai24.o
    0x0001503c   0x0001503c   0x00000048   Data   RO         2333    .constdata          abeatbykai24.o
    0x00015084   0x00015084   0x0000000c   Data   RO         2334    .constdata          abeatbykai24.o
    0x00015090   0x00015090   0x00000018   Data   RO         2335    .constdata          abeatbykai24.o
    0x000150a8   0x000150a8   0x0000000c   Data   RO         2336    .constdata          abeatbykai24.o
    0x000150b4   0x000150b4   0x00000018   Data   RO         2337    .constdata          abeatbykai24.o
    0x000150cc   0x000150cc   0x0000000c   Data   RO         2338    .constdata          abeatbykai24.o
    0x000150d8   0x000150d8   0x00000018   Data   RO         2339    .constdata          abeatbykai24.o
    0x000150f0   0x000150f0   0x0000000c   Data   RO         2340    .constdata          abeatbykai24.o
    0x000150fc   0x000150fc   0x00000030   Data   RO         2341    .constdata          abeatbykai24.o
    0x0001512c   0x0001512c   0x0000000c   Data   RO         2342    .constdata          abeatbykai24.o
    0x00015138   0x00015138   0x00000030   Data   RO         2343    .constdata          abeatbykai24.o
    0x00015168   0x00015168   0x0000000c   Data   RO         2344    .constdata          abeatbykai24.o
    0x00015174   0x00015174   0x00000018   Data   RO         2345    .constdata          abeatbykai24.o
    0x0001518c   0x0001518c   0x0000000c   Data   RO         2346    .constdata          abeatbykai24.o
    0x00015198   0x00015198   0x00000030   Data   RO         2347    .constdata          abeatbykai24.o
    0x000151c8   0x000151c8   0x0000000c   Data   RO         2348    .constdata          abeatbykai24.o
    0x000151d4   0x000151d4   0x00000018   Data   RO         2349    .constdata          abeatbykai24.o
    0x000151ec   0x000151ec   0x0000000c   Data   RO         2350    .constdata          abeatbykai24.o
    0x000151f8   0x000151f8   0x00000030   Data   RO         2351    .constdata          abeatbykai24.o
    0x00015228   0x00015228   0x0000000c   Data   RO         2352    .constdata          abeatbykai24.o
    0x00015234   0x00015234   0x00000048   Data   RO         2353    .constdata          abeatbykai24.o
    0x0001527c   0x0001527c   0x0000000c   Data   RO         2354    .constdata          abeatbykai24.o
    0x00015288   0x00015288   0x00000018   Data   RO         2355    .constdata          abeatbykai24.o
    0x000152a0   0x000152a0   0x0000000c   Data   RO         2356    .constdata          abeatbykai24.o
    0x000152ac   0x000152ac   0x00000030   Data   RO         2357    .constdata          abeatbykai24.o
    0x000152dc   0x000152dc   0x0000000c   Data   RO         2358    .constdata          abeatbykai24.o
    0x000152e8   0x000152e8   0x00000030   Data   RO         2359    .constdata          abeatbykai24.o
    0x00015318   0x00015318   0x0000000c   Data   RO         2360    .constdata          abeatbykai24.o
    0x00015324   0x00015324   0x00000030   Data   RO         2361    .constdata          abeatbykai24.o
    0x00015354   0x00015354   0x0000000c   Data   RO         2362    .constdata          abeatbykai24.o
    0x00015360   0x00015360   0x00000030   Data   RO         2363    .constdata          abeatbykai24.o
    0x00015390   0x00015390   0x0000000c   Data   RO         2364    .constdata          abeatbykai24.o
    0x0001539c   0x0001539c   0x00000030   Data   RO         2365    .constdata          abeatbykai24.o
    0x000153cc   0x000153cc   0x0000000c   Data   RO         2366    .constdata          abeatbykai24.o
    0x000153d8   0x000153d8   0x00000030   Data   RO         2367    .constdata          abeatbykai24.o
    0x00015408   0x00015408   0x0000000c   Data   RO         2368    .constdata          abeatbykai24.o
    0x00015414   0x00015414   0x00000030   Data   RO         2369    .constdata          abeatbykai24.o
    0x00015444   0x00015444   0x0000000c   Data   RO         2370    .constdata          abeatbykai24.o
    0x00015450   0x00015450   0x00000030   Data   RO         2371    .constdata          abeatbykai24.o
    0x00015480   0x00015480   0x0000000c   Data   RO         2372    .constdata          abeatbykai24.o
    0x0001548c   0x0001548c   0x00000018   Data   RO         2373    .constdata          abeatbykai24.o
    0x000154a4   0x000154a4   0x0000000c   Data   RO         2374    .constdata          abeatbykai24.o
    0x000154b0   0x000154b0   0x00000018   Data   RO         2375    .constdata          abeatbykai24.o
    0x000154c8   0x000154c8   0x0000000c   Data   RO         2376    .constdata          abeatbykai24.o
    0x000154d4   0x000154d4   0x00000048   Data   RO         2377    .constdata          abeatbykai24.o
    0x0001551c   0x0001551c   0x0000000c   Data   RO         2378    .constdata          abeatbykai24.o
    0x00015528   0x00015528   0x00000030   Data   RO         2379    .constdata          abeatbykai24.o
    0x00015558   0x00015558   0x0000000c   Data   RO         2380    .constdata          abeatbykai24.o
    0x00015564   0x00015564   0x00000048   Data   RO         2381    .constdata          abeatbykai24.o
    0x000155ac   0x000155ac   0x0000000c   Data   RO         2382    .constdata          abeatbykai24.o
    0x000155b8   0x000155b8   0x00000030   Data   RO         2383    .constdata          abeatbykai24.o
    0x000155e8   0x000155e8   0x0000000c   Data   RO         2384    .constdata          abeatbykai24.o
    0x000155f4   0x000155f4   0x00000030   Data   RO         2385    .constdata          abeatbykai24.o
    0x00015624   0x00015624   0x0000000c   Data   RO         2386    .constdata          abeatbykai24.o
    0x00015630   0x00015630   0x00000048   Data   RO         2387    .constdata          abeatbykai24.o
    0x00015678   0x00015678   0x0000000c   Data   RO         2388    .constdata          abeatbykai24.o
    0x00015684   0x00015684   0x00000030   Data   RO         2389    .constdata          abeatbykai24.o
    0x000156b4   0x000156b4   0x0000000c   Data   RO         2390    .constdata          abeatbykai24.o
    0x000156c0   0x000156c0   0x00000048   Data   RO         2391    .constdata          abeatbykai24.o
    0x00015708   0x00015708   0x0000000c   Data   RO         2392    .constdata          abeatbykai24.o
    0x00015714   0x00015714   0x00000048   Data   RO         2393    .constdata          abeatbykai24.o
    0x0001575c   0x0001575c   0x0000000c   Data   RO         2394    .constdata          abeatbykai24.o
    0x00015768   0x00015768   0x00000030   Data   RO         2395    .constdata          abeatbykai24.o
    0x00015798   0x00015798   0x0000000c   Data   RO         2396    .constdata          abeatbykai24.o
    0x000157a4   0x000157a4   0x00000030   Data   RO         2397    .constdata          abeatbykai24.o
    0x000157d4   0x000157d4   0x0000000c   Data   RO         2398    .constdata          abeatbykai24.o
    0x000157e0   0x000157e0   0x00000048   Data   RO         2399    .constdata          abeatbykai24.o
    0x00015828   0x00015828   0x0000000c   Data   RO         2400    .constdata          abeatbykai24.o
    0x00015834   0x00015834   0x00000030   Data   RO         2401    .constdata          abeatbykai24.o
    0x00015864   0x00015864   0x0000000c   Data   RO         2402    .constdata          abeatbykai24.o
    0x00015870   0x00015870   0x00000018   Data   RO         2403    .constdata          abeatbykai24.o
    0x00015888   0x00015888   0x0000000c   Data   RO         2404    .constdata          abeatbykai24.o
    0x00015894   0x00015894   0x00000030   Data   RO         2405    .constdata          abeatbykai24.o
    0x000158c4   0x000158c4   0x0000000c   Data   RO         2406    .constdata          abeatbykai24.o
    0x000158d0   0x000158d0   0x00000030   Data   RO         2407    .constdata          abeatbykai24.o
    0x00015900   0x00015900   0x0000000c   Data   RO         2408    .constdata          abeatbykai24.o
    0x0001590c   0x0001590c   0x00000030   Data   RO         2409    .constdata          abeatbykai24.o
    0x0001593c   0x0001593c   0x0000000c   Data   RO         2410    .constdata          abeatbykai24.o
    0x00015948   0x00015948   0x00000048   Data   RO         2411    .constdata          abeatbykai24.o
    0x00015990   0x00015990   0x0000000c   Data   RO         2412    .constdata          abeatbykai24.o
    0x0001599c   0x0001599c   0x00000048   Data   RO         2413    .constdata          abeatbykai24.o
    0x000159e4   0x000159e4   0x0000000c   Data   RO         2414    .constdata          abeatbykai24.o
    0x000159f0   0x000159f0   0x00000048   Data   RO         2415    .constdata          abeatbykai24.o
    0x00015a38   0x00015a38   0x0000000c   Data   RO         2416    .constdata          abeatbykai24.o
    0x00015a44   0x00015a44   0x00000030   Data   RO         2417    .constdata          abeatbykai24.o
    0x00015a74   0x00015a74   0x0000000c   Data   RO         2418    .constdata          abeatbykai24.o
    0x00015a80   0x00015a80   0x00000048   Data   RO         2419    .constdata          abeatbykai24.o
    0x00015ac8   0x00015ac8   0x0000000c   Data   RO         2420    .constdata          abeatbykai24.o
    0x00015ad4   0x00015ad4   0x00000030   Data   RO         2421    .constdata          abeatbykai24.o
    0x00015b04   0x00015b04   0x0000000c   Data   RO         2422    .constdata          abeatbykai24.o
    0x00015b10   0x00015b10   0x00000030   Data   RO         2423    .constdata          abeatbykai24.o
    0x00015b40   0x00015b40   0x0000000c   Data   RO         2424    .constdata          abeatbykai24.o
    0x00015b4c   0x00015b4c   0x00000030   Data   RO         2425    .constdata          abeatbykai24.o
    0x00015b7c   0x00015b7c   0x0000000c   Data   RO         2426    .constdata          abeatbykai24.o
    0x00015b88   0x00015b88   0x00000030   Data   RO         2427    .constdata          abeatbykai24.o
    0x00015bb8   0x00015bb8   0x0000000c   Data   RO         2428    .constdata          abeatbykai24.o
    0x00015bc4   0x00015bc4   0x00000048   Data   RO         2429    .constdata          abeatbykai24.o
    0x00015c0c   0x00015c0c   0x0000000c   Data   RO         2430    .constdata          abeatbykai24.o
    0x00015c18   0x00015c18   0x00000060   Data   RO         2431    .constdata          abeatbykai24.o
    0x00015c78   0x00015c78   0x0000000c   Data   RO         2432    .constdata          abeatbykai24.o
    0x00015c84   0x00015c84   0x00000030   Data   RO         2433    .constdata          abeatbykai24.o
    0x00015cb4   0x00015cb4   0x0000000c   Data   RO         2434    .constdata          abeatbykai24.o
    0x00015cc0   0x00015cc0   0x00000030   Data   RO         2435    .constdata          abeatbykai24.o
    0x00015cf0   0x00015cf0   0x0000000c   Data   RO         2436    .constdata          abeatbykai24.o
    0x00015cfc   0x00015cfc   0x00000030   Data   RO         2437    .constdata          abeatbykai24.o
    0x00015d2c   0x00015d2c   0x0000000c   Data   RO         2438    .constdata          abeatbykai24.o
    0x00015d38   0x00015d38   0x00000030   Data   RO         2439    .constdata          abeatbykai24.o
    0x00015d68   0x00015d68   0x0000000c   Data   RO         2440    .constdata          abeatbykai24.o
    0x00015d74   0x00015d74   0x00000030   Data   RO         2441    .constdata          abeatbykai24.o
    0x00015da4   0x00015da4   0x0000000c   Data   RO         2442    .constdata          abeatbykai24.o
    0x00015db0   0x00015db0   0x00000030   Data   RO         2443    .constdata          abeatbykai24.o
    0x00015de0   0x00015de0   0x0000000c   Data   RO         2444    .constdata          abeatbykai24.o
    0x00015dec   0x00015dec   0x00000048   Data   RO         2445    .constdata          abeatbykai24.o
    0x00015e34   0x00015e34   0x0000000c   Data   RO         2446    .constdata          abeatbykai24.o
    0x00015e40   0x00015e40   0x00000030   Data   RO         2447    .constdata          abeatbykai24.o
    0x00015e70   0x00015e70   0x0000000c   Data   RO         2448    .constdata          abeatbykai24.o
    0x00015e7c   0x00015e7c   0x00000018   Data   RO         2449    .constdata          abeatbykai24.o
    0x00015e94   0x00015e94   0x0000000c   Data   RO         2450    .constdata          abeatbykai24.o
    0x00015ea0   0x00015ea0   0x00000030   Data   RO         2451    .constdata          abeatbykai24.o
    0x00015ed0   0x00015ed0   0x0000000c   Data   RO         2452    .constdata          abeatbykai24.o
    0x00015edc   0x00015edc   0x00000030   Data   RO         2453    .constdata          abeatbykai24.o
    0x00015f0c   0x00015f0c   0x0000000c   Data   RO         2454    .constdata          abeatbykai24.o
    0x00015f18   0x00015f18   0x00000030   Data   RO         2455    .constdata          abeatbykai24.o
    0x00015f48   0x00015f48   0x0000000c   Data   RO         2456    .constdata          abeatbykai24.o
    0x00015f54   0x00015f54   0x00000030   Data   RO         2457    .constdata          abeatbykai24.o
    0x00015f84   0x00015f84   0x0000000c   Data   RO         2458    .constdata          abeatbykai24.o
    0x00015f90   0x00015f90   0x00000030   Data   RO         2459    .constdata          abeatbykai24.o
    0x00015fc0   0x00015fc0   0x0000000c   Data   RO         2460    .constdata          abeatbykai24.o
    0x00015fcc   0x00015fcc   0x00000018   Data   RO         2461    .constdata          abeatbykai24.o
    0x00015fe4   0x00015fe4   0x0000000c   Data   RO         2462    .constdata          abeatbykai24.o
    0x00015ff0   0x00015ff0   0x00000030   Data   RO         2463    .constdata          abeatbykai24.o
    0x00016020   0x00016020   0x0000000c   Data   RO         2464    .constdata          abeatbykai24.o
    0x0001602c   0x0001602c   0x00000030   Data   RO         2465    .constdata          abeatbykai24.o
    0x0001605c   0x0001605c   0x0000000c   Data   RO         2466    .constdata          abeatbykai24.o
    0x00016068   0x00016068   0x00000018   Data   RO         2467    .constdata          abeatbykai24.o
    0x00016080   0x00016080   0x0000000c   Data   RO         2468    .constdata          abeatbykai24.o
    0x0001608c   0x0001608c   0x00000018   Data   RO         2469    .constdata          abeatbykai24.o
    0x000160a4   0x000160a4   0x0000000c   Data   RO         2470    .constdata          abeatbykai24.o
    0x000160b0   0x000160b0   0x00000030   Data   RO         2471    .constdata          abeatbykai24.o
    0x000160e0   0x000160e0   0x0000000c   Data   RO         2472    .constdata          abeatbykai24.o
    0x000160ec   0x000160ec   0x00000048   Data   RO         2473    .constdata          abeatbykai24.o
    0x00016134   0x00016134   0x0000000c   Data   RO         2474    .constdata          abeatbykai24.o
    0x00016140   0x00016140   0x00000030   Data   RO         2475    .constdata          abeatbykai24.o
    0x00016170   0x00016170   0x0000000c   Data   RO         2476    .constdata          abeatbykai24.o
    0x0001617c   0x0001617c   0x00000030   Data   RO         2477    .constdata          abeatbykai24.o
    0x000161ac   0x000161ac   0x0000000c   Data   RO         2478    .constdata          abeatbykai24.o
    0x000161b8   0x000161b8   0x00000030   Data   RO         2479    .constdata          abeatbykai24.o
    0x000161e8   0x000161e8   0x0000000c   Data   RO         2480    .constdata          abeatbykai24.o
    0x000161f4   0x000161f4   0x00000030   Data   RO         2481    .constdata          abeatbykai24.o
    0x00016224   0x00016224   0x0000000c   Data   RO         2482    .constdata          abeatbykai24.o
    0x00016230   0x00016230   0x00000018   Data   RO         2483    .constdata          abeatbykai24.o
    0x00016248   0x00016248   0x0000000c   Data   RO         2484    .constdata          abeatbykai24.o
    0x00016254   0x00016254   0x00000030   Data   RO         2485    .constdata          abeatbykai24.o
    0x00016284   0x00016284   0x0000000c   Data   RO         2486    .constdata          abeatbykai24.o
    0x00016290   0x00016290   0x00000018   Data   RO         2487    .constdata          abeatbykai24.o
    0x000162a8   0x000162a8   0x0000000c   Data   RO         2488    .constdata          abeatbykai24.o
    0x000162b4   0x000162b4   0x00000030   Data   RO         2489    .constdata          abeatbykai24.o
    0x000162e4   0x000162e4   0x0000000c   Data   RO         2490    .constdata          abeatbykai24.o
    0x000162f0   0x000162f0   0x00000030   Data   RO         2491    .constdata          abeatbykai24.o
    0x00016320   0x00016320   0x0000000c   Data   RO         2492    .constdata          abeatbykai24.o
    0x0001632c   0x0001632c   0x00000048   Data   RO         2493    .constdata          abeatbykai24.o
    0x00016374   0x00016374   0x0000000c   Data   RO         2494    .constdata          abeatbykai24.o
    0x00016380   0x00016380   0x00000030   Data   RO         2495    .constdata          abeatbykai24.o
    0x000163b0   0x000163b0   0x0000000c   Data   RO         2496    .constdata          abeatbykai24.o
    0x000163bc   0x000163bc   0x00000030   Data   RO         2497    .constdata          abeatbykai24.o
    0x000163ec   0x000163ec   0x0000000c   Data   RO         2498    .constdata          abeatbykai24.o
    0x000163f8   0x000163f8   0x00000030   Data   RO         2499    .constdata          abeatbykai24.o
    0x00016428   0x00016428   0x0000000c   Data   RO         2500    .constdata          abeatbykai24.o
    0x00016434   0x00016434   0x00000030   Data   RO         2501    .constdata          abeatbykai24.o
    0x00016464   0x00016464   0x0000000c   Data   RO         2502    .constdata          abeatbykai24.o
    0x00016470   0x00016470   0x00000018   Data   RO         2503    .constdata          abeatbykai24.o
    0x00016488   0x00016488   0x0000000c   Data   RO         2504    .constdata          abeatbykai24.o
    0x00016494   0x00016494   0x00000030   Data   RO         2505    .constdata          abeatbykai24.o
    0x000164c4   0x000164c4   0x0000000c   Data   RO         2506    .constdata          abeatbykai24.o
    0x000164d0   0x000164d0   0x00000030   Data   RO         2507    .constdata          abeatbykai24.o
    0x00016500   0x00016500   0x0000000c   Data   RO         2508    .constdata          abeatbykai24.o
    0x0001650c   0x0001650c   0x000002f8   Data   RO         2509    .constdata          abeatbykai24.o
    0x00016804   0x00016804   0x00000008   Data   RO         2510    .constdata          abeatbykai24.o
    0x0001680c   0x0001680c   0x0000002e   Data   RO         2519    .constdata          consolas24b.o
    0x0001683a   0x0001683a   0x00000002   PAD
    0x0001683c   0x0001683c   0x0000000c   Data   RO         2520    .constdata          consolas24b.o
    0x00016848   0x00016848   0x0000002e   Data   RO         2521    .constdata          consolas24b.o
    0x00016876   0x00016876   0x00000002   PAD
    0x00016878   0x00016878   0x0000000c   Data   RO         2522    .constdata          consolas24b.o
    0x00016884   0x00016884   0x0000002e   Data   RO         2523    .constdata          consolas24b.o
    0x000168b2   0x000168b2   0x00000002   PAD
    0x000168b4   0x000168b4   0x0000000c   Data   RO         2524    .constdata          consolas24b.o
    0x000168c0   0x000168c0   0x0000002e   Data   RO         2525    .constdata          consolas24b.o
    0x000168ee   0x000168ee   0x00000002   PAD
    0x000168f0   0x000168f0   0x0000000c   Data   RO         2526    .constdata          consolas24b.o
    0x000168fc   0x000168fc   0x0000002e   Data   RO         2527    .constdata          consolas24b.o
    0x0001692a   0x0001692a   0x00000002   PAD
    0x0001692c   0x0001692c   0x0000000c   Data   RO         2528    .constdata          consolas24b.o
    0x00016938   0x00016938   0x0000002e   Data   RO         2529    .constdata          consolas24b.o
    0x00016966   0x00016966   0x00000002   PAD
    0x00016968   0x00016968   0x0000000c   Data   RO         2530    .constdata          consolas24b.o
    0x00016974   0x00016974   0x0000002e   Data   RO         2531    .constdata          consolas24b.o
    0x000169a2   0x000169a2   0x00000002   PAD
    0x000169a4   0x000169a4   0x0000000c   Data   RO         2532    .constdata          consolas24b.o
    0x000169b0   0x000169b0   0x0000002e   Data   RO         2533    .constdata          consolas24b.o
    0x000169de   0x000169de   0x00000002   PAD
    0x000169e0   0x000169e0   0x0000000c   Data   RO         2534    .constdata          consolas24b.o
    0x000169ec   0x000169ec   0x0000002e   Data   RO         2535    .constdata          consolas24b.o
    0x00016a1a   0x00016a1a   0x00000002   PAD
    0x00016a1c   0x00016a1c   0x0000000c   Data   RO         2536    .constdata          consolas24b.o
    0x00016a28   0x00016a28   0x0000002e   Data   RO         2537    .constdata          consolas24b.o
    0x00016a56   0x00016a56   0x00000002   PAD
    0x00016a58   0x00016a58   0x0000000c   Data   RO         2538    .constdata          consolas24b.o
    0x00016a64   0x00016a64   0x0000002e   Data   RO         2539    .constdata          consolas24b.o
    0x00016a92   0x00016a92   0x00000002   PAD
    0x00016a94   0x00016a94   0x0000000c   Data   RO         2540    .constdata          consolas24b.o
    0x00016aa0   0x00016aa0   0x0000002e   Data   RO         2541    .constdata          consolas24b.o
    0x00016ace   0x00016ace   0x00000002   PAD
    0x00016ad0   0x00016ad0   0x0000000c   Data   RO         2542    .constdata          consolas24b.o
    0x00016adc   0x00016adc   0x0000002e   Data   RO         2543    .constdata          consolas24b.o
    0x00016b0a   0x00016b0a   0x00000002   PAD
    0x00016b0c   0x00016b0c   0x0000000c   Data   RO         2544    .constdata          consolas24b.o
    0x00016b18   0x00016b18   0x0000002e   Data   RO         2545    .constdata          consolas24b.o
    0x00016b46   0x00016b46   0x00000002   PAD
    0x00016b48   0x00016b48   0x0000000c   Data   RO         2546    .constdata          consolas24b.o
    0x00016b54   0x00016b54   0x0000002e   Data   RO         2547    .constdata          consolas24b.o
    0x00016b82   0x00016b82   0x00000002   PAD
    0x00016b84   0x00016b84   0x0000000c   Data   RO         2548    .constdata          consolas24b.o
    0x00016b90   0x00016b90   0x0000002e   Data   RO         2549    .constdata          consolas24b.o
    0x00016bbe   0x00016bbe   0x00000002   PAD
    0x00016bc0   0x00016bc0   0x0000000c   Data   RO         2550    .constdata          consolas24b.o
    0x00016bcc   0x00016bcc   0x0000002e   Data   RO         2551    .constdata          consolas24b.o
    0x00016bfa   0x00016bfa   0x00000002   PAD
    0x00016bfc   0x00016bfc   0x0000000c   Data   RO         2552    .constdata          consolas24b.o
    0x00016c08   0x00016c08   0x0000002e   Data   RO         2553    .constdata          consolas24b.o
    0x00016c36   0x00016c36   0x00000002   PAD
    0x00016c38   0x00016c38   0x0000000c   Data   RO         2554    .constdata          consolas24b.o
    0x00016c44   0x00016c44   0x0000002e   Data   RO         2555    .constdata          consolas24b.o
    0x00016c72   0x00016c72   0x00000002   PAD
    0x00016c74   0x00016c74   0x0000000c   Data   RO         2556    .constdata          consolas24b.o
    0x00016c80   0x00016c80   0x0000002e   Data   RO         2557    .constdata          consolas24b.o
    0x00016cae   0x00016cae   0x00000002   PAD
    0x00016cb0   0x00016cb0   0x0000000c   Data   RO         2558    .constdata          consolas24b.o
    0x00016cbc   0x00016cbc   0x0000002e   Data   RO         2559    .constdata          consolas24b.o
    0x00016cea   0x00016cea   0x00000002   PAD
    0x00016cec   0x00016cec   0x0000000c   Data   RO         2560    .constdata          consolas24b.o
    0x00016cf8   0x00016cf8   0x0000002e   Data   RO         2561    .constdata          consolas24b.o
    0x00016d26   0x00016d26   0x00000002   PAD
    0x00016d28   0x00016d28   0x0000000c   Data   RO         2562    .constdata          consolas24b.o
    0x00016d34   0x00016d34   0x0000002e   Data   RO         2563    .constdata          consolas24b.o
    0x00016d62   0x00016d62   0x00000002   PAD
    0x00016d64   0x00016d64   0x0000000c   Data   RO         2564    .constdata          consolas24b.o
    0x00016d70   0x00016d70   0x0000002e   Data   RO         2565    .constdata          consolas24b.o
    0x00016d9e   0x00016d9e   0x00000002   PAD
    0x00016da0   0x00016da0   0x0000000c   Data   RO         2566    .constdata          consolas24b.o
    0x00016dac   0x00016dac   0x0000002e   Data   RO         2567    .constdata          consolas24b.o
    0x00016dda   0x00016dda   0x00000002   PAD
    0x00016ddc   0x00016ddc   0x0000000c   Data   RO         2568    .constdata          consolas24b.o
    0x00016de8   0x00016de8   0x0000002e   Data   RO         2569    .constdata          consolas24b.o
    0x00016e16   0x00016e16   0x00000002   PAD
    0x00016e18   0x00016e18   0x0000000c   Data   RO         2570    .constdata          consolas24b.o
    0x00016e24   0x00016e24   0x0000002e   Data   RO         2571    .constdata          consolas24b.o
    0x00016e52   0x00016e52   0x00000002   PAD
    0x00016e54   0x00016e54   0x0000000c   Data   RO         2572    .constdata          consolas24b.o
    0x00016e60   0x00016e60   0x0000002e   Data   RO         2573    .constdata          consolas24b.o
    0x00016e8e   0x00016e8e   0x00000002   PAD
    0x00016e90   0x00016e90   0x0000000c   Data   RO         2574    .constdata          consolas24b.o
    0x00016e9c   0x00016e9c   0x0000002e   Data   RO         2575    .constdata          consolas24b.o
    0x00016eca   0x00016eca   0x00000002   PAD
    0x00016ecc   0x00016ecc   0x0000000c   Data   RO         2576    .constdata          consolas24b.o
    0x00016ed8   0x00016ed8   0x0000002e   Data   RO         2577    .constdata          consolas24b.o
    0x00016f06   0x00016f06   0x00000002   PAD
    0x00016f08   0x00016f08   0x0000000c   Data   RO         2578    .constdata          consolas24b.o
    0x00016f14   0x00016f14   0x0000002e   Data   RO         2579    .constdata          consolas24b.o
    0x00016f42   0x00016f42   0x00000002   PAD
    0x00016f44   0x00016f44   0x0000000c   Data   RO         2580    .constdata          consolas24b.o
    0x00016f50   0x00016f50   0x0000002e   Data   RO         2581    .constdata          consolas24b.o
    0x00016f7e   0x00016f7e   0x00000002   PAD
    0x00016f80   0x00016f80   0x0000000c   Data   RO         2582    .constdata          consolas24b.o
    0x00016f8c   0x00016f8c   0x0000002e   Data   RO         2583    .constdata          consolas24b.o
    0x00016fba   0x00016fba   0x00000002   PAD
    0x00016fbc   0x00016fbc   0x0000000c   Data   RO         2584    .constdata          consolas24b.o
    0x00016fc8   0x00016fc8   0x0000002e   Data   RO         2585    .constdata          consolas24b.o
    0x00016ff6   0x00016ff6   0x00000002   PAD
    0x00016ff8   0x00016ff8   0x0000000c   Data   RO         2586    .constdata          consolas24b.o
    0x00017004   0x00017004   0x0000002e   Data   RO         2587    .constdata          consolas24b.o
    0x00017032   0x00017032   0x00000002   PAD
    0x00017034   0x00017034   0x0000000c   Data   RO         2588    .constdata          consolas24b.o
    0x00017040   0x00017040   0x0000002e   Data   RO         2589    .constdata          consolas24b.o
    0x0001706e   0x0001706e   0x00000002   PAD
    0x00017070   0x00017070   0x0000000c   Data   RO         2590    .constdata          consolas24b.o
    0x0001707c   0x0001707c   0x0000002e   Data   RO         2591    .constdata          consolas24b.o
    0x000170aa   0x000170aa   0x00000002   PAD
    0x000170ac   0x000170ac   0x0000000c   Data   RO         2592    .constdata          consolas24b.o
    0x000170b8   0x000170b8   0x0000002e   Data   RO         2593    .constdata          consolas24b.o
    0x000170e6   0x000170e6   0x00000002   PAD
    0x000170e8   0x000170e8   0x0000000c   Data   RO         2594    .constdata          consolas24b.o
    0x000170f4   0x000170f4   0x0000002e   Data   RO         2595    .constdata          consolas24b.o
    0x00017122   0x00017122   0x00000002   PAD
    0x00017124   0x00017124   0x0000000c   Data   RO         2596    .constdata          consolas24b.o
    0x00017130   0x00017130   0x0000002e   Data   RO         2597    .constdata          consolas24b.o
    0x0001715e   0x0001715e   0x00000002   PAD
    0x00017160   0x00017160   0x0000000c   Data   RO         2598    .constdata          consolas24b.o
    0x0001716c   0x0001716c   0x0000002e   Data   RO         2599    .constdata          consolas24b.o
    0x0001719a   0x0001719a   0x00000002   PAD
    0x0001719c   0x0001719c   0x0000000c   Data   RO         2600    .constdata          consolas24b.o
    0x000171a8   0x000171a8   0x0000002e   Data   RO         2601    .constdata          consolas24b.o
    0x000171d6   0x000171d6   0x00000002   PAD
    0x000171d8   0x000171d8   0x0000000c   Data   RO         2602    .constdata          consolas24b.o
    0x000171e4   0x000171e4   0x0000002e   Data   RO         2603    .constdata          consolas24b.o
    0x00017212   0x00017212   0x00000002   PAD
    0x00017214   0x00017214   0x0000000c   Data   RO         2604    .constdata          consolas24b.o
    0x00017220   0x00017220   0x0000002e   Data   RO         2605    .constdata          consolas24b.o
    0x0001724e   0x0001724e   0x00000002   PAD
    0x00017250   0x00017250   0x0000000c   Data   RO         2606    .constdata          consolas24b.o
    0x0001725c   0x0001725c   0x0000002e   Data   RO         2607    .constdata          consolas24b.o
    0x0001728a   0x0001728a   0x00000002   PAD
    0x0001728c   0x0001728c   0x0000000c   Data   RO         2608    .constdata          consolas24b.o
    0x00017298   0x00017298   0x0000002e   Data   RO         2609    .constdata          consolas24b.o
    0x000172c6   0x000172c6   0x00000002   PAD
    0x000172c8   0x000172c8   0x0000000c   Data   RO         2610    .constdata          consolas24b.o
    0x000172d4   0x000172d4   0x0000002e   Data   RO         2611    .constdata          consolas24b.o
    0x00017302   0x00017302   0x00000002   PAD
    0x00017304   0x00017304   0x0000000c   Data   RO         2612    .constdata          consolas24b.o
    0x00017310   0x00017310   0x0000002e   Data   RO         2613    .constdata          consolas24b.o
    0x0001733e   0x0001733e   0x00000002   PAD
    0x00017340   0x00017340   0x0000000c   Data   RO         2614    .constdata          consolas24b.o
    0x0001734c   0x0001734c   0x0000002e   Data   RO         2615    .constdata          consolas24b.o
    0x0001737a   0x0001737a   0x00000002   PAD
    0x0001737c   0x0001737c   0x0000000c   Data   RO         2616    .constdata          consolas24b.o
    0x00017388   0x00017388   0x0000002e   Data   RO         2617    .constdata          consolas24b.o
    0x000173b6   0x000173b6   0x00000002   PAD
    0x000173b8   0x000173b8   0x0000000c   Data   RO         2618    .constdata          consolas24b.o
    0x000173c4   0x000173c4   0x0000002e   Data   RO         2619    .constdata          consolas24b.o
    0x000173f2   0x000173f2   0x00000002   PAD
    0x000173f4   0x000173f4   0x0000000c   Data   RO         2620    .constdata          consolas24b.o
    0x00017400   0x00017400   0x0000002e   Data   RO         2621    .constdata          consolas24b.o
    0x0001742e   0x0001742e   0x00000002   PAD
    0x00017430   0x00017430   0x0000000c   Data   RO         2622    .constdata          consolas24b.o
    0x0001743c   0x0001743c   0x0000002e   Data   RO         2623    .constdata          consolas24b.o
    0x0001746a   0x0001746a   0x00000002   PAD
    0x0001746c   0x0001746c   0x0000000c   Data   RO         2624    .constdata          consolas24b.o
    0x00017478   0x00017478   0x0000002e   Data   RO         2625    .constdata          consolas24b.o
    0x000174a6   0x000174a6   0x00000002   PAD
    0x000174a8   0x000174a8   0x0000000c   Data   RO         2626    .constdata          consolas24b.o
    0x000174b4   0x000174b4   0x0000002e   Data   RO         2627    .constdata          consolas24b.o
    0x000174e2   0x000174e2   0x00000002   PAD
    0x000174e4   0x000174e4   0x0000000c   Data   RO         2628    .constdata          consolas24b.o
    0x000174f0   0x000174f0   0x0000002e   Data   RO         2629    .constdata          consolas24b.o
    0x0001751e   0x0001751e   0x00000002   PAD
    0x00017520   0x00017520   0x0000000c   Data   RO         2630    .constdata          consolas24b.o
    0x0001752c   0x0001752c   0x0000002e   Data   RO         2631    .constdata          consolas24b.o
    0x0001755a   0x0001755a   0x00000002   PAD
    0x0001755c   0x0001755c   0x0000000c   Data   RO         2632    .constdata          consolas24b.o
    0x00017568   0x00017568   0x0000002e   Data   RO         2633    .constdata          consolas24b.o
    0x00017596   0x00017596   0x00000002   PAD
    0x00017598   0x00017598   0x0000000c   Data   RO         2634    .constdata          consolas24b.o
    0x000175a4   0x000175a4   0x0000002e   Data   RO         2635    .constdata          consolas24b.o
    0x000175d2   0x000175d2   0x00000002   PAD
    0x000175d4   0x000175d4   0x0000000c   Data   RO         2636    .constdata          consolas24b.o
    0x000175e0   0x000175e0   0x0000002e   Data   RO         2637    .constdata          consolas24b.o
    0x0001760e   0x0001760e   0x00000002   PAD
    0x00017610   0x00017610   0x0000000c   Data   RO         2638    .constdata          consolas24b.o
    0x0001761c   0x0001761c   0x0000002e   Data   RO         2639    .constdata          consolas24b.o
    0x0001764a   0x0001764a   0x00000002   PAD
    0x0001764c   0x0001764c   0x0000000c   Data   RO         2640    .constdata          consolas24b.o
    0x00017658   0x00017658   0x0000002e   Data   RO         2641    .constdata          consolas24b.o
    0x00017686   0x00017686   0x00000002   PAD
    0x00017688   0x00017688   0x0000000c   Data   RO         2642    .constdata          consolas24b.o
    0x00017694   0x00017694   0x0000002e   Data   RO         2643    .constdata          consolas24b.o
    0x000176c2   0x000176c2   0x00000002   PAD
    0x000176c4   0x000176c4   0x0000000c   Data   RO         2644    .constdata          consolas24b.o
    0x000176d0   0x000176d0   0x0000002e   Data   RO         2645    .constdata          consolas24b.o
    0x000176fe   0x000176fe   0x00000002   PAD
    0x00017700   0x00017700   0x0000000c   Data   RO         2646    .constdata          consolas24b.o
    0x0001770c   0x0001770c   0x0000002e   Data   RO         2647    .constdata          consolas24b.o
    0x0001773a   0x0001773a   0x00000002   PAD
    0x0001773c   0x0001773c   0x0000000c   Data   RO         2648    .constdata          consolas24b.o
    0x00017748   0x00017748   0x0000002e   Data   RO         2649    .constdata          consolas24b.o
    0x00017776   0x00017776   0x00000002   PAD
    0x00017778   0x00017778   0x0000000c   Data   RO         2650    .constdata          consolas24b.o
    0x00017784   0x00017784   0x0000002e   Data   RO         2651    .constdata          consolas24b.o
    0x000177b2   0x000177b2   0x00000002   PAD
    0x000177b4   0x000177b4   0x0000000c   Data   RO         2652    .constdata          consolas24b.o
    0x000177c0   0x000177c0   0x0000002e   Data   RO         2653    .constdata          consolas24b.o
    0x000177ee   0x000177ee   0x00000002   PAD
    0x000177f0   0x000177f0   0x0000000c   Data   RO         2654    .constdata          consolas24b.o
    0x000177fc   0x000177fc   0x0000002e   Data   RO         2655    .constdata          consolas24b.o
    0x0001782a   0x0001782a   0x00000002   PAD
    0x0001782c   0x0001782c   0x0000000c   Data   RO         2656    .constdata          consolas24b.o
    0x00017838   0x00017838   0x0000002e   Data   RO         2657    .constdata          consolas24b.o
    0x00017866   0x00017866   0x00000002   PAD
    0x00017868   0x00017868   0x0000000c   Data   RO         2658    .constdata          consolas24b.o
    0x00017874   0x00017874   0x0000002e   Data   RO         2659    .constdata          consolas24b.o
    0x000178a2   0x000178a2   0x00000002   PAD
    0x000178a4   0x000178a4   0x0000000c   Data   RO         2660    .constdata          consolas24b.o
    0x000178b0   0x000178b0   0x0000002e   Data   RO         2661    .constdata          consolas24b.o
    0x000178de   0x000178de   0x00000002   PAD
    0x000178e0   0x000178e0   0x0000000c   Data   RO         2662    .constdata          consolas24b.o
    0x000178ec   0x000178ec   0x0000002e   Data   RO         2663    .constdata          consolas24b.o
    0x0001791a   0x0001791a   0x00000002   PAD
    0x0001791c   0x0001791c   0x0000000c   Data   RO         2664    .constdata          consolas24b.o
    0x00017928   0x00017928   0x0000002e   Data   RO         2665    .constdata          consolas24b.o
    0x00017956   0x00017956   0x00000002   PAD
    0x00017958   0x00017958   0x0000000c   Data   RO         2666    .constdata          consolas24b.o
    0x00017964   0x00017964   0x0000002e   Data   RO         2667    .constdata          consolas24b.o
    0x00017992   0x00017992   0x00000002   PAD
    0x00017994   0x00017994   0x0000000c   Data   RO         2668    .constdata          consolas24b.o
    0x000179a0   0x000179a0   0x0000002e   Data   RO         2669    .constdata          consolas24b.o
    0x000179ce   0x000179ce   0x00000002   PAD
    0x000179d0   0x000179d0   0x0000000c   Data   RO         2670    .constdata          consolas24b.o
    0x000179dc   0x000179dc   0x0000002e   Data   RO         2671    .constdata          consolas24b.o
    0x00017a0a   0x00017a0a   0x00000002   PAD
    0x00017a0c   0x00017a0c   0x0000000c   Data   RO         2672    .constdata          consolas24b.o
    0x00017a18   0x00017a18   0x0000002e   Data   RO         2673    .constdata          consolas24b.o
    0x00017a46   0x00017a46   0x00000002   PAD
    0x00017a48   0x00017a48   0x0000000c   Data   RO         2674    .constdata          consolas24b.o
    0x00017a54   0x00017a54   0x0000002e   Data   RO         2675    .constdata          consolas24b.o
    0x00017a82   0x00017a82   0x00000002   PAD
    0x00017a84   0x00017a84   0x0000000c   Data   RO         2676    .constdata          consolas24b.o
    0x00017a90   0x00017a90   0x0000002e   Data   RO         2677    .constdata          consolas24b.o
    0x00017abe   0x00017abe   0x00000002   PAD
    0x00017ac0   0x00017ac0   0x0000000c   Data   RO         2678    .constdata          consolas24b.o
    0x00017acc   0x00017acc   0x0000002e   Data   RO         2679    .constdata          consolas24b.o
    0x00017afa   0x00017afa   0x00000002   PAD
    0x00017afc   0x00017afc   0x0000000c   Data   RO         2680    .constdata          consolas24b.o
    0x00017b08   0x00017b08   0x0000002e   Data   RO         2681    .constdata          consolas24b.o
    0x00017b36   0x00017b36   0x00000002   PAD
    0x00017b38   0x00017b38   0x0000000c   Data   RO         2682    .constdata          consolas24b.o
    0x00017b44   0x00017b44   0x0000002e   Data   RO         2683    .constdata          consolas24b.o
    0x00017b72   0x00017b72   0x00000002   PAD
    0x00017b74   0x00017b74   0x0000000c   Data   RO         2684    .constdata          consolas24b.o
    0x00017b80   0x00017b80   0x0000002e   Data   RO         2685    .constdata          consolas24b.o
    0x00017bae   0x00017bae   0x00000002   PAD
    0x00017bb0   0x00017bb0   0x0000000c   Data   RO         2686    .constdata          consolas24b.o
    0x00017bbc   0x00017bbc   0x0000002e   Data   RO         2687    .constdata          consolas24b.o
    0x00017bea   0x00017bea   0x00000002   PAD
    0x00017bec   0x00017bec   0x0000000c   Data   RO         2688    .constdata          consolas24b.o
    0x00017bf8   0x00017bf8   0x0000002e   Data   RO         2689    .constdata          consolas24b.o
    0x00017c26   0x00017c26   0x00000002   PAD
    0x00017c28   0x00017c28   0x0000000c   Data   RO         2690    .constdata          consolas24b.o
    0x00017c34   0x00017c34   0x0000002e   Data   RO         2691    .constdata          consolas24b.o
    0x00017c62   0x00017c62   0x00000002   PAD
    0x00017c64   0x00017c64   0x0000000c   Data   RO         2692    .constdata          consolas24b.o
    0x00017c70   0x00017c70   0x0000002e   Data   RO         2693    .constdata          consolas24b.o
    0x00017c9e   0x00017c9e   0x00000002   PAD
    0x00017ca0   0x00017ca0   0x0000000c   Data   RO         2694    .constdata          consolas24b.o
    0x00017cac   0x00017cac   0x0000002e   Data   RO         2695    .constdata          consolas24b.o
    0x00017cda   0x00017cda   0x00000002   PAD
    0x00017cdc   0x00017cdc   0x0000000c   Data   RO         2696    .constdata          consolas24b.o
    0x00017ce8   0x00017ce8   0x0000002e   Data   RO         2697    .constdata          consolas24b.o
    0x00017d16   0x00017d16   0x00000002   PAD
    0x00017d18   0x00017d18   0x0000000c   Data   RO         2698    .constdata          consolas24b.o
    0x00017d24   0x00017d24   0x0000002e   Data   RO         2699    .constdata          consolas24b.o
    0x00017d52   0x00017d52   0x00000002   PAD
    0x00017d54   0x00017d54   0x0000000c   Data   RO         2700    .constdata          consolas24b.o
    0x00017d60   0x00017d60   0x0000002e   Data   RO         2701    .constdata          consolas24b.o
    0x00017d8e   0x00017d8e   0x00000002   PAD
    0x00017d90   0x00017d90   0x0000000c   Data   RO         2702    .constdata          consolas24b.o
    0x00017d9c   0x00017d9c   0x0000002e   Data   RO         2703    .constdata          consolas24b.o
    0x00017dca   0x00017dca   0x00000002   PAD
    0x00017dcc   0x00017dcc   0x0000000c   Data   RO         2704    .constdata          consolas24b.o
    0x00017dd8   0x00017dd8   0x0000002e   Data   RO         2705    .constdata          consolas24b.o
    0x00017e06   0x00017e06   0x00000002   PAD
    0x00017e08   0x00017e08   0x0000000c   Data   RO         2706    .constdata          consolas24b.o
    0x00017e14   0x00017e14   0x0000002e   Data   RO         2707    .constdata          consolas24b.o
    0x00017e42   0x00017e42   0x00000002   PAD
    0x00017e44   0x00017e44   0x0000000c   Data   RO         2708    .constdata          consolas24b.o
    0x00017e50   0x00017e50   0x000002f8   Data   RO         2709    .constdata          consolas24b.o
    0x00018148   0x00018148   0x00000008   Data   RO         2710    .constdata          consolas24b.o
    0x00018150   0x00018150   0x00000064   Data   RO         2719    .constdata          arcade28.o
    0x000181b4   0x000181b4   0x0000000c   Data   RO         2720    .constdata          arcade28.o
    0x000181c0   0x000181c0   0x00000064   Data   RO         2721    .constdata          arcade28.o
    0x00018224   0x00018224   0x0000000c   Data   RO         2722    .constdata          arcade28.o
    0x00018230   0x00018230   0x00000064   Data   RO         2723    .constdata          arcade28.o
    0x00018294   0x00018294   0x0000000c   Data   RO         2724    .constdata          arcade28.o
    0x000182a0   0x000182a0   0x00000064   Data   RO         2725    .constdata          arcade28.o
    0x00018304   0x00018304   0x0000000c   Data   RO         2726    .constdata          arcade28.o
    0x00018310   0x00018310   0x00000064   Data   RO         2727    .constdata          arcade28.o
    0x00018374   0x00018374   0x0000000c   Data   RO         2728    .constdata          arcade28.o
    0x00018380   0x00018380   0x00000064   Data   RO         2729    .constdata          arcade28.o
    0x000183e4   0x000183e4   0x0000000c   Data   RO         2730    .constdata          arcade28.o
    0x000183f0   0x000183f0   0x00000064   Data   RO         2731    .constdata          arcade28.o
    0x00018454   0x00018454   0x0000000c   Data   RO         2732    .constdata          arcade28.o
    0x00018460   0x00018460   0x00000064   Data   RO         2733    .constdata          arcade28.o
    0x000184c4   0x000184c4   0x0000000c   Data   RO         2734    .constdata          arcade28.o
    0x000184d0   0x000184d0   0x00000064   Data   RO         2735    .constdata          arcade28.o
    0x00018534   0x00018534   0x0000000c   Data   RO         2736    .constdata          arcade28.o
    0x00018540   0x00018540   0x00000064   Data   RO         2737    .constdata          arcade28.o
    0x000185a4   0x000185a4   0x0000000c   Data   RO         2738    .constdata          arcade28.o
    0x000185b0   0x000185b0   0x00000064   Data   RO         2739    .constdata          arcade28.o
    0x00018614   0x00018614   0x0000000c   Data   RO         2740    .constdata          arcade28.o
    0x00018620   0x00018620   0x00000064   Data   RO         2741    .constdata          arcade28.o
    0x00018684   0x00018684   0x0000000c   Data   RO         2742    .constdata          arcade28.o
    0x00018690   0x00018690   0x00000064   Data   RO         2743    .constdata          arcade28.o
    0x000186f4   0x000186f4   0x0000000c   Data   RO         2744    .constdata          arcade28.o
    0x00018700   0x00018700   0x00000064   Data   RO         2745    .constdata          arcade28.o
    0x00018764   0x00018764   0x0000000c   Data   RO         2746    .constdata          arcade28.o
    0x00018770   0x00018770   0x00000064   Data   RO         2747    .constdata          arcade28.o
    0x000187d4   0x000187d4   0x0000000c   Data   RO         2748    .constdata          arcade28.o
    0x000187e0   0x000187e0   0x00000064   Data   RO         2749    .constdata          arcade28.o
    0x00018844   0x00018844   0x0000000c   Data   RO         2750    .constdata          arcade28.o
    0x00018850   0x00018850   0x00000064   Data   RO         2751    .constdata          arcade28.o
    0x000188b4   0x000188b4   0x0000000c   Data   RO         2752    .constdata          arcade28.o
    0x000188c0   0x000188c0   0x00000064   Data   RO         2753    .constdata          arcade28.o
    0x00018924   0x00018924   0x0000000c   Data   RO         2754    .constdata          arcade28.o
    0x00018930   0x00018930   0x00000064   Data   RO         2755    .constdata          arcade28.o
    0x00018994   0x00018994   0x0000000c   Data   RO         2756    .constdata          arcade28.o
    0x000189a0   0x000189a0   0x00000064   Data   RO         2757    .constdata          arcade28.o
    0x00018a04   0x00018a04   0x0000000c   Data   RO         2758    .constdata          arcade28.o
    0x00018a10   0x00018a10   0x00000064   Data   RO         2759    .constdata          arcade28.o
    0x00018a74   0x00018a74   0x0000000c   Data   RO         2760    .constdata          arcade28.o
    0x00018a80   0x00018a80   0x00000064   Data   RO         2761    .constdata          arcade28.o
    0x00018ae4   0x00018ae4   0x0000000c   Data   RO         2762    .constdata          arcade28.o
    0x00018af0   0x00018af0   0x00000064   Data   RO         2763    .constdata          arcade28.o
    0x00018b54   0x00018b54   0x0000000c   Data   RO         2764    .constdata          arcade28.o
    0x00018b60   0x00018b60   0x00000064   Data   RO         2765    .constdata          arcade28.o
    0x00018bc4   0x00018bc4   0x0000000c   Data   RO         2766    .constdata          arcade28.o
    0x00018bd0   0x00018bd0   0x00000064   Data   RO         2767    .constdata          arcade28.o
    0x00018c34   0x00018c34   0x0000000c   Data   RO         2768    .constdata          arcade28.o
    0x00018c40   0x00018c40   0x00000064   Data   RO         2769    .constdata          arcade28.o
    0x00018ca4   0x00018ca4   0x0000000c   Data   RO         2770    .constdata          arcade28.o
    0x00018cb0   0x00018cb0   0x00000064   Data   RO         2771    .constdata          arcade28.o
    0x00018d14   0x00018d14   0x0000000c   Data   RO         2772    .constdata          arcade28.o
    0x00018d20   0x00018d20   0x00000064   Data   RO         2773    .constdata          arcade28.o
    0x00018d84   0x00018d84   0x0000000c   Data   RO         2774    .constdata          arcade28.o
    0x00018d90   0x00018d90   0x00000064   Data   RO         2775    .constdata          arcade28.o
    0x00018df4   0x00018df4   0x0000000c   Data   RO         2776    .constdata          arcade28.o
    0x00018e00   0x00018e00   0x00000064   Data   RO         2777    .constdata          arcade28.o
    0x00018e64   0x00018e64   0x0000000c   Data   RO         2778    .constdata          arcade28.o
    0x00018e70   0x00018e70   0x00000064   Data   RO         2779    .constdata          arcade28.o
    0x00018ed4   0x00018ed4   0x0000000c   Data   RO         2780    .constdata          arcade28.o
    0x00018ee0   0x00018ee0   0x00000064   Data   RO         2781    .constdata          arcade28.o
    0x00018f44   0x00018f44   0x0000000c   Data   RO         2782    .constdata          arcade28.o
    0x00018f50   0x00018f50   0x00000064   Data   RO         2783    .constdata          arcade28.o
    0x00018fb4   0x00018fb4   0x0000000c   Data   RO         2784    .constdata          arcade28.o
    0x00018fc0   0x00018fc0   0x00000064   Data   RO         2785    .constdata          arcade28.o
    0x00019024   0x00019024   0x0000000c   Data   RO         2786    .constdata          arcade28.o
    0x00019030   0x00019030   0x00000064   Data   RO         2787    .constdata          arcade28.o
    0x00019094   0x00019094   0x0000000c   Data   RO         2788    .constdata          arcade28.o
    0x000190a0   0x000190a0   0x00000064   Data   RO         2789    .constdata          arcade28.o
    0x00019104   0x00019104   0x0000000c   Data   RO         2790    .constdata          arcade28.o
    0x00019110   0x00019110   0x00000064   Data   RO         2791    .constdata          arcade28.o
    0x00019174   0x00019174   0x0000000c   Data   RO         2792    .constdata          arcade28.o
    0x00019180   0x00019180   0x00000064   Data   RO         2793    .constdata          arcade28.o
    0x000191e4   0x000191e4   0x0000000c   Data   RO         2794    .constdata          arcade28.o
    0x000191f0   0x000191f0   0x00000064   Data   RO         2795    .constdata          arcade28.o
    0x00019254   0x00019254   0x0000000c   Data   RO         2796    .constdata          arcade28.o
    0x00019260   0x00019260   0x00000064   Data   RO         2797    .constdata          arcade28.o
    0x000192c4   0x000192c4   0x0000000c   Data   RO         2798    .constdata          arcade28.o
    0x000192d0   0x000192d0   0x00000064   Data   RO         2799    .constdata          arcade28.o
    0x00019334   0x00019334   0x0000000c   Data   RO         2800    .constdata          arcade28.o
    0x00019340   0x00019340   0x00000064   Data   RO         2801    .constdata          arcade28.o
    0x000193a4   0x000193a4   0x0000000c   Data   RO         2802    .constdata          arcade28.o
    0x000193b0   0x000193b0   0x00000064   Data   RO         2803    .constdata          arcade28.o
    0x00019414   0x00019414   0x0000000c   Data   RO         2804    .constdata          arcade28.o
    0x00019420   0x00019420   0x00000064   Data   RO         2805    .constdata          arcade28.o
    0x00019484   0x00019484   0x0000000c   Data   RO         2806    .constdata          arcade28.o
    0x00019490   0x00019490   0x00000064   Data   RO         2807    .constdata          arcade28.o
    0x000194f4   0x000194f4   0x0000000c   Data   RO         2808    .constdata          arcade28.o
    0x00019500   0x00019500   0x00000064   Data   RO         2809    .constdata          arcade28.o
    0x00019564   0x00019564   0x0000000c   Data   RO         2810    .constdata          arcade28.o
    0x00019570   0x00019570   0x00000064   Data   RO         2811    .constdata          arcade28.o
    0x000195d4   0x000195d4   0x0000000c   Data   RO         2812    .constdata          arcade28.o
    0x000195e0   0x000195e0   0x00000064   Data   RO         2813    .constdata          arcade28.o
    0x00019644   0x00019644   0x0000000c   Data   RO         2814    .constdata          arcade28.o
    0x00019650   0x00019650   0x00000064   Data   RO         2815    .constdata          arcade28.o
    0x000196b4   0x000196b4   0x0000000c   Data   RO         2816    .constdata          arcade28.o
    0x000196c0   0x000196c0   0x00000064   Data   RO         2817    .constdata          arcade28.o
    0x00019724   0x00019724   0x0000000c   Data   RO         2818    .constdata          arcade28.o
    0x00019730   0x00019730   0x00000064   Data   RO         2819    .constdata          arcade28.o
    0x00019794   0x00019794   0x0000000c   Data   RO         2820    .constdata          arcade28.o
    0x000197a0   0x000197a0   0x00000064   Data   RO         2821    .constdata          arcade28.o
    0x00019804   0x00019804   0x0000000c   Data   RO         2822    .constdata          arcade28.o
    0x00019810   0x00019810   0x00000064   Data   RO         2823    .constdata          arcade28.o
    0x00019874   0x00019874   0x0000000c   Data   RO         2824    .constdata          arcade28.o
    0x00019880   0x00019880   0x00000064   Data   RO         2825    .constdata          arcade28.o
    0x000198e4   0x000198e4   0x0000000c   Data   RO         2826    .constdata          arcade28.o
    0x000198f0   0x000198f0   0x00000064   Data   RO         2827    .constdata          arcade28.o
    0x00019954   0x00019954   0x0000000c   Data   RO         2828    .constdata          arcade28.o
    0x00019960   0x00019960   0x00000064   Data   RO         2829    .constdata          arcade28.o
    0x000199c4   0x000199c4   0x0000000c   Data   RO         2830    .constdata          arcade28.o
    0x000199d0   0x000199d0   0x00000064   Data   RO         2831    .constdata          arcade28.o
    0x00019a34   0x00019a34   0x0000000c   Data   RO         2832    .constdata          arcade28.o
    0x00019a40   0x00019a40   0x00000064   Data   RO         2833    .constdata          arcade28.o
    0x00019aa4   0x00019aa4   0x0000000c   Data   RO         2834    .constdata          arcade28.o
    0x00019ab0   0x00019ab0   0x00000064   Data   RO         2835    .constdata          arcade28.o
    0x00019b14   0x00019b14   0x0000000c   Data   RO         2836    .constdata          arcade28.o
    0x00019b20   0x00019b20   0x00000064   Data   RO         2837    .constdata          arcade28.o
    0x00019b84   0x00019b84   0x0000000c   Data   RO         2838    .constdata          arcade28.o
    0x00019b90   0x00019b90   0x00000064   Data   RO         2839    .constdata          arcade28.o
    0x00019bf4   0x00019bf4   0x0000000c   Data   RO         2840    .constdata          arcade28.o
    0x00019c00   0x00019c00   0x00000064   Data   RO         2841    .constdata          arcade28.o
    0x00019c64   0x00019c64   0x0000000c   Data   RO         2842    .constdata          arcade28.o
    0x00019c70   0x00019c70   0x00000064   Data   RO         2843    .constdata          arcade28.o
    0x00019cd4   0x00019cd4   0x0000000c   Data   RO         2844    .constdata          arcade28.o
    0x00019ce0   0x00019ce0   0x00000064   Data   RO         2845    .constdata          arcade28.o
    0x00019d44   0x00019d44   0x0000000c   Data   RO         2846    .constdata          arcade28.o
    0x00019d50   0x00019d50   0x00000064   Data   RO         2847    .constdata          arcade28.o
    0x00019db4   0x00019db4   0x0000000c   Data   RO         2848    .constdata          arcade28.o
    0x00019dc0   0x00019dc0   0x00000064   Data   RO         2849    .constdata          arcade28.o
    0x00019e24   0x00019e24   0x0000000c   Data   RO         2850    .constdata          arcade28.o
    0x00019e30   0x00019e30   0x00000064   Data   RO         2851    .constdata          arcade28.o
    0x00019e94   0x00019e94   0x0000000c   Data   RO         2852    .constdata          arcade28.o
    0x00019ea0   0x00019ea0   0x00000064   Data   RO         2853    .constdata          arcade28.o
    0x00019f04   0x00019f04   0x0000000c   Data   RO         2854    .constdata          arcade28.o
    0x00019f10   0x00019f10   0x000002f0   Data   RO         2855    .constdata          arcade28.o
    0x0001a200   0x0001a200   0x00000008   Data   RO         2856    .constdata          arcade28.o
    0x0001a208   0x0001a208   0x00000020   Data   RO         5232    .constdata          timer.o
    0x0001a228   0x0001a228   0x00000030   Data   RO         5468    .constdata          uart.o
    0x0001a258   0x0001a258   0x00000028   Data   RO         5903    .constdata          c_w.l(_printf_hex_int.o)
    0x0001a280   0x0001a280   0x00000011   Data   RO         5938    .constdata          c_w.l(__printf_flags_ss_wp.o)
    0x0001a291   0x0001a291   0x00000003   PAD
    0x0001a294   0x0001a294   0x00000094   Data   RO         6134    .constdata          c_w.l(bigflt0.o)
    0x0001a328   0x0001a328   0x00000076   Data   RO          598    .conststring        crsf.o
    0x0001a39e   0x0001a39e   0x00000002   PAD
    0x0001a3a0   0x0001a3a0   0x0000009c   Data   RO         1356    .conststring        gui.o
    0x0001a43c   0x0001a43c   0x00000060   Data   RO         1502    .conststring        inputs.o
    0x0001a49c   0x0001a49c   0x00000020   Data   RO         6263    Region$$Table       anon$$obj.o
    0x0001a4bc   0x0001a4bc   0x0000001c   Data   RO         6158    locale$$data        c_w.l(lc_numeric_c.o)


    Execution Region RW_IRAM1 (Exec base: 0x20000000, Load base: 0x0001a4d8, Size: 0x0000eee0, Max: 0x00028000, ABSOLUTE, COMPRESSED[0x0000018c])

    Exec Addr    Load Addr    Size         Type   Attr      Idx    E Section Name        Object

    0x20000000   COMPRESSED   0x00000004   Data   RW           17    .data               main.o
    0x20000004   COMPRESSED   0x00000144   Data   RW          601    .data               crsf.o
    0x20000148   COMPRESSED   0x00000004   Data   RW          810    .data               delay.o
    0x2000014c   COMPRESSED   0x00000004   Data   RW         1020    .data               ff.o
    0x20000150   COMPRESSED   0x00000040   Data   RW         1357    .data               gui.o
    0x20000190   COMPRESSED   0x00000064   Data   RW         1503    .data               inputs.o
    0x200001f4   COMPRESSED   0x00000018   Data   RW         1620    .data               memory_lcd.o
    0x2000020c   COMPRESSED   0x00000008   Data   RW         1928    .data               sdh_control.o
    0x20000214   COMPRESSED   0x00000010   Data   RW         2000    .data               sound.o
    0x20000224   COMPRESSED   0x00000004   Data   RW         3121    .data               clk.o
    0x20000228   COMPRESSED   0x00000004   Data   RW         3334    .data               eadc.o
    0x2000022c   COMPRESSED   0x00000004   Data   RW         3944    .data               fmc.o
    0x20000230   COMPRESSED   0x00000010   Data   RW         5018    .data               sdh.o
    0x20000240   COMPRESSED   0x00000004   Data   RW         5705    .data               retarget.o
    0x20000244   COMPRESSED   0x0000002c   Data   RW         5786    .data               system_m480.o
    0x20000270        -       0x00003dab   Zero   RW          595    .bss                crsf.o
    0x2000401b   COMPRESSED   0x00000001   PAD
    0x2000401c        -       0x00000200   Zero   RW          859    .bss                diskio.o
    0x2000421c        -       0x0000004e   Zero   RW          916    .bss                eeprom.o
    0x2000426a        -       0x00000020   Zero   RW          917    .bss                eeprom.o
    0x2000428a   COMPRESSED   0x00000002   PAD
    0x2000428c        -       0x00000056   Zero   RW         1018    .bss                ff.o
    0x200042e2   COMPRESSED   0x00000002   PAD
    0x200042e4        -       0x000002c0   Zero   RW         1501    .bss                inputs.o
    0x200045a4        -       0x00005dc0   Zero   RW         1619    .bss                memory_lcd.o
    0x2000a364        -       0x0000008c   Zero   RW         1806    .bss                ring_buffer.o
    0x2000a3f0        -       0x00000390   Zero   RW         1876    .bss                sdcard.o
    0x2000a780        -       0x00000764   Zero   RW         1927    .bss                sdh_control.o
    0x2000aee4        -       0x00003254   Zero   RW         1999    .bss                sound.o
    0x2000e138        -       0x00000010   Zero   RW         4521    .bss                pdma.o
    0x2000e148        -       0x00000438   Zero   RW         5017    .bss                sdh.o
    0x2000e580        -       0x00000060   Zero   RW         6095    .bss                c_w.l(libspace.o)
    0x2000e5e0        -       0x00000100   Zero   RW         5775    HEAP                startup_m480.o
    0x2000e6e0        -       0x00000800   Zero   RW         5774    STACK               startup_m480.o


==============================================================================

Image component sizes


      Code (inc. data)   RO Data    RW Data    ZI Data      Debug   Object Name

         0          0       6432          0          0       8123   abeatbykai24.o
         0          0         66          0          0        582   antenna.o
         0          0       8376          0          0       5475   arcade28.o
         0          0         24          0          0        582   arrow_d.o
         0          0         23          0          0        582   arrow_l.o
         0          0         23          0          0        582   arrow_r.o
         0          0        102          0          0        611   battery_chrg.o
       122          0          0          0          0       2435   bfcfontmgr.o
      1164         84          0          4          0      10394   clk.o
       170          0          0          0          0       3228   common.o
         0          0       6278          0          0       8010   consolas24b.o
         0          0       4778          0          0       7888   consolas24h.o
      3510        266        410        324      15787      63754   crsf.o
        88         22          0          4          0       2579   delay.o
       488         64          0          0        512       4050   diskio.o
        96         16          0          4          0       1938   eadc.o
       348         72          0          0        110       4741   eeprom.o
      4212         78        141          4         86      44852   ff.o
       244         30        942          0          0       2900   ffunicode.o
       624         86          0          4          0       6016   fmc.o
        88          0          0          0          0       1701   gpio.o
      7770        954        162         64          0      17732   gui.o
      1800        410         96        100        704       9389   inputs.o
      1686        228          6          4          0     262382   main.o
         0          0      12012          0          0        606   main_screen.o
      1332         56          0         24      24000      17859   memory_lcd.o
         0          0       1484          0          0        597   multirotor.o
       410         30          0          0         16       3560   pdma.o
        42          0          0          0          0       1942   qei.o
         0          0       5012          0          0        577   qr-code.o
       290        130          0          4          0       5707   retarget.o
       142         20          0          0        140       3773   ring_buffer.o
       652        278          0          0        912       3214   sdcard.o
      3798        216          0         16       1080     102122   sdh.o
       688        342          0          8       1892       4407   sdh_control.o
       160         22          0         16      12884       2110   sound.o
       542         18          0          0          0       2449   spi.o
         0          0      12012          0          0        612   splash_screen.o
       132         38        500          0       2304        928   startup_m480.o
        28          4          0          0          0        586   sys.o
       192         20          0         44          0       1907   system_m480.o
       186         18         32          0          0       2637   timer.o
       410         42         48          0          0       2910   uart.o
         0          0         88          0          0        587   usb_logo.o
         0          0         69          0          0        588   user_logo.o
         0          0       2028          0          0        588   value_box.o
         0          0       5562          0          0        621   warning_screen.o

    ----------------------------------------------------------------------
     31464       3544      66948        624      60432     631413   Object Totals
         0          0         32          0          0          0   (incl. Generated)
        50          0        210          0          5          0   (incl. Padding)

    ----------------------------------------------------------------------

      Code (inc. data)   RO Data    RW Data    ZI Data      Debug   Library Member Name

        90          0          0          0          0          0   __dczerorl2.o
         8          0          0          0          0         68   __main.o
       392          4         17          0          0         92   __printf_flags_ss_wp.o
        14          0          0          0          0         68   __printf_wp.o
         0          0          0          0          0          0   __rtentry.o
        12          0          0          0          0          0   __rtentry2.o
         6          0          0          0          0          0   __rtentry4.o
        52          8          0          0          0          0   __scatter.o
        28          0          0          0          0          0   __scatter_zi.o
         6          0          0          0          0          0   _printf_c.o
        44          0          0          0          0        108   _printf_char.o
        48          6          0          0          0         96   _printf_char_common.o
        36          4          0          0          0         80   _printf_char_file.o
         6          0          0          0          0          0   _printf_d.o
       120         16          0          0          0         92   _printf_dec.o
         6          0          0          0          0          0   _printf_f.o
      1054          0          0          0          0        216   _printf_fp_dec.o
       128         16          0          0          0         84   _printf_fp_infnan.o
        88          4         40          0          0         88   _printf_hex_int.o
       178          0          0          0          0         88   _printf_intcommon.o
        78          0          0          0          0        108   _printf_pad.o
         0          0          0          0          0          0   _printf_percent.o
         4          0          0          0          0          0   _printf_percent_end.o
         6          0          0          0          0          0   _printf_s.o
        82          0          0          0          0         80   _printf_str.o
         6          0          0          0          0          0   _printf_u.o
         6          0          0          0          0          0   _printf_x.o
        10          0          0          0          0         68   _sputc.o
        16          0          0          0          0         68   aeabi_memset.o
       228          4        148          0          0         96   bigflt0.o
      1936        128          0          0          0        672   btod.o
        10          0          0          0          0         68   defsig_exit.o
        50          0          0          0          0         88   defsig_general.o
        80         58          0          0          0         76   defsig_rtmem_inner.o
        14          0          0          0          0         80   defsig_rtmem_outer.o
        18          0          0          0          0         80   exit.o
        94          0          0          0          0         80   h1_alloc.o
        52          0          0          0          0         68   h1_extend.o
        78          0          0          0          0         80   h1_free.o
        14          0          0          0          0         84   h1_init.o
         6          0          0          0          0        152   heapauxi.o
         4          0          0          0          0        136   hguard.o
         0          0          0          0          0          0   indicate_semi.o
       138          0          0          0          0        168   init_alloc.o
        44         10         28          0          0         76   lc_numeric_c.o
         2          0          0          0          0          0   libinit.o
        30          0          0          0          0          0   libinit2.o
         2          0          0          0          0          0   libshutdown.o
         2          0          0          0          0          0   libshutdown2.o
         8          4          0          0         96         68   libspace.o
       138          0          0          0          0         80   lludiv10.o
         0          0          0          0          0          0   maybetermalloc1.o
        88          0          0          0          0         76   memcmp.o
        24          4          0          0          0         84   noretval__2printf.o
        40          6          0          0          0         84   noretval__2sprintf.o
         8          4          0          0          0         68   rt_heap_descriptor_intlibspace.o
         8          4          0          0          0         68   rt_locale_intlibspace.o
        68          0          0          0          0         68   rt_memclr.o
        78          0          0          0          0         80   rt_memclr_w.o
       138          0          0          0          0         68   rt_memcpy_v6.o
       100          0          0          0          0         80   rt_memcpy_w.o
         2          0          0          0          0          0   rtexit.o
        10          0          0          0          0          0   rtexit2.o
       128          0          0          0          0         68   strcmpv7m.o
       142          0          0          0          0         84   strlcpy.o
        62          0          0          0          0         76   strlen.o
       150          0          0          0          0         80   strncmp.o
        86          0          0          0          0         76   strncpy.o
        12          4          0          0          0         68   sys_exit.o
        74          0          0          0          0         80   sys_stackheap_outer.o
         2          0          0          0          0         68   use_no_semi.o
       804         16          0          0          0        368   daddsub_clz.o
       688        140          0          0          0        256   ddiv.o
        94          4          0          0          0        140   dfix.o
       340         12          0          0          0        152   dmul.o
       156          4          0          0          0        140   dnaninf.o
        12          0          0          0          0        116   dretinf.o
        86          4          0          0          0        132   f2d.o
       140          4          0          0          0        132   fnaninf.o
        10          0          0          0          0        116   fpinit.o
         4          0          0          0          0        116   printf1.o
         0          0          0          0          0          0   usenofp.o
        48          0          0          0          0        124   fpclassify.o

    ----------------------------------------------------------------------
      9088        468        236          0         96       6624   Library Totals
        14          0          3          0          0          0   (incl. Padding)

    ----------------------------------------------------------------------

      Code (inc. data)   RO Data    RW Data    ZI Data      Debug   Library Name

      6692        284        233          0         96       4832   c_w.l
      2334        184          0          0          0       1668   fz_wm.l
        48          0          0          0          0        124   m_wm.l

    ----------------------------------------------------------------------
      9088        468        236          0         96       6624   Library Totals

    ----------------------------------------------------------------------

==============================================================================


      Code (inc. data)   RO Data    RW Data    ZI Data      Debug   

     40552       4012      67184        624      60528     612329   Grand Totals
     40552       4012      67184        396      60528     612329   ELF Image Totals (compressed)
     40552       4012      67184        396          0          0   ROM Totals

==============================================================================

    Total RO  Size (Code + RO Data)               107736 ( 105.21kB)
    Total RW  Size (RW Data + ZI Data)             61152 (  59.72kB)
    Total ROM Size (Code + RO Data + RW Data)     108132 ( 105.60kB)

==============================================================================

